# PUBLIC PRIVACY PROJECTION; original SHA256 2ffdbf6e1c6cbcd6d81be810626f7ed64c12c7cdeaeac28dd13e0433a0971e4d; local raw original retained.
CACHE_REACHABLE graphParents=1 actualLinks=2 source=55eefdf582537830c28f1a17d02c9b476ac3a820cc2eb0211ffb57d163f71c89
CACHE_NEGATIVE missing exit=254 ✓ Lockfile passes supply-chain policies (verified 11h ago)
[ENOENT] ENOENT: no such file or directory, open '<local-temp>/zhenkun-cache-negative-M2cgqR/scripts/patches/http-cache-semantics@4.2.0.patch'

pnpm: ENOENT: no such file or directory, open '<local-temp>/zhenkun-cache-negative-M2cgqR/scripts/patches/http-cache-semantics@4.2.0.patch'
    at async open (node:internal/fs/promises:1345:25)
    at async Object.readFile (node:internal/fs/promises:1996:14)
    at async readNormalizedFile (file://<local-home>/.cache/node/corepack/v1/pnpm/11.22.0/dist/pnpm.mjs:99206:19)
    at async createHexHashFromFile (file://<local-home>/.cache/node/corepack/v1/pnpm/11.22.0/dist/pnpm.mjs:99203:24)
    at async file://<local-home>/.cache/node/corepack/v1/pnpm/11.22.0/dist/pnpm.mjs:208269:20
    at async Promise.all (index 0)
    at async pMapValues (file://<local-home>/.cache/node/corepack/v1/pnpm/11.22.0/dist/pnpm.mjs:208268:3)
    at async _install (file://<local-home>/.cache/node/corepack/v1/pnpm/11.22.0/dist/pnpm.mjs:212483:126)
CACHE_NEGATIVE corrupt exit=1 ✓ Lockfile passes supply-chain policies (verified 11h ago)
[ERR_PNPM_LOCKFILE_CONFIG_MISMATCH] Cannot proceed with the frozen installation. The current "patchedDependencies" configuration doesn't match the value found in the lockfile

Update your lockfile using "pnpm install --no-frozen-lockfile"
CACHE_PARENT Astro build owns an additional stale-file fallback outside this package patch; source-confirmed, not a covered mitigation.
CACHE_BASELINE expected assertion failure: 93748 cookie max-stale
CACHE_BASELINE expected assertion failure: 93748 no-cache direct SWR
CACHE_BASELINE expected assertion failure: 93750 wildcard OWS
CACHE_BASELINE expected assertion failure: 93750 own/inherited
✔ A01 shared cookie restrictions cover five reuse APIs (2.287917ms)
✔ A02 incoming max-stale cannot unlock shared cookies (0.358709ms)
✔ A03 no-cache and qualified no-cache cover five APIs (0.240584ms)
✔ A04 shared proxy-revalidate and private control (0.363084ms)
✔ A05 all unstoreable policies deny stale reuse (0.326042ms)
✔ A06 must-revalidate preserves fresh helpers and conservative evaluate (0.153875ms)
✔ A07 shared s-maxage fresh boundary stale and zero cross error matrix (0.529667ms)
✔ A08 shared false does not acquire proxy or s-maxage restriction (0.338208ms)
✔ A09 public immutable and private cookie exceptions remain usable (0.592541ms)
✔ A10 ordinary expiry max-stale keeps strict window boundary (0.204125ms)
✔ A11 ordinary zero freshness is not a security restriction (0.181084ms)
✔ A12 ordinary fresh no extensions remains a cache hit (0.066042ms)
✔ A13 SWR inside boundary outside retains async contract (0.140417ms)
✔ A14 SIE strict boundary all errors and non-error controls (0.168417ms)
✔ A15 SIE requires URL host method and Vary matching (0.210958ms)
✔ A16 incoming no-cache and pragma deny error fallback (0.090917ms)
✔ A17 cross method error fallback denied normal HEAD validators preserved (0.11875ms)
✔ A18 max-age versus shared s-maxage preserves fresh fallback (0.490625ms)
✔ B01 wildcard and list wildcard forbid all reuse (0.527167ms)
✔ B02 field case OWS duplicates empty items preserve values (0.124042ms)
✔ B03 absent empty and empty lists introduce no variant (0.070208ms)
✔ B04 own presence and value comparisons (0.1075ms)
✔ B05 prototype tokens and null-prototype maps use own values (0.238292ms)
✔ B06 own versus inherited same value is a mismatch both ways (0.065167ms)
✔ B07 two inherited-only fields are both absent (0.048291ms)
✔ B08 raw ASCII validation precedes lowercase and survives roundtrip (2.543125ms)
✔ B09 variant mismatch cannot be rescued by stale extensions (0.07275ms)
✔ B10 wildcard validators are not attached to incoming requests (0.036ms)
✔ C01 version one serialization preserves every safety restriction (0.88875ms)
✔ C02 trusted hand-authored historical v1 fixtures are restricted (0.1495ms)
✔ C03 modes cookie opt-ins and own special fields survive JSON (0.290209ms)
✔ C04 valid ETag Last-Modified 304 and 200 keep public result shape (0.166209ms)
✔ C05 first 304 cache-control restrictions are retained (0.193166ms)
✔ C06 first 304 wildcard and cookie restrictions are retained (0.249834ms)
✔ C07 first pragma no-cache retained existing cache-control precedence (0.104292ms)
✔ C08 valid 304 can replace no-cache with public fresh policy (0.057667ms)
✔ C09 non-target 304 validation and header merging stay baseline-compatible (0.265417ms)
✔ C10 accessors preserve API types and do not authorize cookie reuse (0.038291ms)
✔ C11 ordinary request cache-control pragma and method branches stay compatible (0.065583ms)
✔ C12 independent clocks constructors returned policies and TTL rounding (0.102084ms)
✔ D01 official source patch registration integrity and license (13.56425ms)
✔ D02 all current graph and actual links resolve the approved candidate (247.848458ms)
✔ D03 missing and corrupt patches fail the normal frozen offline installer (501.04575ms)
✔ D04 actual Astro remote helpers use bounded synthetic fetch and real policy TTL (13.807958ms)
✔ official baseline counterexamples reproduce bounded failures (0.994ms)
✔ security: valid empty audits and no known affected versions pass (3.299333ms)
✔ security: known37 ledger includes verified aliases and preserves CVE93750 source disagreement (0.627917ms)
✔ security: every raw info finding blocks without a severity downgrade (0.576959ms)
✔ security: every raw low finding blocks without a severity downgrade (0.425792ms)
✔ security: every raw moderate finding blocks without a severity downgrade (0.323708ms)
✔ security: every raw high finding blocks without a severity downgrade (0.315334ms)
✔ security: every raw critical finding blocks without a severity downgrade (0.462125ms)
✔ security: GHSA and CVE duplicates retain each raw version/path and highest severity (0.392375ms)
✔ security: full audit cannot silently lose a prod finding (0.297334ms)
✔ security: one affected version still fails when another is repaired (0.282958ms)
✔ security: official-only cache CVE and sharp still fail an empty registry report (0.274459ms)
✔ security: commas in official ranges and prereleases cannot hide affected versions (0.362125ms)
✔ security: a narrower row cannot override the retained publisher affected range (0.265333ms)
✔ security: unknown extra advisory fails closed even with low severity (0.258292ms)
✔ security: a new unverified alias of a known advisory requires review (0.24975ms)
✔ security: unknown GHSA/CVE overlap is deduplicated but never accepted (0.286292ms)
✔ security: contradictory package identities and new withdrawal cannot pass (0.717209ms)
✔ security: stale findings absent from the current graph are blocked (0.242166ms)
✔ security parser: HTML is BLOCKED (0.253667ms)
✔ security parser: broken JSON is BLOCKED (0.223042ms)
✔ security parser: empty stdout is BLOCKED (0.219375ms)
✔ security parser: zero-exit error object is BLOCKED (0.23075ms)
✔ security parser: missing metadata is BLOCKED (0.2505ms)
✔ security parser: missing severity count is BLOCKED (0.266708ms)
✔ security parser: nonzero count without records is BLOCKED (0.324083ms)
✔ security parser: unknown severity count is BLOCKED (0.274125ms)
✔ security parser: missing dependency count is BLOCKED (0.235083ms)
✔ security parser: empty dependency graph is BLOCKED (0.228458ms)
✔ security parser: network exit is BLOCKED (0.854458ms)
✔ security parser: timeout with valid partial stdout is BLOCKED (0.596833ms)
✔ security parser: signal with valid stdout is BLOCKED (0.554042ms)
✔ security parser: nonzero empty report is BLOCKED (0.395958ms)
✔ security parser: alert exit zero and incomplete findings are invalid (0.329334ms)
✔ security policy: expiry is exact, unreviewed severity changes and invalid ranges fail closed (0.457833ms)
✔ security policy: ignore/waiver keys and missing ledger entries are not supported (0.272625ms)
✔ security: installed approved patch integrity does not grant a cache exception (12.372791ms)
✔ security patch integrity: missing is BLOCKED (8.283209ms)
✔ security patch integrity: tampered is BLOCKED (7.483375ms)
✔ security patch integrity: registration is BLOCKED (6.601833ms)
✔ security patch integrity: installed hash is BLOCKED (7.125334ms)
✔ security collector: exactly prod/full once, lossless raw output and bounded command arguments (2.075042ms)
✔ security collector: first transport failure still attempts full and saves both failures (1.241167ms)
✔ security orchestration: retained current audit is FAIL, artifacts written without any live process (6.891542ms)
✔ security orchestration: source mutation and dirty/mismatched HEAD block (6.259667ms)
✔ security orchestration: missing project inputs still preserve both raw attempts and BLOCKED verdict (1.153333ms)
✔ security snapshot binds actual checkout and exact source/lock bytes (229.559667ms)
✔ security orchestration: expected CI checkout SHA must match (6.2535ms)
✔ security CLI refuses an invocation without explicit live collection selection (33.357208ms)
✔ security bytes: review bytes retained exactly and rejected before JSON interpretation (51.86925ms)
✔ security bytes: illegal byte inside otherwise parseable JSON retained exactly and rejected before JSON interpretation (49.460333ms)
✔ security bytes: truncated multibyte sequences retained exactly and rejected before JSON interpretation (48.934708ms)
✔ security bytes: stderr-only malformed byte retained exactly and rejected before JSON interpretation (47.806417ms)
✔ security bytes: valid multibyte UTF-8 and literal replacement character remain accepted (47.4315ms)
✔ security bytes: invalid prod still collects and parses valid full independently (47.293875ms)
✔ security workflow: independent quality/peer/security jobs, immutable action and fail-closed upload (1.140583ms)
ℹ tests 100
ℹ suites 0
ℹ pass 100
ℹ fail 0
ℹ cancelled 0
ℹ skipped 0
ℹ todo 0
ℹ duration_ms 836.221542
