✔ security: valid empty audits and no known affected versions pass (3.795667ms)
✔ security: known37 ledger includes verified aliases and preserves CVE93750 source disagreement (0.284375ms)
✔ security: every raw info finding blocks without a severity downgrade (0.490417ms)
✔ security: every raw low finding blocks without a severity downgrade (0.393291ms)
✔ security: every raw moderate finding blocks without a severity downgrade (0.616666ms)
✔ security: every raw high finding blocks without a severity downgrade (0.320208ms)
✔ security: every raw critical finding blocks without a severity downgrade (0.254542ms)
✔ security: GHSA and CVE duplicates retain each raw version/path and highest severity (0.335084ms)
✔ security: full audit cannot silently lose a prod finding (0.28325ms)
✔ security: one affected version still fails when another is repaired (0.285959ms)
✔ security: official-only cache CVE and sharp still fail an empty registry report (0.288083ms)
✔ security: commas in official ranges and prereleases cannot hide affected versions (0.319458ms)
✔ security: a narrower row cannot override the retained publisher affected range (0.283417ms)
✔ security: unknown extra advisory fails closed even with low severity (0.2645ms)
✔ security: a new unverified alias of a known advisory requires review (0.262125ms)
✔ security: unknown GHSA/CVE overlap is deduplicated but never accepted (0.494458ms)
✔ security: contradictory package identities and new withdrawal cannot pass (0.500291ms)
✔ security: stale findings absent from the current graph are blocked (0.218042ms)
✔ security parser: HTML is BLOCKED (0.239666ms)
✔ security parser: broken JSON is BLOCKED (0.208834ms)
✔ security parser: empty stdout is BLOCKED (0.23325ms)
✔ security parser: zero-exit error object is BLOCKED (0.224417ms)
✔ security parser: missing metadata is BLOCKED (0.245416ms)
✔ security parser: missing severity count is BLOCKED (0.258625ms)
✔ security parser: nonzero count without records is BLOCKED (0.264584ms)
✔ security parser: unknown severity count is BLOCKED (0.216542ms)
✔ security parser: missing dependency count is BLOCKED (0.400333ms)
✔ security parser: empty dependency graph is BLOCKED (0.245291ms)
✔ security parser: network exit is BLOCKED (0.232875ms)
✔ security parser: timeout with valid partial stdout is BLOCKED (0.18625ms)
✔ security parser: signal with valid stdout is BLOCKED (0.195208ms)
✔ security parser: nonzero empty report is BLOCKED (0.192ms)
✔ security parser: alert exit zero and incomplete findings are invalid (0.261167ms)
✔ security policy: expiry is exact, unreviewed severity changes and invalid ranges fail closed (0.393459ms)
✔ security policy: ignore/waiver keys and missing ledger entries are not supported (0.263125ms)
✔ security: installed approved patch integrity does not grant a cache exception (12.218416ms)
✔ security patch integrity: missing is BLOCKED (8.99175ms)
✔ security patch integrity: tampered is BLOCKED (7.358625ms)
✔ security patch integrity: registration is BLOCKED (7.127833ms)
✔ security patch integrity: installed hash is BLOCKED (7.59625ms)
✔ security collector: exactly prod/full once, lossless raw output and bounded command arguments (3.876458ms)
✔ security collector: first transport failure still attempts full and saves both failures (1.335833ms)
✔ security orchestration: retained current audit is FAIL, artifacts written without any live process (7.591875ms)
✔ security orchestration: source mutation and dirty/mismatched HEAD block (6.402792ms)
✔ security orchestration: missing project inputs still preserve both raw attempts and BLOCKED verdict (1.174917ms)
✔ security snapshot binds actual checkout and exact source/lock bytes (18.790542ms)
✔ security orchestration: expected CI checkout SHA must match (7.030708ms)
✔ security CLI refuses an invocation without explicit live collection selection (26.262542ms)
✔ security bytes: review bytes retained exactly and rejected before JSON interpretation (46.426583ms)
✔ security bytes: illegal byte inside otherwise parseable JSON retained exactly and rejected before JSON interpretation (43.594834ms)
✔ security bytes: truncated multibyte sequences retained exactly and rejected before JSON interpretation (42.874708ms)
✔ security bytes: stderr-only malformed byte retained exactly and rejected before JSON interpretation (46.61875ms)
✔ security bytes: valid multibyte UTF-8 and literal replacement character remain accepted (45.417875ms)
✔ security bytes: invalid prod still collects and parses valid full independently (45.503292ms)
✔ security workflow: independent quality/peer/security jobs, immutable action and fail-closed upload (1.564958ms)
✔ repair classification: raw high, both observations, version matches and publisher CVE remain visible (0.552792ms)
✔ repair classification: missing evidence cannot close findings (0.295125ms)
✔ repair classification: UNVERIFIED evidence cannot close findings (0.256375ms)
✔ repair classification: NOT_RUN evidence cannot close findings (0.214416ms)
✔ repair classification: HASH_ONLY evidence cannot close findings (0.229125ms)
✔ repair classification: changed audit title fails closed (0.280125ms)
✔ repair classification: changed audit url fails closed (0.257916ms)
✔ repair classification: changed audit severity fails closed (0.21375ms)
✔ repair classification: changed audit vulnerable_versions fails closed (0.258875ms)
✔ repair classification: changed audit patched_versions fails closed (0.240333ms)
✔ repair classification: changed audit path fails closed (0.238583ms)
✔ repair classification: changed audit alias fails closed (0.240083ms)
✔ repair classification: unknown advisory remains blocked alongside exact repaired finding (0.262459ms)
✔ repair classification: extra affected installed version cannot be covered (0.527583ms)
✔ repair classification: clean audit cannot conceal required version observations (0.264958ms)
✔ repair classification: expiration still blocks with synthetic positive proof (0.178ms)
✔ repair classification: other known affected packages remain unresolved (0.271833ms)
✔ repair inspection: actual graph paths and installed source agree (678.59375ms)
✔ repair inspection: environment CF_WORKERS invalidates deployment proof (0.1825ms)
✔ repair inspection: environment NODE_OPTIONS invalidates deployment proof (0.069541ms)
✔ repair inspection: environment ZHENKUN_CACHE_POLICY_BASELINE invalidates deployment proof (0.061958ms)
✔ repair inspection: environment ZHENKUN_ASTRO_CACHE_BASELINE invalidates deployment proof (0.056042ms)
✔ repair inspection: ledger and expected installed hashes cannot silently change (0.243166ms)
✔ repair inspection: actual owned application mutation fails closed (296.458208ms)
✔ repair inspection: actual owned test mutation fails closed (291.511833ms)
✔ repair inspection: actual owned parents mutation fails closed (308.262791ms)
✔ repair inspection: actual owned installed lock mutation fails closed (713.505166ms)
✔ repair inspection: actual owned extra installed cache mutation fails closed (314.682584ms)
✔ repair primary records: pinned exact source records validate (0.947083ms)
✔ repair primary records: missing or changed ghsa fails closed (0.352792ms)
✔ repair primary records: missing or changed cve fails closed (0.238709ms)
✔ repair primary records: missing or changed latest fails closed (0.175084ms)
✔ repair primary records: withdrawal and CVE rejection invalidate evidence (0.152334ms)
✔ repair primary records: EPSS/comment counters do not change advisory scope (0.147583ms)
✔ repair primary records: reviewed upstream 4.3.0 is separate from installed patched 4.2.0 (0.1925ms)
✔ repair primary records: missing or expired upstream review cannot pass (0.174291ms)
✔ P2 nested Astro original generator fails even when root and cache endpoints are patched (322.580584ms)
✔ P2 nested Astro patched positive control inventories both real instances (350.190583ms)
✔ P2 nested Astro changed version is rejected even with matching source files (347.975167ms)
ℹ tests 94
ℹ suites 0
ℹ pass 94
ℹ fail 0
ℹ cancelled 0
ℹ skipped 0
ℹ todo 0
ℹ duration_ms 4110.172375
