# PUBLIC PRIVACY PROJECTION; original SHA256 45ecceea8a430267fc0c2892e6f3b93708877306aae4e63b820cb66a9537d7b5; local raw original retained.
✔ generator restriction 0: ignores fresh old metadata, transforms current bytes, leaves no reusable remote writes (23.949333ms)
✔ generator restriction 1: ignores fresh old metadata, transforms current bytes, leaves no reusable remote writes (2.490209ms)
✔ generator restriction 2: ignores fresh old metadata, transforms current bytes, leaves no reusable remote writes (1.729959ms)
✔ generator restriction 3: ignores fresh old metadata, transforms current bytes, leaves no reusable remote writes (2.368041ms)
✔ generator restriction 4: ignores fresh old metadata, transforms current bytes, leaves no reusable remote writes (1.72775ms)
✔ generator restriction 5: ignores fresh old metadata, transforms current bytes, leaves no reusable remote writes (2.056458ms)
✔ generator restriction 6: ignores fresh old metadata, transforms current bytes, leaves no reusable remote writes (1.388625ms)
✔ generator failure network: stale validators cannot publish old bytes (0.942875ms)
✔ generator failure 304: stale validators cannot publish old bytes (0.671834ms)
✔ generator failure 404: stale validators cannot publish old bytes (2.234667ms)
✔ generator failure 500: stale validators cannot publish old bytes (0.840875ms)
✔ generator failure 503: stale validators cannot publish old bytes (0.528125ms)
✔ generator successful remote miss does not create persistent cache (0.986958ms)
✔ generator local image cache positive control remains usable offline (0.923708ms)
✔ generator local first transform writes reusable local cache (1.418084ms)
✔ generator same remote source multi-size transforms fetch once within invocation (1.1625ms)
✔ generator deliberately refetches valid public unexpired cache (0.908542ms)
CACHE_REACHABLE graphParents=1 actualLinks=3 source=55eefdf582537830c28f1a17d02c9b476ac3a820cc2eb0211ffb57d163f71c89
CACHE_NEGATIVE http-cache-semantics@4.2.0 missing exit=254 ✓ Lockfile passes supply-chain policies (verified 20m ago)
[ENOENT] ENOENT: no such file or directory, open '<local-temp>/zhenkun-cache-negative-C8nbG0/scripts/patches/http-cache-semantics@4.2.0.patch'

pnpm: ENOENT: no such file or directory, open '<local-temp>/zhenkun-cache-negative-C8nbG0/scripts/patches/http-cache-semantics@4.2.0.patch'
    at async open (node:internal/fs/promises:1345:25)
    at async Object.readFile (node:internal/fs/promises:1996:14)
    at async readNormalizedFile (file://<local-home>/.cache/node/corepack/v1/pnpm/11.22.0/dist/pnpm.mjs:99206:19)
    at async createHexHashFromFile (file://<local-home>/.cache/node/corepack/v1/pnpm/11.22.0/dist/pnpm.mjs:99203:24)
    at async file://<local-home>/.cache/node/corepack/v1/pnpm/11.22.0/dist/pnpm.mjs:208269:20
    at async Promise.all (index 1)
    at async pMapValues (file://<local-home>/.cache/node/corepack/v1/pnpm/11.22.0/dist/pnpm.mjs:208268:3)
    at async _install (file://<local-home>/.cache/node/corepack/v1/pnpm/11.22.0/dist/pnpm.mjs:212483:126)
CACHE_NEGATIVE http-cache-semantics@4.2.0 corrupt exit=1 ✓ Lockfile passes supply-chain policies (verified 20m ago)
[ERR_PNPM_LOCKFILE_CONFIG_MISMATCH] Cannot proceed with the frozen installation. The current "patchedDependencies" configuration doesn't match the value found in the lockfile

Update your lockfile using "pnpm install --no-frozen-lockfile"
CACHE_NEGATIVE astro@7.2.10 missing exit=254 ✓ Lockfile passes supply-chain policies (verified 20m ago)
[ENOENT] ENOENT: no such file or directory, open '<local-temp>/zhenkun-cache-negative-taXXq3/scripts/patches/astro@7.2.10.patch'

pnpm: ENOENT: no such file or directory, open '<local-temp>/zhenkun-cache-negative-taXXq3/scripts/patches/astro@7.2.10.patch'
    at async open (node:internal/fs/promises:1345:25)
    at async Object.readFile (node:internal/fs/promises:1996:14)
    at async readNormalizedFile (file://<local-home>/.cache/node/corepack/v1/pnpm/11.22.0/dist/pnpm.mjs:99206:19)
    at async createHexHashFromFile (file://<local-home>/.cache/node/corepack/v1/pnpm/11.22.0/dist/pnpm.mjs:99203:24)
    at async file://<local-home>/.cache/node/corepack/v1/pnpm/11.22.0/dist/pnpm.mjs:208269:20
    at async Promise.all (index 0)
    at async pMapValues (file://<local-home>/.cache/node/corepack/v1/pnpm/11.22.0/dist/pnpm.mjs:208268:3)
    at async _install (file://<local-home>/.cache/node/corepack/v1/pnpm/11.22.0/dist/pnpm.mjs:212483:126)
CACHE_NEGATIVE astro@7.2.10 corrupt exit=1 ✓ Lockfile passes supply-chain policies (verified 20m ago)
[ERR_PNPM_LOCKFILE_CONFIG_MISMATCH] Cannot proceed with the frozen installation. The current "patchedDependencies" configuration doesn't match the value found in the lockfile

Update your lockfile using "pnpm install --no-frozen-lockfile"
CACHE_PARENT legacy Astro stale-file branch remains in source; separate actual-generator tests verify the patched local-only cache entry restriction.
CACHE_BASELINE expected assertion failure: 93748 cookie max-stale
CACHE_BASELINE expected assertion failure: 93748 no-cache direct SWR
CACHE_BASELINE expected assertion failure: 93750 wildcard OWS
CACHE_BASELINE expected assertion failure: 93750 own/inherited
✔ A01 shared cookie restrictions cover five reuse APIs (4.855917ms)
✔ A02 incoming max-stale cannot unlock shared cookies (0.388709ms)
✔ A03 no-cache and qualified no-cache cover five APIs (0.234709ms)
✔ A04 shared proxy-revalidate and private control (0.32475ms)
✔ A05 all unstoreable policies deny stale reuse (0.458709ms)
✔ A06 must-revalidate preserves fresh helpers and conservative evaluate (0.1545ms)
✔ A07 shared s-maxage fresh boundary stale and zero cross error matrix (0.680208ms)
✔ A08 shared false does not acquire proxy or s-maxage restriction (0.607292ms)
✔ A09 public immutable and private cookie exceptions remain usable (0.911833ms)
✔ A10 ordinary expiry max-stale keeps strict window boundary (0.303709ms)
✔ A11 ordinary zero freshness is not a security restriction (0.381417ms)
✔ A12 ordinary fresh no extensions remains a cache hit (0.151208ms)
✔ A13 SWR inside boundary outside retains async contract (0.239167ms)
✔ A14 SIE strict boundary all errors and non-error controls (0.222416ms)
✔ A15 SIE requires URL host method and Vary matching (0.29925ms)
✔ A16 incoming no-cache and pragma deny error fallback (0.177833ms)
✔ A17 cross method error fallback denied normal HEAD validators preserved (0.200125ms)
✔ A18 max-age versus shared s-maxage preserves fresh fallback (1.574333ms)
✔ B01 wildcard and list wildcard forbid all reuse (0.848666ms)
✔ B02 field case OWS duplicates empty items preserve values (0.297583ms)
✔ B03 absent empty and empty lists introduce no variant (0.117333ms)
✔ B04 own presence and value comparisons (0.18975ms)
✔ B05 prototype tokens and null-prototype maps use own values (0.331834ms)
✔ B06 own versus inherited same value is a mismatch both ways (0.145084ms)
✔ B07 two inherited-only fields are both absent (0.071458ms)
✔ B08 raw ASCII validation precedes lowercase and survives roundtrip (6.14875ms)
✔ B09 variant mismatch cannot be rescued by stale extensions (0.103875ms)
✔ B10 wildcard validators are not attached to incoming requests (0.103542ms)
✔ C01 version one serialization preserves every safety restriction (1.97475ms)
✔ C02 trusted hand-authored historical v1 fixtures are restricted (0.940792ms)
✔ C03 modes cookie opt-ins and own special fields survive JSON (0.339625ms)
✔ C04 valid ETag Last-Modified 304 and 200 keep public result shape (0.256666ms)
✔ C05 first 304 cache-control restrictions are retained (0.227583ms)
✔ C06 first 304 wildcard and cookie restrictions are retained (0.280791ms)
✔ C07 first pragma no-cache retained existing cache-control precedence (0.126833ms)
✔ C08 valid 304 can replace no-cache with public fresh policy (0.054167ms)
✔ C09 non-target 304 validation and header merging stay baseline-compatible (0.307834ms)
✔ C10 accessors preserve API types and do not authorize cookie reuse (0.057042ms)
✔ C11 ordinary request cache-control pragma and method branches stay compatible (0.077625ms)
✔ C12 independent clocks constructors returned policies and TTL rounding (0.115292ms)
✔ D01 official source patch registration integrity and license (18.405833ms)
✔ D02 all current graph and actual links resolve the approved candidate (375.889042ms)
✔ D03 missing and corrupt patches fail the normal frozen offline installer (1072.284834ms)
✔ D04 actual Astro remote helpers use bounded synthetic fetch and real policy TTL (14.854375ms)
✔ official baseline counterexamples reproduce bounded failures (1.00975ms)
✔ security: valid empty audits and no known affected versions pass (5.68875ms)
✔ security: known37 ledger includes verified aliases and preserves CVE93750 source disagreement (0.353ms)
✔ security: every raw info finding blocks without a severity downgrade (0.989708ms)
✔ security: every raw low finding blocks without a severity downgrade (0.4685ms)
✔ security: every raw moderate finding blocks without a severity downgrade (0.672917ms)
✔ security: every raw high finding blocks without a severity downgrade (0.393583ms)
✔ security: every raw critical finding blocks without a severity downgrade (0.322ms)
✔ security: GHSA and CVE duplicates retain each raw version/path and highest severity (0.420667ms)
✔ security: full audit cannot silently lose a prod finding (0.329334ms)
✔ security: one affected version still fails when another is repaired (0.5745ms)
✔ security: official-only cache CVE and sharp still fail an empty registry report (0.815875ms)
✔ security: commas in official ranges and prereleases cannot hide affected versions (0.443791ms)
✔ security: a narrower row cannot override the retained publisher affected range (0.367375ms)
✔ security: unknown extra advisory fails closed even with low severity (0.347625ms)
✔ security: a new unverified alias of a known advisory requires review (0.32925ms)
✔ security: unknown GHSA/CVE overlap is deduplicated but never accepted (0.753375ms)
✔ security: contradictory package identities and new withdrawal cannot pass (1.258875ms)
✔ security: stale findings absent from the current graph are blocked (0.473667ms)
✔ security parser: HTML is BLOCKED (0.550125ms)
✔ security parser: broken JSON is BLOCKED (0.599583ms)
✔ security parser: empty stdout is BLOCKED (0.334334ms)
✔ security parser: zero-exit error object is BLOCKED (0.301708ms)
✔ security parser: missing metadata is BLOCKED (0.615167ms)
✔ security parser: missing severity count is BLOCKED (0.928125ms)
✔ security parser: nonzero count without records is BLOCKED (0.482459ms)
✔ security parser: unknown severity count is BLOCKED (0.38875ms)
✔ security parser: missing dependency count is BLOCKED (0.892417ms)
✔ security parser: empty dependency graph is BLOCKED (0.423792ms)
✔ security parser: network exit is BLOCKED (0.293917ms)
✔ security parser: timeout with valid partial stdout is BLOCKED (0.526792ms)
✔ security parser: signal with valid stdout is BLOCKED (0.467084ms)
✔ security parser: nonzero empty report is BLOCKED (0.263292ms)
✔ security parser: alert exit zero and incomplete findings are invalid (0.306584ms)
✔ security policy: expiry is exact, unreviewed severity changes and invalid ranges fail closed (0.512584ms)
✔ security policy: ignore/waiver keys and missing ledger entries are not supported (0.292125ms)
✔ security: installed approved patch integrity does not grant a cache exception (13.034916ms)
✔ security patch integrity: missing is BLOCKED (9.046417ms)
✔ security patch integrity: tampered is BLOCKED (8.721958ms)
✔ security patch integrity: registration is BLOCKED (6.882167ms)
✔ security patch integrity: installed hash is BLOCKED (7.778334ms)
✔ security collector: exactly prod/full once, lossless raw output and bounded command arguments (2.202708ms)
✔ security collector: first transport failure still attempts full and saves both failures (1.133458ms)
✔ security orchestration: retained current audit is FAIL, artifacts written without any live process (7.040583ms)
✔ security orchestration: source mutation and dirty/mismatched HEAD block (7.240166ms)
✔ security orchestration: missing project inputs still preserve both raw attempts and BLOCKED verdict (1.29175ms)
✔ security snapshot binds actual checkout and exact source/lock bytes (29.075209ms)
✔ security orchestration: expected CI checkout SHA must match (7.237125ms)
✔ security CLI refuses an invocation without explicit live collection selection (27.577834ms)
✔ security bytes: review bytes retained exactly and rejected before JSON interpretation (48.01375ms)
✔ security bytes: illegal byte inside otherwise parseable JSON retained exactly and rejected before JSON interpretation (46.166625ms)
✔ security bytes: truncated multibyte sequences retained exactly and rejected before JSON interpretation (50.110333ms)
✔ security bytes: stderr-only malformed byte retained exactly and rejected before JSON interpretation (49.059292ms)
✔ security bytes: valid multibyte UTF-8 and literal replacement character remain accepted (47.565959ms)
✔ security bytes: invalid prod still collects and parses valid full independently (48.822542ms)
✔ security workflow: independent quality/peer/security jobs, immutable action and fail-closed upload (1.589583ms)
✔ repair classification: raw high, both observations, version matches and publisher CVE remain visible (0.552625ms)
✔ repair classification: missing evidence cannot close findings (0.346625ms)
✔ repair classification: UNVERIFIED evidence cannot close findings (0.310083ms)
✔ repair classification: NOT_RUN evidence cannot close findings (0.253834ms)
✔ repair classification: HASH_ONLY evidence cannot close findings (0.246ms)
✔ repair classification: changed audit title fails closed (0.30275ms)
✔ repair classification: changed audit url fails closed (0.256083ms)
✔ repair classification: changed audit severity fails closed (0.23425ms)
✔ repair classification: changed audit vulnerable_versions fails closed (0.267417ms)
✔ repair classification: changed audit patched_versions fails closed (0.24475ms)
✔ repair classification: changed audit path fails closed (0.2425ms)
✔ repair classification: changed audit alias fails closed (0.238208ms)
✔ repair classification: unknown advisory remains blocked alongside exact repaired finding (0.599167ms)
✔ repair classification: extra affected installed version cannot be covered (0.3235ms)
✔ repair classification: clean audit cannot conceal required version observations (0.266834ms)
✔ repair classification: expiration still blocks with synthetic positive proof (0.15275ms)
✔ repair classification: other known affected packages remain unresolved (0.260292ms)
✔ repair inspection: actual graph paths and installed source agree (378.818584ms)
✔ repair inspection: environment CF_WORKERS invalidates deployment proof (0.167292ms)
✔ repair inspection: environment NODE_OPTIONS invalidates deployment proof (0.08225ms)
✔ repair inspection: environment ZHENKUN_CACHE_POLICY_BASELINE invalidates deployment proof (0.069875ms)
✔ repair inspection: environment ZHENKUN_ASTRO_CACHE_BASELINE invalidates deployment proof (0.065834ms)
✔ repair inspection: ledger and expected installed hashes cannot silently change (0.299875ms)
✔ repair inspection: actual owned application mutation fails closed (314.213792ms)
✔ repair inspection: actual owned test mutation fails closed (309.658917ms)
✔ repair inspection: actual owned parents mutation fails closed (301.324375ms)
✔ repair inspection: actual owned installed lock mutation fails closed (952.25975ms)
✔ repair inspection: actual owned extra installed cache mutation fails closed (306.911916ms)
✔ repair primary records: pinned exact source records validate (1.773833ms)
✔ repair primary records: missing or changed ghsa fails closed (0.265916ms)
✔ repair primary records: missing or changed cve fails closed (0.20725ms)
✔ repair primary records: missing or changed latest fails closed (0.174542ms)
✔ repair primary records: withdrawal and CVE rejection invalidate evidence (0.154084ms)
✔ repair primary records: EPSS/comment counters do not change advisory scope (0.12375ms)
✔ repair primary records: observed official latest 4.3.0 blocks the reviewed 4.2.0 contract (0.220375ms)
ℹ tests 152
ℹ suites 0
ℹ pass 152
ℹ fail 0
ℹ cancelled 0
ℹ skipped 0
ℹ todo 0
ℹ duration_ms 3119.196833
