✔ security: valid empty audits and no known affected versions pass (3.794208ms)
✔ security: known37 ledger includes verified aliases and preserves CVE93750 source disagreement (0.296375ms)
✔ security: every raw info finding blocks without a severity downgrade (0.502791ms)
✔ security: every raw low finding blocks without a severity downgrade (0.408458ms)
✔ security: every raw moderate finding blocks without a severity downgrade (0.6345ms)
✔ security: every raw high finding blocks without a severity downgrade (0.350625ms)
✔ security: every raw critical finding blocks without a severity downgrade (0.245458ms)
✔ security: GHSA and CVE duplicates retain each raw version/path and highest severity (0.325208ms)
✔ security: full audit cannot silently lose a prod finding (0.269292ms)
✔ security: one affected version still fails when another is repaired (0.295958ms)
✔ security: official-only cache CVE and sharp still fail an empty registry report (0.322584ms)
✔ security: commas in official ranges and prereleases cannot hide affected versions (0.277584ms)
✔ security: a narrower row cannot override the retained publisher affected range (0.261125ms)
✔ security: unknown extra advisory fails closed even with low severity (0.2415ms)
✔ security: a new unverified alias of a known advisory requires review (0.233708ms)
✔ security: unknown GHSA/CVE overlap is deduplicated but never accepted (0.470375ms)
✔ security: contradictory package identities and new withdrawal cannot pass (0.502583ms)
✔ security: stale findings absent from the current graph are blocked (0.224375ms)
✔ security parser: HTML is BLOCKED (0.246917ms)
✔ security parser: broken JSON is BLOCKED (0.204917ms)
✔ security parser: empty stdout is BLOCKED (0.226625ms)
✔ security parser: zero-exit error object is BLOCKED (0.258084ms)
✔ security parser: missing metadata is BLOCKED (0.246833ms)
✔ security parser: missing severity count is BLOCKED (0.255083ms)
✔ security parser: nonzero count without records is BLOCKED (0.265708ms)
✔ security parser: unknown severity count is BLOCKED (0.237833ms)
✔ security parser: missing dependency count is BLOCKED (0.34925ms)
✔ security parser: empty dependency graph is BLOCKED (0.211042ms)
✔ security parser: network exit is BLOCKED (0.195583ms)
✔ security parser: timeout with valid partial stdout is BLOCKED (0.187125ms)
✔ security parser: signal with valid stdout is BLOCKED (0.191333ms)
✔ security parser: nonzero empty report is BLOCKED (0.189875ms)
✔ security parser: alert exit zero and incomplete findings are invalid (0.267833ms)
✔ security policy: expiry is exact, unreviewed severity changes and invalid ranges fail closed (0.368042ms)
✔ security policy: ignore/waiver keys and missing ledger entries are not supported (0.253917ms)
✔ security: installed approved patch integrity does not grant a cache exception (13.109792ms)
✔ security patch integrity: missing is BLOCKED (8.796584ms)
✔ security patch integrity: tampered is BLOCKED (7.014ms)
✔ security patch integrity: registration is BLOCKED (6.91425ms)
✔ security patch integrity: installed hash is BLOCKED (7.327375ms)
✔ security collector: exactly prod/full once, lossless raw output and bounded command arguments (3.42225ms)
✔ security collector: first transport failure still attempts full and saves both failures (1.137625ms)
✔ security orchestration: retained current audit is FAIL, artifacts written without any live process (7.581208ms)
✔ security orchestration: source mutation and dirty/mismatched HEAD block (6.547167ms)
✔ security orchestration: missing project inputs still preserve both raw attempts and BLOCKED verdict (1.130584ms)
✔ security snapshot binds actual checkout and exact source/lock bytes (19.219417ms)
✔ security orchestration: expected CI checkout SHA must match (6.8305ms)
✔ security CLI refuses an invocation without explicit live collection selection (25.363792ms)
✔ security bytes: review bytes retained exactly and rejected before JSON interpretation (44.256709ms)
✔ security bytes: illegal byte inside otherwise parseable JSON retained exactly and rejected before JSON interpretation (46.692959ms)
✔ security bytes: truncated multibyte sequences retained exactly and rejected before JSON interpretation (42.564042ms)
✔ security bytes: stderr-only malformed byte retained exactly and rejected before JSON interpretation (44.352042ms)
✔ security bytes: valid multibyte UTF-8 and literal replacement character remain accepted (45.504792ms)
✔ security bytes: invalid prod still collects and parses valid full independently (45.5025ms)
✔ security workflow: independent quality/peer/security jobs, immutable action and fail-closed upload (1.895292ms)
✔ repair classification: raw high, both observations, version matches and publisher CVE remain visible (1.939ms)
✔ repair classification: missing evidence cannot close findings (0.377708ms)
✔ repair classification: UNVERIFIED evidence cannot close findings (0.265375ms)
✔ repair classification: NOT_RUN evidence cannot close findings (0.237083ms)
✔ repair classification: HASH_ONLY evidence cannot close findings (0.212584ms)
✔ repair classification: changed audit title fails closed (0.263083ms)
✔ repair classification: changed audit url fails closed (0.229167ms)
✔ repair classification: changed audit severity fails closed (0.209375ms)
✔ repair classification: changed audit vulnerable_versions fails closed (0.251916ms)
✔ repair classification: changed audit patched_versions fails closed (0.231333ms)
✔ repair classification: changed audit path fails closed (0.224958ms)
✔ repair classification: changed audit alias fails closed (0.217166ms)
✔ repair classification: unknown advisory remains blocked alongside exact repaired finding (0.25075ms)
✔ repair classification: extra affected installed version cannot be covered (0.225416ms)
✔ repair classification: clean audit cannot conceal required version observations (0.214083ms)
✔ repair classification: expiration still blocks with synthetic positive proof (0.139ms)
✔ repair classification: other known affected packages remain unresolved (0.267334ms)
✔ repair inspection: actual graph paths and installed source agree (447.726792ms)
✔ repair inspection: environment CF_WORKERS invalidates deployment proof (0.175458ms)
✔ repair inspection: environment NODE_OPTIONS invalidates deployment proof (0.076334ms)
✔ repair inspection: environment ZHENKUN_CACHE_POLICY_BASELINE invalidates deployment proof (0.064792ms)
✔ repair inspection: environment ZHENKUN_ASTRO_CACHE_BASELINE invalidates deployment proof (0.059042ms)
✔ repair inspection: ledger and expected installed hashes cannot silently change (0.248625ms)
✔ repair inspection: actual owned application mutation fails closed (298.241042ms)
✔ repair inspection: actual owned test mutation fails closed (295.356125ms)
✔ repair inspection: actual owned parents mutation fails closed (336.661584ms)
✔ repair inspection: actual owned installed lock mutation fails closed (711.360625ms)
✔ repair inspection: actual owned extra installed cache mutation fails closed (328.019583ms)
✔ repair primary records: pinned exact source records validate (0.913584ms)
✔ repair primary records: missing or changed ghsa fails closed (0.327708ms)
✔ repair primary records: missing or changed cve fails closed (0.259458ms)
✔ repair primary records: missing or changed latest fails closed (0.20425ms)
✔ repair primary records: withdrawal and CVE rejection invalidate evidence (0.156417ms)
✔ repair primary records: EPSS/comment counters do not change advisory scope (0.124166ms)
✔ repair primary records: observed official latest 4.3.0 blocks the reviewed 4.2.0 contract (0.227ms)
ℹ tests 90
ℹ suites 0
ℹ pass 90
ℹ fail 0
ℹ cancelled 0
ℹ skipped 0
ℹ todo 0
ℹ duration_ms 2904.359375
