✔ / logical routes retain their identity when the base name collides (0.6945ms)
✔ /Zhenkun-blog-site/ logical routes retain their identity when the base name collides (0.087208ms)
✔ /about/ logical routes retain their identity when the base name collides (0.055583ms)
✔ /archive/ logical routes retain their identity when the base name collides (0.058792ms)
✔ / sitemap excludes closed booknav/ (0.0775ms)
✔ / sitemap excludes closed friends/ (0.092709ms)
✔ / sitemap excludes closed sponsor/ (0.051208ms)
✔ / sitemap excludes closed guestbook/ (0.039833ms)
✔ / sitemap excludes closed bangumi/ (0.0475ms)
✔ / sitemap excludes closed vndb/ (0.0735ms)
✔ / sitemap excludes closed myanimelist/ (0.048708ms)
✔ / sitemap excludes closed gallery/ (0.03275ms)
✔ / sitemap excludes closed gallery/album/ (0.024ms)
✔ / sitemap excludes closed bilibili/ (0.0255ms)
✔ / sitemap excludes closed dynamic/ (0.022833ms)
✔ / sitemap excludes closed dynamic/comments/ (0.022292ms)
✔ / sitemap excludes closed 404/ (0.018833ms)
✔ / sitemap excludes closed 404.html (0.018792ms)
✔ / enabled parent admits its child; unrelated routes survive (0.073209ms)
✔ / comments require both the parent and comment capability (0.0425ms)
✔ / public images accept one existing base prefix (0.046333ms)
✔ / OG uses literal encoded identity under the deployment base (0.177875ms)
✔ / canonical strips filter query and fragment without changing the input (0.06125ms)
✔ / error destination points at the emitted static file (0.024958ms)
✔ /Zhenkun-blog-site/ sitemap excludes closed booknav/ (0.02225ms)
✔ /Zhenkun-blog-site/ sitemap excludes closed friends/ (0.020333ms)
✔ /Zhenkun-blog-site/ sitemap excludes closed sponsor/ (0.023125ms)
✔ /Zhenkun-blog-site/ sitemap excludes closed guestbook/ (0.017041ms)
✔ /Zhenkun-blog-site/ sitemap excludes closed bangumi/ (0.017084ms)
✔ /Zhenkun-blog-site/ sitemap excludes closed vndb/ (0.017375ms)
✔ /Zhenkun-blog-site/ sitemap excludes closed myanimelist/ (0.021292ms)
✔ /Zhenkun-blog-site/ sitemap excludes closed gallery/ (0.019041ms)
✔ /Zhenkun-blog-site/ sitemap excludes closed gallery/album/ (0.019791ms)
✔ /Zhenkun-blog-site/ sitemap excludes closed bilibili/ (0.01675ms)
✔ /Zhenkun-blog-site/ sitemap excludes closed dynamic/ (0.02075ms)
✔ /Zhenkun-blog-site/ sitemap excludes closed dynamic/comments/ (0.017792ms)
✔ /Zhenkun-blog-site/ sitemap excludes closed 404/ (0.019791ms)
✔ /Zhenkun-blog-site/ sitemap excludes closed 404.html (0.016375ms)
✔ /Zhenkun-blog-site/ enabled parent admits its child; unrelated routes survive (0.033334ms)
✔ /Zhenkun-blog-site/ comments require both the parent and comment capability (0.022583ms)
✔ /Zhenkun-blog-site/ public images accept one existing base prefix (0.028625ms)
✔ /Zhenkun-blog-site/ OG uses literal encoded identity under the deployment base (0.047667ms)
✔ /Zhenkun-blog-site/ canonical strips filter query and fragment without changing the input (0.031375ms)
✔ /Zhenkun-blog-site/ error destination points at the emitted static file (0.137708ms)
✔ base stripping is segment aware and strips only once (0.077833ms)
✔ public asset traversal and unsafe bases fail (0.417917ms)
✔ root: inline and standalone links use the same public route (7.974ms)
✔ root: aliases, Obsidian automatic aliases and multiple references (2.14ms)
✔ root: compatible heading links retain anchors and avoid cards (4.00825ms)
✔ root: production rejects draft target by slug without metadata disclosure (0.766291ms)
✔ root: production rejects draft target by path without metadata disclosure (0.384167ms)
✔ root: production rejects draft target by basename without metadata disclosure (0.339417ms)
✔ root: production rejects missing targets and development leaves actionable text (0.801708ms)
✔ root: unsupported embeds and block references do not become links (1.464ms)
✔ subpath: inline and standalone links use the same public route (0.563583ms)
✔ subpath: aliases, Obsidian automatic aliases and multiple references (0.84125ms)
✔ subpath: compatible heading links retain anchors and avoid cards (0.756458ms)
✔ subpath: production rejects draft target by slug without metadata disclosure (0.290875ms)
✔ subpath: production rejects draft target by path without metadata disclosure (0.259125ms)
✔ subpath: production rejects draft target by basename without metadata disclosure (0.259833ms)
✔ subpath: production rejects missing targets and development leaves actionable text (1.696375ms)
✔ subpath: unsupported embeds and block references do not become links (1.138375ms)
✔ source drafts skip production Wiki conversion before resolving targets (0.408708ms)
✔ development can deliberately preview draft metadata (0.451541ms)
✔ duplicate basename is ambiguous regardless of enumeration order (one/public) (0.539666ms)
✔ duplicate basename is ambiguous regardless of enumeration order (two/public) (0.491709ms)
✔ a hidden exact path cannot fall back to another public basename (0.377541ms)
✔ duplicate article IDs reject the index instead of selecting the first entry (0.245875ms)
✔ invalid or unsupported source target is not a ghost link: ../secret (0.313583ms)
✔ invalid or unsupported source target is not a ghost link: /drafts/secret (0.247ms)
✔ invalid or unsupported source target is not a ghost link: guide/../../secret (0.236417ms)
✔ invalid or unsupported source target is not a ghost link: guide\source (0.317ms)
✔ invalid or unsupported source target is not a ghost link: guide//source (0.290041ms)
✔ invalid or unsupported source target is not a ghost link: guide/source.markdown (0.254375ms)
✔ unsafe article ID fails before metadata can render: "../secret" (0.05725ms)
✔ unsafe article ID fails before metadata can render: "/secret" (0.026458ms)
✔ unsafe article ID fails before metadata can render: "a//b" (0.02475ms)
✔ unsafe article ID fails before metadata can render: "a\\b" (0.023625ms)
✔ unsafe article ID fails before metadata can render: "a%2fb" (0.021833ms)
✔ unsafe article ID fails before metadata can render: "a?b" (0.021792ms)
✔ unsafe article ID fails before metadata can render: "a#b" (0.030875ms)
✔ unsafe article ID fails before metadata can render: "https:note" (0.03375ms)
✔ unsafe article ID fails before metadata can render: "a\u0000b" (0.023875ms)
✔ unsafe article ID fails before metadata can render: "é" (0.032416ms)
✔ unsafe article ID fails before metadata can render: " padded" (0.024459ms)
✔ unsafe article ID fails before metadata can render: "a/ padded" (0.022208ms)
✔ article identity agrees with installed Astro and literal route: topic-folder/my-note (0.977833ms)
✔ article identity agrees with installed Astro and literal route: section (0.688042ms)
✔ article identity agrees with installed Astro and literal route: 中文/文章 (0.718458ms)
✔ article identity agrees with installed Astro and literal route: custom/index (0.616042ms)
✔ article identity agrees with installed Astro and literal route: custom/article.md (1.083042ms)
✔ article identity agrees with installed Astro and literal route: Case/Space Note (0.595958ms)
✔ source extension aliases resolve while explicit .md article IDs stay literal (0.699625ms)
✔ public/remote card cover uses its correct URL: /assets/cover.webp at / (0.387291ms)
✔ public/remote card cover uses its correct URL: /assets/cover.webp at /Zhenkun-blog-site/ (0.366542ms)
✔ public/remote card cover uses its correct URL: /Zhenkun-blog-site/assets/cover.webp at /Zhenkun-blog-site/ (0.361875ms)
✔ public/remote card cover uses its correct URL: /assets/cover.webp?version=2#preview at /Zhenkun-blog-site/ (0.336916ms)
✔ public/remote card cover uses its correct URL: https://images.example.invalid/cover.webp at /Zhenkun-blog-site/ (0.3355ms)
✔ public/remote card cover uses its correct URL: //images.example.invalid/cover.webp at /Zhenkun-blog-site/ (0.271ms)
✔ missing relative cover omits the image without failing the reference (0.367458ms)
✔ relative cover outside approved source roots rejects publication (0.42025ms)
✔ API card cover uses injected deterministic URLs and the literal article ID (0.475875ms)
✔ protected public cards expose allowed metadata but never password or target body (0.612292ms)
✔ Wiki syntax inside code and existing Markdown links remains unchanged (1.793125ms)
✔ native MDX compiles public inline references and metadata cards (5.535417ms)
✔ native MDX leaves JSX attributes, JSX children, expressions and ESM untouched (3.0355ms)
✔ native MDX applies production rejection and development diagnostics (3.621292ms)
✔ real scanner admits lowercase Markdown/MDX, skips dotfiles and excluded extensions (8.557416ms)
✔ real scanner rejects visible symlinks without following file or directory targets (0.340667ms)
✔ real scanner rejects a source root that passes through a symlink (0.114459ms)
✔ real scanner fails malformed frontmatter and invalid draft/slug data without disclosure (0.720333ms)
✔ real scanner duplicate .md/.mdx identities fail index construction (0.198334ms)
✔ logical routes always get their base while explicit public-asset deduplication is bounded (0.335792ms)
✔ deployment configuration rejects authority, traversal and control-character bases (0.10525ms)
✔ internal URL input rejects browser authority reinterpretation and path traversal (0.096042ms)
✔ explicit nonstandard slug is safely encoded without changing identity: quote/"double" (2.002292ms)
✔ explicit nonstandard slug is safely encoded without changing identity: quote/'single' (1.037417ms)
✔ explicit nonstandard slug is safely encoded without changing identity: html/<svg onload='run()'>& (0.726833ms)
✔ publication build gate permits only the production environment (0.123792ms)
✔ draft preview and synchronization commands do not trigger the build gate (0.037542ms)
ℹ tests 120
ℹ suites 0
ℹ pass 120
ℹ fail 0
ℹ cancelled 0
ℹ skipped 0
ℹ todo 0
ℹ duration_ms 402.711208
