src/components/widget/Announcement.astro:2:1 assist/source/organizeImports  FIXABLE  ━━━━━━━━━━━━━━━

  ✖ Sort these imports.
  
     1 │ ---
   > 2 │ import { Icon } from "astro-icon/components";
       │ ^^^^^^^^^^^^^^^^^^^^^^^^^^^^^^^^^^^^^^^^^^^^^
   > 3 │ import WidgetLayout from "@/components/common/WidgetLayout.astro";
   > 4 │ import { announcementConfig } from "@/config/announcementConfig";
   > 5 │ import I18nKey from "@/i18n/i18nKey";
   > 6 │ import { i18n } from "@/i18n/translation";
   > 7 │ import { url } from "@/utils/url-utils";
   > 8 │ import type { WidgetComponentConfig } from "@/types/config";
       │ ^^^^^^^^^^^^^^^^^^^^^^^^^^^^^^^^^^^^^^^^^^^^^^^^^^^^^^^^^^^^
     9 │ 
    10 │ const config = announcementConfig;
  
  ℹ Safe fix: Organize imports and exports (Biome)
  
     5  5 │   import I18nKey from "@/i18n/i18nKey";
     6  6 │   import { i18n } from "@/i18n/translation";
     7    │ - import·{·url·}·from·"@/utils/url-utils";
     8    │ - import·type·{·WidgetComponentConfig·}·from·"@/types/config";
        7 │ + import·type·{·WidgetComponentConfig·}·from·"@/types/config";
        8 │ + import·{·url·}·from·"@/utils/url-utils";
     9  9 │   
    10 10 │   const config = announcementConfig;
  

src/layouts/Layout.astro:2:1 assist/source/organizeImports  FIXABLE  ━━━━━━━━━━━━━━━━━━━━━━━━━━━━━━━

  ✖ Sort these imports.
  
     1 │ ---
   > 2 │ import GoogleAnalytics from "@components/analytics/GoogleAnalytics.astro";
       │ ^^^^^^^^^^^^^^^^^^^^^^^^^^^^^^^^^^^^^^^^^^^^^^^^^^^^^^^^^^^^^^^^^^^^^^^^^^
   > 3 │ import La51Analytics from "@components/analytics/La51Analytics.astro";
   > 4 │ import MicrosoftClarity from "@components/analytics/MicrosoftClarity.astro";
        ...
  > 38 │ import { getOgLocale } from "@/utils/site-config-utils";
  > 39 │ import { getGeneratedOgUrl } from "@/utils/deployment-contract";
       │ ^^^^^^^^^^^^^^^^^^^^^^^^^^^^^^^^^^^^^^^^^^^^^^^^^^^^^^^^^^^^^^^^
    40 │ import { getCanonicalUrl, url } from "@/utils/url-utils";
    41 │ 
  
  ℹ Safe fix: Organize imports and exports (Biome)
  
     33  33 │   import { defaultFavicons } from "@/constants/icon";
     34  34 │   import type { Favicon } from "@/types/config";
     35     │ - import·{·isHomePage·}·from·"@/utils/layout-utils";
     36     │ - import·{·getAuthorAvatarUrl,·getSiteLogo·}·from·"@/utils/schema-image";
     37     │ - import·{·buildSiteGraph,·toAbsoluteUrl·}·from·"@/utils/schema-utils";
     38     │ - import·{·getOgLocale·}·from·"@/utils/site-config-utils";
     39     │ - import·{·getGeneratedOgUrl·}·from·"@/utils/deployment-contract";
         35 │ + import·{·getGeneratedOgUrl·}·from·"@/utils/deployment-contract";
         36 │ + import·{·isHomePage·}·from·"@/utils/layout-utils";
         37 │ + import·{·getAuthorAvatarUrl,·getSiteLogo·}·from·"@/utils/schema-image";
         38 │ + import·{·buildSiteGraph,·toAbsoluteUrl·}·from·"@/utils/schema-utils";
         39 │ + import·{·getOgLocale·}·from·"@/utils/site-config-utils";
     40  40 │   import { getCanonicalUrl, url } from "@/utils/url-utils";
     41  41 │   
  

src/pages/bangumi.astro:2:1 assist/source/organizeImports  FIXABLE  ━━━━━━━━━━━━━━━━━━━━━━━━━━━━━━━━

  ✖ Sort these imports.
  
     1 │ ---
   > 2 │ import { getNotFoundPath } from "@/utils/deployment-contract";
       │ ^^^^^^^^^^^^^^^^^^^^^^^^^^^^^^^^^^^^^^^^^^^^^^^^^^^^^^^^^^^^^^
   > 3 │ import { Icon } from "astro-icon/components";
   > 4 │ import BangumiGrid from "@/components/pages/bangumi/BangumiGrid.svelte";
        ...
  > 12 │ } from "@/types/bangumi";
  > 13 │ import { formatDateI18nWithTime } from "@/utils/date-utils";
       │ ^^^^^^^^^^^^^^^^^^^^^^^^^^^^^^^^^^^^^^^^^^^^^^^^^^^^^^^^^^^^
    14 │ import { filterNsfw, isBangumiNsfw } from "@/utils/nsfw-utils";
    15 │ 
  
  ℹ Safe fix: Organize imports and exports (Biome)
  
      1   1 │   
      2     │ - import·{·getNotFoundPath·}·from·"@/utils/deployment-contract";
      3     │ - import·{·Icon·}·from·"astro-icon/components";
      4     │ - import·BangumiGrid·from·"@/components/pages/bangumi/BangumiGrid.svelte";
      5     │ - import·{·siteConfig·}·from·"@/config";
      6     │ - import·I18nKey·from·"@/i18n/i18nKey";
      7     │ - import·{·i18n·}·from·"@/i18n/translation";
      8     │ - import·MainGridLayout·from·"@/layouts/MainGridLayout.astro";
      9     │ - import·type·{
     10     │ - → UserSubjectCollection,
     11     │ - → UserSubjectCollectionResponse,
     12     │ - }·from·"@/types/bangumi";
     13     │ - import·{·formatDateI18nWithTime·}·from·"@/utils/date-utils";
          2 │ + import·{·Icon·}·from·"astro-icon/components";
          3 │ + import·BangumiGrid·from·"@/components/pages/bangumi/BangumiGrid.svelte";
          4 │ + import·{·siteConfig·}·from·"@/config";
          5 │ + import·I18nKey·from·"@/i18n/i18nKey";
          6 │ + import·{·i18n·}·from·"@/i18n/translation";
          7 │ + import·MainGridLayout·from·"@/layouts/MainGridLayout.astro";
          8 │ + import·type·{
          9 │ + → UserSubjectCollection,
         10 │ + → UserSubjectCollectionResponse,
         11 │ + }·from·"@/types/bangumi";
         12 │ + import·{·formatDateI18nWithTime·}·from·"@/utils/date-utils";
         13 │ + import·{·getNotFoundPath·}·from·"@/utils/deployment-contract";
     14  14 │   import { filterNsfw, isBangumiNsfw } from "@/utils/nsfw-utils";
     15  15 │   
  

src/pages/bilibili.astro:2:1 assist/source/organizeImports  FIXABLE  ━━━━━━━━━━━━━━━━━━━━━━━━━━━━━━━

  ✖ Sort these imports.
  
     1 │ ---
   > 2 │ import { getNotFoundPath } from "@/utils/deployment-contract";
       │ ^^^^^^^^^^^^^^^^^^^^^^^^^^^^^^^^^^^^^^^^^^^^^^^^^^^^^^^^^^^^^^
   > 3 │ import { Icon } from "astro-icon/components";
   > 4 │ import BilibiliGrid from "@/components/pages/bilibili/BilibiliGrid.svelte";
        ...
  > 10 │ import { fetchBilibiliList } from "@/utils/bilibili-utils";
  > 11 │ import { formatDateI18nWithTime } from "@/utils/date-utils";
       │ ^^^^^^^^^^^^^^^^^^^^^^^^^^^^^^^^^^^^^^^^^^^^^^^^^^^^^^^^^^^^
    12 │ 
    13 │ const notFoundPath = getNotFoundPath(import.meta.env.BASE_URL);
  
  ℹ Safe fix: Organize imports and exports (Biome)
  
     1  1 │   
     2    │ - import·{·getNotFoundPath·}·from·"@/utils/deployment-contract";
     3    │ - import·{·Icon·}·from·"astro-icon/components";
     4    │ - import·BilibiliGrid·from·"@/components/pages/bilibili/BilibiliGrid.svelte";
     5    │ - import·{·siteConfig·}·from·"@/config";
     6    │ - import·I18nKey·from·"@/i18n/i18nKey";
     7    │ - import·{·i18n·}·from·"@/i18n/translation";
     8    │ - import·MainGridLayout·from·"@/layouts/MainGridLayout.astro";
     9    │ - import·type·{·StandardizedAnime·}·from·"@/types/bilibili";
    10    │ - import·{·fetchBilibiliList·}·from·"@/utils/bilibili-utils";
    11    │ - import·{·formatDateI18nWithTime·}·from·"@/utils/date-utils";
        2 │ + import·{·Icon·}·from·"astro-icon/components";
        3 │ + import·BilibiliGrid·from·"@/components/pages/bilibili/BilibiliGrid.svelte";
        4 │ + import·{·siteConfig·}·from·"@/config";
        5 │ + import·I18nKey·from·"@/i18n/i18nKey";
        6 │ + import·{·i18n·}·from·"@/i18n/translation";
        7 │ + import·MainGridLayout·from·"@/layouts/MainGridLayout.astro";
        8 │ + import·type·{·StandardizedAnime·}·from·"@/types/bilibili";
        9 │ + import·{·fetchBilibiliList·}·from·"@/utils/bilibili-utils";
       10 │ + import·{·formatDateI18nWithTime·}·from·"@/utils/date-utils";
       11 │ + import·{·getNotFoundPath·}·from·"@/utils/deployment-contract";
    12 12 │   
    13 13 │   const notFoundPath = getNotFoundPath(import.meta.env.BASE_URL);
  

src/pages/booknav.astro:2:1 assist/source/organizeImports  FIXABLE  ━━━━━━━━━━━━━━━━━━━━━━━━━━━━━━━━

  ✖ Sort these imports.
  
     1 │ ---
   > 2 │ import { getNotFoundPath } from "@/utils/deployment-contract";
       │ ^^^^^^^^^^^^^^^^^^^^^^^^^^^^^^^^^^^^^^^^^^^^^^^^^^^^^^^^^^^^^^
   > 3 │ import { Icon } from "astro-icon/components";
   > 4 │ import { booknavPageConfig, siteConfig } from "@/config";
        ...
  > 12 │ 	resolveBooknavIcon,
  > 13 │ } from "@/utils/booknav-utils";
       │ ^^^^^^^^^^^^^^^^^^^^^^^^^^^^^^^
    14 │ 
    15 │ const notFoundPath = getNotFoundPath(import.meta.env.BASE_URL);
  
  ℹ Safe fix: Organize imports and exports (Biome)
  
     1  1 │   
     2    │ - import·{·getNotFoundPath·}·from·"@/utils/deployment-contract";
     3    │ - import·{·Icon·}·from·"astro-icon/components";
     4    │ - import·{·booknavPageConfig,·siteConfig·}·from·"@/config";
     5    │ - import·I18nKey·from·"@/i18n/i18nKey";
     6    │ - import·{·i18n·}·from·"@/i18n/translation";
     7    │ - import·MainGridLayout·from·"@/layouts/MainGridLayout.astro";
     8    │ - import·{
     9    │ - → getBooknavDomain,
    10    │ - → getBooknavLetter,
    11    │ - → getEnabledBooknavGroups,
    12    │ - → resolveBooknavIcon,
    13    │ - }·from·"@/utils/booknav-utils";
        2 │ + import·{·Icon·}·from·"astro-icon/components";
        3 │ + import·{·booknavPageConfig,·siteConfig·}·from·"@/config";
        4 │ + import·I18nKey·from·"@/i18n/i18nKey";
        5 │ + import·{·i18n·}·from·"@/i18n/translation";
        6 │ + import·MainGridLayout·from·"@/layouts/MainGridLayout.astro";
        7 │ + import·{
        8 │ + → getBooknavDomain,
        9 │ + → getBooknavLetter,
       10 │ + → getEnabledBooknavGroups,
       11 │ + → resolveBooknavIcon,
       12 │ + }·from·"@/utils/booknav-utils";
       13 │ + import·{·getNotFoundPath·}·from·"@/utils/deployment-contract";
    14 14 │   
    15 15 │   const notFoundPath = getNotFoundPath(import.meta.env.BASE_URL);
  

src/pages/dynamic/comments.astro:2:1 assist/source/organizeImports  FIXABLE  ━━━━━━━━━━━━━━━━━━━━━━━

  ✖ Sort these imports.
  
    1 │ ---
  > 2 │ import { getNotFoundPath } from "@/utils/deployment-contract";
      │ ^^^^^^^^^^^^^^^^^^^^^^^^^^^^^^^^^^^^^^^^^^^^^^^^^^^^^^^^^^^^^^
  > 3 │ import Comment from "@/components/comment/index.astro";
  > 4 │ import { commentConfig, dynamicConfig, siteConfig } from "@/config";
  > 5 │ import Layout from "@/layouts/Layout.astro";
      │ ^^^^^^^^^^^^^^^^^^^^^^^^^^^^^^^^^^^^^^^^^^^^
    6 │ 
    7 │ const notFoundPath = getNotFoundPath(import.meta.env.BASE_URL);
  
  ℹ Safe fix: Organize imports and exports (Biome)
  
     1  1 │   
     2    │ - import·{·getNotFoundPath·}·from·"@/utils/deployment-contract";
     3    │ - import·Comment·from·"@/components/comment/index.astro";
     4    │ - import·{·commentConfig,·dynamicConfig,·siteConfig·}·from·"@/config";
     5    │ - import·Layout·from·"@/layouts/Layout.astro";
        2 │ + import·Comment·from·"@/components/comment/index.astro";
        3 │ + import·{·commentConfig,·dynamicConfig,·siteConfig·}·from·"@/config";
        4 │ + import·Layout·from·"@/layouts/Layout.astro";
        5 │ + import·{·getNotFoundPath·}·from·"@/utils/deployment-contract";
     6  6 │   
     7  7 │   const notFoundPath = getNotFoundPath(import.meta.env.BASE_URL);
  

src/pages/dynamic/index.astro:2:1 assist/source/organizeImports  FIXABLE  ━━━━━━━━━━━━━━━━━━━━━━━━━━

  ✖ Sort these imports.
  
     1 │ ---
   > 2 │ import { getNotFoundPath } from "@/utils/deployment-contract";
       │ ^^^^^^^^^^^^^^^^^^^^^^^^^^^^^^^^^^^^^^^^^^^^^^^^^^^^^^^^^^^^^^
   > 3 │ import { Icon } from "astro-icon/components";
   > 4 │ import DynamicFeed from "@/components/pages/dynamic/DynamicFeed.svelte";
        ...
   > 8 │ import { i18n } from "@/i18n/translation";
   > 9 │ import MainGridLayout from "@/layouts/MainGridLayout.astro";
       │ ^^^^^^^^^^^^^^^^^^^^^^^^^^^^^^^^^^^^^^^^^^^^^^^^^^^^^^^^^^^^
    10 │ import "@/styles/dynamic.css";
    11 │ import { url } from "@/utils/url-utils";
  
  ℹ Safe fix: Organize imports and exports (Biome)
  
     1  1 │   
     2    │ - import·{·getNotFoundPath·}·from·"@/utils/deployment-contract";
     3    │ - import·{·Icon·}·from·"astro-icon/components";
     4    │ - import·DynamicFeed·from·"@/components/pages/dynamic/DynamicFeed.svelte";
     5    │ - import·DynamicItemTemplate·from·"@/components/pages/dynamic/DynamicItemTemplate.astro";
     6    │ - import·{·commentConfig,·dynamicConfig,·siteConfig·}·from·"@/config";
     7    │ - import·I18nKey·from·"@/i18n/i18nKey";
     8    │ - import·{·i18n·}·from·"@/i18n/translation";
     9    │ - import·MainGridLayout·from·"@/layouts/MainGridLayout.astro";
        2 │ + import·{·Icon·}·from·"astro-icon/components";
        3 │ + import·DynamicFeed·from·"@/components/pages/dynamic/DynamicFeed.svelte";
        4 │ + import·DynamicItemTemplate·from·"@/components/pages/dynamic/DynamicItemTemplate.astro";
        5 │ + import·{·commentConfig,·dynamicConfig,·siteConfig·}·from·"@/config";
        6 │ + import·I18nKey·from·"@/i18n/i18nKey";
        7 │ + import·{·i18n·}·from·"@/i18n/translation";
        8 │ + import·MainGridLayout·from·"@/layouts/MainGridLayout.astro";
        9 │ + import·{·getNotFoundPath·}·from·"@/utils/deployment-contract";
    10 10 │   import "@/styles/dynamic.css";
    11 11 │   import { url } from "@/utils/url-utils";
  

src/pages/friends.astro:2:1 assist/source/organizeImports  FIXABLE  ━━━━━━━━━━━━━━━━━━━━━━━━━━━━━━━━

  ✖ Sort these imports.
  
     1 │ ---
   > 2 │ import { getNotFoundPath } from "@/utils/deployment-contract";
       │ ^^^^^^^^^^^^^^^^^^^^^^^^^^^^^^^^^^^^^^^^^^^^^^^^^^^^^^^^^^^^^^
   > 3 │ import { getEntry, render } from "astro:content";
   > 4 │ import Comment from "@components/comment/index.astro";
        ...
  > 14 │ import { i18n } from "@/i18n/translation";
  > 15 │ import MainGridLayout from "@/layouts/MainGridLayout.astro";
       │ ^^^^^^^^^^^^^^^^^^^^^^^^^^^^^^^^^^^^^^^^^^^^^^^^^^^^^^^^^^^^
    16 │ 
    17 │ const notFoundPath = getNotFoundPath(import.meta.env.BASE_URL);
  
  ℹ Safe fix: Organize imports and exports (Biome)
  
     1  1 │   
     2    │ - import·{·getNotFoundPath·}·from·"@/utils/deployment-contract";
     3    │ - import·{·getEntry,·render·}·from·"astro:content";
     4    │ - import·Comment·from·"@components/comment/index.astro";
     5    │ - import·Markdown·from·"@components/common/Markdown.astro";
     6    │ - import·{·Icon·}·from·"astro-icon/components";
     7    │ - import·{
     8    │ - → commentConfig,
     9    │ - → friendsPageConfig,
    10    │ - → getEnabledFriends,
    11    │ - → siteConfig,
    12    │ - }·from·"@/config";
    13    │ - import·I18nKey·from·"@/i18n/i18nKey";
    14    │ - import·{·i18n·}·from·"@/i18n/translation";
    15    │ - import·MainGridLayout·from·"@/layouts/MainGridLayout.astro";
        2 │ + import·{·getEntry,·render·}·from·"astro:content";
        3 │ + import·Comment·from·"@components/comment/index.astro";
        4 │ + import·Markdown·from·"@components/common/Markdown.astro";
        5 │ + import·{·Icon·}·from·"astro-icon/components";
        6 │ + import·{
        7 │ + → commentConfig,
        8 │ + → friendsPageConfig,
        9 │ + → getEnabledFriends,
       10 │ + → siteConfig,
       11 │ + }·from·"@/config";
       12 │ + import·I18nKey·from·"@/i18n/i18nKey";
       13 │ + import·{·i18n·}·from·"@/i18n/translation";
       14 │ + import·MainGridLayout·from·"@/layouts/MainGridLayout.astro";
       15 │ + import·{·getNotFoundPath·}·from·"@/utils/deployment-contract";
    16 16 │   
    17 17 │   const notFoundPath = getNotFoundPath(import.meta.env.BASE_URL);
  

src/pages/gallery/[album].astro:2:1 assist/source/organizeImports  FIXABLE  ━━━━━━━━━━━━━━━━━━━━━━━━

  ✖ Sort these imports.
  
     1 │ ---
   > 2 │ import { getNotFoundPath } from "@/utils/deployment-contract";
       │ ^^^^^^^^^^^^^^^^^^^^^^^^^^^^^^^^^^^^^^^^^^^^^^^^^^^^^^^^^^^^^^
   > 3 │ import { Icon } from "astro-icon/components";
   > 4 │ import EncryptedContent from "@/components/features/EncryptedContent.astro";
        ...
   > 8 │ import { i18n } from "@/i18n/translation";
   > 9 │ import MainGridLayout from "@/layouts/MainGridLayout.astro";
       │ ^^^^^^^^^^^^^^^^^^^^^^^^^^^^^^^^^^^^^^^^^^^^^^^^^^^^^^^^^^^^
    10 │ import { getAlbumCover, scanAlbumPhotos } from "@/utils/gallery-utils";
    11 │ import { getLqipProps } from "@/utils/lqip-utils";
  
  ℹ Safe fix: Organize imports and exports (Biome)
  
     1  1 │   
     2    │ - import·{·getNotFoundPath·}·from·"@/utils/deployment-contract";
     3    │ - import·{·Icon·}·from·"astro-icon/components";
     4    │ - import·EncryptedContent·from·"@/components/features/EncryptedContent.astro";
     5    │ - import·PhotoCard·from·"@/components/pages/gallery/PhotoCard.astro";
     6    │ - import·{·galleryConfig,·siteConfig·}·from·"@/config";
     7    │ - import·I18nKey·from·"@/i18n/i18nKey";
     8    │ - import·{·i18n·}·from·"@/i18n/translation";
     9    │ - import·MainGridLayout·from·"@/layouts/MainGridLayout.astro";
        2 │ + import·{·Icon·}·from·"astro-icon/components";
        3 │ + import·EncryptedContent·from·"@/components/features/EncryptedContent.astro";
        4 │ + import·PhotoCard·from·"@/components/pages/gallery/PhotoCard.astro";
        5 │ + import·{·galleryConfig,·siteConfig·}·from·"@/config";
        6 │ + import·I18nKey·from·"@/i18n/i18nKey";
        7 │ + import·{·i18n·}·from·"@/i18n/translation";
        8 │ + import·MainGridLayout·from·"@/layouts/MainGridLayout.astro";
        9 │ + import·{·getNotFoundPath·}·from·"@/utils/deployment-contract";
    10 10 │   import { getAlbumCover, scanAlbumPhotos } from "@/utils/gallery-utils";
    11 11 │   import { getLqipProps } from "@/utils/lqip-utils";
  

src/pages/gallery/index.astro:2:1 assist/source/organizeImports  FIXABLE  ━━━━━━━━━━━━━━━━━━━━━━━━━━

  ✖ Sort these imports.
  
     1 │ ---
   > 2 │ import { getNotFoundPath } from "@/utils/deployment-contract";
       │ ^^^^^^^^^^^^^^^^^^^^^^^^^^^^^^^^^^^^^^^^^^^^^^^^^^^^^^^^^^^^^^
   > 3 │ import { Icon } from "astro-icon/components";
   > 4 │ import AlbumCard from "@/components/pages/gallery/AlbumCard.astro";
   > 5 │ import { galleryConfig, siteConfig } from "@/config";
   > 6 │ import I18nKey from "@/i18n/i18nKey";
   > 7 │ import { i18n } from "@/i18n/translation";
   > 8 │ import MainGridLayout from "@/layouts/MainGridLayout.astro";
       │ ^^^^^^^^^^^^^^^^^^^^^^^^^^^^^^^^^^^^^^^^^^^^^^^^^^^^^^^^^^^^
     9 │ import { getAlbumCover, scanAlbumPhotos } from "@/utils/gallery-utils";
    10 │ 
  
  ℹ Safe fix: Organize imports and exports (Biome)
  
     1  1 │   
     2    │ - import·{·getNotFoundPath·}·from·"@/utils/deployment-contract";
     3    │ - import·{·Icon·}·from·"astro-icon/components";
     4    │ - import·AlbumCard·from·"@/components/pages/gallery/AlbumCard.astro";
     5    │ - import·{·galleryConfig,·siteConfig·}·from·"@/config";
     6    │ - import·I18nKey·from·"@/i18n/i18nKey";
     7    │ - import·{·i18n·}·from·"@/i18n/translation";
     8    │ - import·MainGridLayout·from·"@/layouts/MainGridLayout.astro";
        2 │ + import·{·Icon·}·from·"astro-icon/components";
        3 │ + import·AlbumCard·from·"@/components/pages/gallery/AlbumCard.astro";
        4 │ + import·{·galleryConfig,·siteConfig·}·from·"@/config";
        5 │ + import·I18nKey·from·"@/i18n/i18nKey";
        6 │ + import·{·i18n·}·from·"@/i18n/translation";
        7 │ + import·MainGridLayout·from·"@/layouts/MainGridLayout.astro";
        8 │ + import·{·getNotFoundPath·}·from·"@/utils/deployment-contract";
     9  9 │   import { getAlbumCover, scanAlbumPhotos } from "@/utils/gallery-utils";
    10 10 │   
  

src/pages/guestbook.astro:2:1 assist/source/organizeImports  FIXABLE  ━━━━━━━━━━━━━━━━━━━━━━━━━━━━━━

  ✖ Sort these imports.
  
     1 │ ---
   > 2 │ import { getNotFoundPath } from "@/utils/deployment-contract";
       │ ^^^^^^^^^^^^^^^^^^^^^^^^^^^^^^^^^^^^^^^^^^^^^^^^^^^^^^^^^^^^^^
   > 3 │ import { getEntry, render } from "astro:content";
   > 4 │ import Comment from "@components/comment/index.astro";
        ...
   > 9 │ import { i18n } from "@/i18n/translation";
  > 10 │ import MainGridLayout from "@/layouts/MainGridLayout.astro";
       │ ^^^^^^^^^^^^^^^^^^^^^^^^^^^^^^^^^^^^^^^^^^^^^^^^^^^^^^^^^^^^
    11 │ 
    12 │ const notFoundPath = getNotFoundPath(import.meta.env.BASE_URL);
  
  ℹ Safe fix: Organize imports and exports (Biome)
  
     1  1 │   
     2    │ - import·{·getNotFoundPath·}·from·"@/utils/deployment-contract";
     3    │ - import·{·getEntry,·render·}·from·"astro:content";
     4    │ - import·Comment·from·"@components/comment/index.astro";
     5    │ - import·Markdown·from·"@components/common/Markdown.astro";
     6    │ - import·{·Icon·}·from·"astro-icon/components";
     7    │ - import·{·commentConfig,·siteConfig·}·from·"@/config";
     8    │ - import·I18nKey·from·"@/i18n/i18nKey";
     9    │ - import·{·i18n·}·from·"@/i18n/translation";
    10    │ - import·MainGridLayout·from·"@/layouts/MainGridLayout.astro";
        2 │ + import·{·getEntry,·render·}·from·"astro:content";
        3 │ + import·Comment·from·"@components/comment/index.astro";
        4 │ + import·Markdown·from·"@components/common/Markdown.astro";
        5 │ + import·{·Icon·}·from·"astro-icon/components";
        6 │ + import·{·commentConfig,·siteConfig·}·from·"@/config";
        7 │ + import·I18nKey·from·"@/i18n/i18nKey";
        8 │ + import·{·i18n·}·from·"@/i18n/translation";
        9 │ + import·MainGridLayout·from·"@/layouts/MainGridLayout.astro";
       10 │ + import·{·getNotFoundPath·}·from·"@/utils/deployment-contract";
    11 11 │   
    12 12 │   const notFoundPath = getNotFoundPath(import.meta.env.BASE_URL);
  

src/pages/myanimelist.astro:2:1 assist/source/organizeImports  FIXABLE  ━━━━━━━━━━━━━━━━━━━━━━━━━━━━

  ✖ Sort these imports.
  
     1 │ ---
   > 2 │ import { getNotFoundPath } from "@/utils/deployment-contract";
       │ ^^^^^^^^^^^^^^^^^^^^^^^^^^^^^^^^^^^^^^^^^^^^^^^^^^^^^^^^^^^^^^
   > 3 │ import { Icon } from "astro-icon/components";
   > 4 │ import MalGrid from "@/components/pages/mal/MalGrid.svelte";
        ...
   > 9 │ import type { MalListItem } from "@/types/mal";
  > 10 │ import { formatDateI18nWithTime } from "@/utils/date-utils";
       │ ^^^^^^^^^^^^^^^^^^^^^^^^^^^^^^^^^^^^^^^^^^^^^^^^^^^^^^^^^^^^
    11 │ import {
    12 │ 	fetchMalList,
  
  ℹ Safe fix: Organize imports and exports (Biome)
  
      1   1 │   
      2     │ - import·{·getNotFoundPath·}·from·"@/utils/deployment-contract";
      3     │ - import·{·Icon·}·from·"astro-icon/components";
      4     │ - import·MalGrid·from·"@/components/pages/mal/MalGrid.svelte";
      5     │ - import·{·siteConfig·}·from·"@/config";
      6     │ - import·I18nKey·from·"@/i18n/i18nKey";
      7     │ - import·{·i18n·}·from·"@/i18n/translation";
      8     │ - import·MainGridLayout·from·"@/layouts/MainGridLayout.astro";
      9     │ - import·type·{·MalListItem·}·from·"@/types/mal";
     10     │ - import·{·formatDateI18nWithTime·}·from·"@/utils/date-utils";
          2 │ + import·{·Icon·}·from·"astro-icon/components";
          3 │ + import·MalGrid·from·"@/components/pages/mal/MalGrid.svelte";
          4 │ + import·{·siteConfig·}·from·"@/config";
          5 │ + import·I18nKey·from·"@/i18n/i18nKey";
          6 │ + import·{·i18n·}·from·"@/i18n/translation";
          7 │ + import·MainGridLayout·from·"@/layouts/MainGridLayout.astro";
          8 │ + import·type·{·MalListItem·}·from·"@/types/mal";
          9 │ + import·{·formatDateI18nWithTime·}·from·"@/utils/date-utils";
         10 │ + import·{·getNotFoundPath·}·from·"@/utils/deployment-contract";
     11  11 │   import {
     12  12 │   	fetchMalList,
  

src/pages/sponsor.astro:2:1 assist/source/organizeImports  FIXABLE  ━━━━━━━━━━━━━━━━━━━━━━━━━━━━━━━━

  ✖ Sort these imports.
  
     1 │ ---
   > 2 │ import { getNotFoundPath } from "@/utils/deployment-contract";
       │ ^^^^^^^^^^^^^^^^^^^^^^^^^^^^^^^^^^^^^^^^^^^^^^^^^^^^^^^^^^^^^^
   > 3 │ import Comment from "@components/comment/index.astro";
   > 4 │ import { Icon } from "astro-icon/components";
   > 5 │ import { commentConfig, siteConfig, sponsorConfig } from "@/config";
   > 6 │ import I18nKey from "@/i18n/i18nKey";
   > 7 │ import { i18n } from "@/i18n/translation";
   > 8 │ import MainGridLayout from "@/layouts/MainGridLayout.astro";
       │ ^^^^^^^^^^^^^^^^^^^^^^^^^^^^^^^^^^^^^^^^^^^^^^^^^^^^^^^^^^^^
     9 │ import { getLqipProps } from "@/utils/lqip-utils";
    10 │ import { url } from "@/utils/url-utils";
  
  ℹ Safe fix: Organize imports and exports (Biome)
  
     1  1 │   
     2    │ - import·{·getNotFoundPath·}·from·"@/utils/deployment-contract";
     3    │ - import·Comment·from·"@components/comment/index.astro";
     4    │ - import·{·Icon·}·from·"astro-icon/components";
     5    │ - import·{·commentConfig,·siteConfig,·sponsorConfig·}·from·"@/config";
     6    │ - import·I18nKey·from·"@/i18n/i18nKey";
     7    │ - import·{·i18n·}·from·"@/i18n/translation";
     8    │ - import·MainGridLayout·from·"@/layouts/MainGridLayout.astro";
        2 │ + import·Comment·from·"@components/comment/index.astro";
        3 │ + import·{·Icon·}·from·"astro-icon/components";
        4 │ + import·{·commentConfig,·siteConfig,·sponsorConfig·}·from·"@/config";
        5 │ + import·I18nKey·from·"@/i18n/i18nKey";
        6 │ + import·{·i18n·}·from·"@/i18n/translation";
        7 │ + import·MainGridLayout·from·"@/layouts/MainGridLayout.astro";
        8 │ + import·{·getNotFoundPath·}·from·"@/utils/deployment-contract";
     9  9 │   import { getLqipProps } from "@/utils/lqip-utils";
    10 10 │   import { url } from "@/utils/url-utils";
  

src/pages/vndb.astro:2:1 assist/source/organizeImports  FIXABLE  ━━━━━━━━━━━━━━━━━━━━━━━━━━━━━━━━━━━

  ✖ Sort these imports.
  
     1 │ ---
   > 2 │ import { getNotFoundPath } from "@/utils/deployment-contract";
       │ ^^^^^^^^^^^^^^^^^^^^^^^^^^^^^^^^^^^^^^^^^^^^^^^^^^^^^^^^^^^^^^
   > 3 │ import { existsSync } from "node:fs";
   > 4 │ import path from "node:path";
        ...
  > 11 │ import type { VndbUlistEntry } from "@/types/vndb";
  > 12 │ import { formatDateI18nWithTime } from "@/utils/date-utils";
       │ ^^^^^^^^^^^^^^^^^^^^^^^^^^^^^^^^^^^^^^^^^^^^^^^^^^^^^^^^^^^^
    13 │ import { isVndbNsfw } from "@/utils/nsfw-utils";
    14 │ import {
  
  ℹ Safe fix: Organize imports and exports (Biome)
  
      1   1 │   
      2     │ - import·{·getNotFoundPath·}·from·"@/utils/deployment-contract";
      3     │ - import·{·existsSync·}·from·"node:fs";
      4     │ - import·path·from·"node:path";
      5     │ - import·{·Icon·}·from·"astro-icon/components";
      6     │ - import·VndbGrid·from·"@/components/pages/vndb/VndbGrid.svelte";
      7     │ - import·{·siteConfig·}·from·"@/config";
      8     │ - import·I18nKey·from·"@/i18n/i18nKey";
      9     │ - import·{·i18n·}·from·"@/i18n/translation";
     10     │ - import·MainGridLayout·from·"@/layouts/MainGridLayout.astro";
     11     │ - import·type·{·VndbUlistEntry·}·from·"@/types/vndb";
     12     │ - import·{·formatDateI18nWithTime·}·from·"@/utils/date-utils";
          2 │ + import·{·existsSync·}·from·"node:fs";
          3 │ + import·path·from·"node:path";
          4 │ + import·{·Icon·}·from·"astro-icon/components";
          5 │ + import·VndbGrid·from·"@/components/pages/vndb/VndbGrid.svelte";
          6 │ + import·{·siteConfig·}·from·"@/config";
          7 │ + import·I18nKey·from·"@/i18n/i18nKey";
          8 │ + import·{·i18n·}·from·"@/i18n/translation";
          9 │ + import·MainGridLayout·from·"@/layouts/MainGridLayout.astro";
         10 │ + import·type·{·VndbUlistEntry·}·from·"@/types/vndb";
         11 │ + import·{·formatDateI18nWithTime·}·from·"@/utils/date-utils";
         12 │ + import·{·getNotFoundPath·}·from·"@/utils/deployment-contract";
     13  13 │   import { isVndbNsfw } from "@/utils/nsfw-utils";
     14  14 │   import {
  

Checked 298 files in 79ms. No fixes applied.
Found 15 errors.
ci ━━━━━━━━━━━━━━━━━━━━━━━━━━━━━━━━━━━━━━━━━━━━━━━━━━━━━━━━━━━━━━━━━━━━━━━━━━━━━━━━━━━━━━━━━━━━━━━━━

  ✖ Some errors were emitted while running checks.
  

