✓ Lockfile passes supply-chain policies (verified 27d ago)
Lockfile is up to date, resolution step is skipped
Already up to date

   ╭──────────────────────────────────────────────╮
   │                                              │
   │     Update available! 11.22.0 → 12.8.1.      │
   │     Changelog: https://pnpm.io/v/12.8.1      │
   │   To update, run: corepack use pnpm@12.8.1   │
   │                                              │
   ╰──────────────────────────────────────────────╯


Done in 2.1s using pnpm v11.22.0
$ astro check
11:43:37 [vite] Re-optimizing dependencies because vite config has changed
11:43:37 [content] Syncing content
11:43:37 [content] Astro config changed
11:43:37 [content] Clearing content store
11:43:37 [WARN] [glob-loader] No files found matching "**/*.md" in directory "src/content/dynamic"
11:43:37 [content] Synced content
11:43:37 [types] Generated 289ms
11:43:37 [check] Getting diagnostics for Astro files in /Users/zhenkun/GitHub/Zhenkun-blog-site...
[96msrc/pages/bangumi.astro[0m:[93m16[0m:[93m7[0m - [93mwarning[0m[90m ts(6133): [0m'notFoundPath' is declared but its value is never read.

[7m16[0m const notFoundPath = getNotFoundPath(import.meta.env.BASE_URL);
[7m  [0m [93m      ~~~~~~~~~~~~[0m

[96msrc/pages/bilibili.astro[0m:[93m13[0m:[93m7[0m - [93mwarning[0m[90m ts(6133): [0m'notFoundPath' is declared but its value is never read.

[7m13[0m const notFoundPath = getNotFoundPath(import.meta.env.BASE_URL);
[7m  [0m [93m      ~~~~~~~~~~~~[0m

[96msrc/pages/booknav.astro[0m:[93m15[0m:[93m7[0m - [93mwarning[0m[90m ts(6133): [0m'notFoundPath' is declared but its value is never read.

[7m15[0m const notFoundPath = getNotFoundPath(import.meta.env.BASE_URL);
[7m  [0m [93m      ~~~~~~~~~~~~[0m

[96msrc/pages/friends.astro[0m:[93m17[0m:[93m7[0m - [93mwarning[0m[90m ts(6133): [0m'notFoundPath' is declared but its value is never read.

[7m17[0m const notFoundPath = getNotFoundPath(import.meta.env.BASE_URL);
[7m  [0m [93m      ~~~~~~~~~~~~[0m

[96msrc/pages/guestbook.astro[0m:[93m12[0m:[93m7[0m - [93mwarning[0m[90m ts(6133): [0m'notFoundPath' is declared but its value is never read.

[7m12[0m const notFoundPath = getNotFoundPath(import.meta.env.BASE_URL);
[7m  [0m [93m      ~~~~~~~~~~~~[0m

[96msrc/pages/myanimelist.astro[0m:[93m18[0m:[93m7[0m - [93mwarning[0m[90m ts(6133): [0m'notFoundPath' is declared but its value is never read.

[7m18[0m const notFoundPath = getNotFoundPath(import.meta.env.BASE_URL);
[7m  [0m [93m      ~~~~~~~~~~~~[0m

[96msrc/pages/sponsor.astro[0m:[93m12[0m:[93m7[0m - [93mwarning[0m[90m ts(6133): [0m'notFoundPath' is declared but its value is never read.

[7m12[0m const notFoundPath = getNotFoundPath(import.meta.env.BASE_URL);
[7m  [0m [93m      ~~~~~~~~~~~~[0m

[96msrc/pages/vndb.astro[0m:[93m20[0m:[93m7[0m - [93mwarning[0m[90m ts(6133): [0m'notFoundPath' is declared but its value is never read.

[7m20[0m const notFoundPath = getNotFoundPath(import.meta.env.BASE_URL);
[7m  [0m [93m      ~~~~~~~~~~~~[0m

[96msrc/pages/dynamic/comments.astro[0m:[93m7[0m:[93m7[0m - [93mwarning[0m[90m ts(6133): [0m'notFoundPath' is declared but its value is never read.

[7m7[0m const notFoundPath = getNotFoundPath(import.meta.env.BASE_URL);
[7m [0m [93m      ~~~~~~~~~~~~[0m

[96msrc/pages/dynamic/index.astro[0m:[93m13[0m:[93m7[0m - [93mwarning[0m[90m ts(6133): [0m'notFoundPath' is declared but its value is never read.

[7m13[0m const notFoundPath = getNotFoundPath(import.meta.env.BASE_URL);
[7m  [0m [93m      ~~~~~~~~~~~~[0m

[96msrc/pages/gallery/[album].astro[0m:[93m14[0m:[93m7[0m - [93mwarning[0m[90m ts(6133): [0m'notFoundPath' is declared but its value is never read.

[7m14[0m const notFoundPath = getNotFoundPath(import.meta.env.BASE_URL);
[7m  [0m [93m      ~~~~~~~~~~~~[0m

[96msrc/pages/gallery/index.astro[0m:[93m11[0m:[93m7[0m - [93mwarning[0m[90m ts(6133): [0m'notFoundPath' is declared but its value is never read.

[7m11[0m const notFoundPath = getNotFoundPath(import.meta.env.BASE_URL);
[7m  [0m [93m      ~~~~~~~~~~~~[0m

Result (257 files): 
- 0 errors
- 0 warnings
- 12 hints

