$ pnpm exec tsx scripts/generate-github-card-data.ts && pnpm exec tsx scripts/generate-lqips.ts && pnpm exec tsx scripts/generate-vndb-covers.ts && astro build && pnpm exec tsx scripts/prune-pio-assets.ts && pnpm exec tsx scripts/subset-fonts.ts && pnpm exec tsx scripts/minify-inline-scripts.ts && pnpm exec tsx scripts/run-pagefind.ts
[GITHUB-CARD] Cached 0 repositories (0 refreshed).
Loaded 23 existing entries from src/constants/lqips.json
Found 23 images, 0 new to process.

Done! Processed 0/0 new images. Total: 23. Output: src/constants/lqips.json
[VNDB] Page not enabled, skipping cover download
11:44:09 [content] Syncing content
11:44:09 [content] Astro config changed
11:44:09 [content] Clearing content store
11:44:09 [WARN] [glob-loader] No files found matching "**/*.md" in directory "src/content/dynamic"
11:44:09 [content] Synced content
11:44:09 [types] Generated 196ms
11:44:09 [build] output: "static"
11:44:09 [build] mode: "static"
11:44:09 [build] directory: /Users/zhenkun/GitHub/Zhenkun-blog-site/dist/
11:44:09 [build] Collecting build info...
11:44:09 [build] ✓ Completed in 269ms.
11:44:09 [build] Building static entrypoints...
11:44:10 [WARN] [astro-icon] Failed to load icons from "src/icons": ENOENT: no such file or directory, scandir 'src/icons/'
11:44:10 [assets] Copying fonts (22 files)...
11:44:10 [vite] ✓ built in 1.22s
11:44:11 [WARN] [vite] [plugin builtin:vite-reporter] 
(!) Some chunks are larger than 500 kB after minification. Consider:
- Using dynamic import() to code-split the application
- Use build.rolldownOptions.output.codeSplitting to improve chunking: https://rolldown.rs/reference/OutputOptions.codeSplitting
- Adjust chunk size limit for this warning via build.chunkSizeWarningLimit.
11:44:11 [vite] ✓ built in 389ms
11:44:11 [build] Rearranging server assets...

 generating static routes 
11:44:11   ├─ /404.html (+28ms) 
11:44:11   ├─ /about/index.html (+8ms) 
11:44:11   ├─ /api/allPostMeta.json (+1ms) 
11:44:11   ├─ /api/dynamic.json (+1ms) 
11:44:11   ├─ /archive/index.html (+6ms) 
11:44:11   ├─ /bangumi/index.html (+2ms) 
11:44:11   ├─ /bilibili/index.html (+1ms) 
11:44:11   ├─ /booknav/index.html (+1ms) 
11:44:11   ├─ /categories/index.html (+6ms) 
11:44:11   ├─ /dynamic/comments/index.html (+1ms) 
11:44:11   ├─ /dynamic/index.html (+4ms) 
11:44:11   ├─ /friends/index.html (+1ms) 
11:44:11   ├─ /gallery/firefly-2026/index.html (+1ms) 
11:44:11   ├─ /gallery/encrypted-test/index.html (+0ms) 
11:44:11   ├─ /gallery/index.html (+1ms) 
11:44:11   ├─ /guestbook/index.html (+1ms) 
11:44:11   ├─ /myanimelist/index.html (+1ms) 
11:44:11   ├─ /robots.txt (+0ms) 
11:44:11   ├─ /rss/index.html (+6ms) 
11:44:11   ├─ /rss.xml (+63ms) 
11:44:11   ├─ /search/index.html (+7ms) 
11:44:11   ├─ /series/index.html (+6ms) 
11:44:11   ├─ /sponsor/index.html (+1ms) 
11:44:11   ├─ /tags/index.html (+5ms) 
11:44:11   ├─ /vndb/index.html (+1ms) 
11:44:11   ├─ /index.html (+5ms) 
11:44:11 ✓ Completed in 388ms.

 generating optimized images 
11:44:11   ▶ /_astro/avatar.Vt-Igtud_Z1euN8K.webp (before: 64kB, after: 14kB) (+203ms) (1/32)
11:44:11   ▶ /_astro/m2.DdvPaSds_1VHfKI.webp (before: 27kB, after: 31kB) (+203ms) (2/32)
11:44:11   ▶ /_astro/m1.DEh_M2ue_3fm99.webp (before: 135kB, after: 70kB) (+204ms) (3/32)
11:44:11   ▶ /_astro/m3.D3bdkV68_Wf0DU.webp (before: 118kB, after: 64kB) (+204ms) (4/32)
11:44:11   ▶ /_astro/m6.Ca2EuEDu_1xiHm.webp (before: 73kB, after: 42kB) (+204ms) (5/32)
11:44:11   ▶ /_astro/d2.G7EObyHu_qFnQ4.webp (before: 56kB, after: 51kB) (+204ms) (6/32)
11:44:11   ▶ /_astro/m4.DzLJp29g_ZJs1Ko.webp (before: 142kB, after: 68kB) (+204ms) (7/32)
11:44:12   ▶ /_astro/d1.v_J1gD3P_ZdONv8.webp (before: 71kB, after: 70kB) (+388ms) (8/32)
11:44:12   ▶ /_astro/avatar.Vt-Igtud_JhzDK.webp (before: 64kB, after: 64kB) (+185ms) (9/32)
11:44:12   ▶ /_astro/d3.CGCRs0-H_20WKzV.webp (before: 99kB, after: 87kB) (+388ms) (10/32)
11:44:12   ▶ /_astro/m2.DdvPaSds_8pjwV.webp (before: 27kB, after: 42kB) (+185ms) (11/32)
11:44:12   ▶ /_astro/m5.UNwLEw9O_sA6Rs.webp (before: 79kB, after: 54kB) (+388ms) (12/32)
11:44:12   ▶ /_astro/m1.DEh_M2ue_1J0Sx0.webp (before: 135kB, after: 104kB) (+185ms) (13/32)
11:44:12   ▶ /_astro/m3.D3bdkV68_Z2rbALa.webp (before: 118kB, after: 94kB) (+185ms) (14/32)
11:44:12   ▶ /_astro/m6.Ca2EuEDu_Z1i7Woq.webp (before: 73kB, after: 60kB) (+379ms) (15/32)
11:44:12   ▶ /_astro/d2.G7EObyHu_TahXU.webp (before: 56kB, after: 87kB) (+383ms) (16/32)
11:44:12   ▶ /_astro/m4.DzLJp29g_IxVXx.webp (before: 142kB, after: 100kB) (+386ms) (17/32)
11:44:12   ▶ /_astro/d1.v_J1gD3P_BOt7J.webp (before: 71kB, after: 124kB) (+202ms) (18/32)
11:44:12   ▶ /_astro/d3.CGCRs0-H_2trEHM.webp (before: 99kB, after: 150kB) (+202ms) (19/32)
11:44:12   ▶ /_astro/m5.UNwLEw9O_Lr6z6.webp (before: 79kB, after: 77kB) (+202ms) (20/32)
11:44:12   ▶ /_astro/firefly-light.DZ-mS7Sc_vX7G3.webp (before: 3kB, after: 0kB) (+202ms) (21/32)
11:44:12   ▶ /_astro/d4.Brgr35k-_8LArN.webp (before: 73kB, after: 74kB) (+205ms) (22/32)
11:44:12   ▶ /_astro/firefly-dark.b7MsfgPt_J0y4b.webp (before: 4kB, after: 0kB) (+4ms) (23/32)
11:44:12   ▶ /_astro/firefly-light.DZ-mS7Sc_ZHQC47.webp (before: 3kB, after: 1kB) (+7ms) (24/32)
11:44:12   ▶ /_astro/firefly-dark.b7MsfgPt_ZlB5BS.webp (before: 4kB, after: 1kB) (+8ms) (25/32)
11:44:12   ▶ /_astro/firefly-light.DZ-mS7Sc_Q3GXQ.webp (before: 3kB, after: 2kB) (+8ms) (26/32)
11:44:12   ▶ /_astro/firefly-dark.b7MsfgPt_yHSA1.webp (before: 4kB, after: 2kB) (+5ms) (27/32)
11:44:12   ▶ /_astro/d5.z7QGp_dj_Z1kce4I.webp (before: 50kB, after: 60kB) (+249ms) (28/32)
11:44:12   ▶ /_astro/d6.DetxM4Sl_Z2sdb2b.webp (before: 64kB, after: 62kB) (+290ms) (29/32)
11:44:12   ▶ /_astro/d4.Brgr35k-_YqS5F.webp (before: 73kB, after: 126kB) (+142ms) (30/32)
11:44:12   ▶ /_astro/d5.z7QGp_dj_ZQHjVR.webp (before: 50kB, after: 93kB) (+146ms) (31/32)
11:44:12   ▶ /_astro/d6.DetxM4Sl_Z1YIgTk.webp (before: 64kB, after: 106kB) (+181ms) (32/32)
11:44:12 ✓ Completed in 860ms.

11:44:12 [build] ✓ Completed in 2.91s.
11:44:12 [@astrojs/sitemap] `sitemap-index.xml` created at `dist`
11:44:12 [build] 22 page(s) built in 3.21s
11:44:12 [build] Complete!
🎎 Pruning unused mascot assets in dist/...
   ✂ pio (14.62 MiB)
   ✂ _astro/Live2DWidget.astro_astro_type_script_index_0_lang.CnuKuERK.js (0.63 MiB)
✨ Pruned 2 mascot assets, freed 15.26 MiB
🔤 Font subsetting started...
   ⏭ Skipping '--font-greatvibes' — not referenced in selected or any font region.
   No local fonts with subset: true found. Skipping.
🗜 Minifying inline scripts in dist/...
✨ Minified 259 inline scripts in 9/22 HTML files, saved 378.7 KiB

Running Pagefind v1.5.2 (Extended)
Running from: "/Users/zhenkun/GitHub/Zhenkun-blog-site"
Source:       "dist"
Output:       "dist/pagefind"

[Walking source directory]
Found 22 files matching **/*.{html}

[Parsing files]
Found a data-pagefind-body element on the site.
↳ Ignoring pages without this tag.
13 pages found without an <html> element. 
Pages without an outer <html> element will not be processed by default. 
If adding this element is not possible, use the root selector config to target a different root element.
  * "/booknav/" has no <html> element
  * "/vndb/" has no <html> element
  * "/dynamic/comments/" has no <html> element
  * "/dynamic/" has no <html> element
  * "/bangumi/" has no <html> element
  * "/bilibili/" has no <html> element
  * "/gallery/" has no <html> element
  * "/gallery/firefly-2026/" has no <html> element
  * "/gallery/encrypted-test/" has no <html> element
  * "/myanimelist/" has no <html> element
  * "/sponsor/" has no <html> element
  * "/guestbook/" has no <html> element
  * "/friends/" has no <html> element

[Reading languages]
Discovered 1 language: zh-cn

[Building search indexes]
Total: 
  Indexed 1 language
  Indexed 1 page
  Indexed 98 words
  Indexed 0 filters
  Indexed 0 sorts
Note: Pagefind doesn't support stemming for the language zh-cn. 
Search will still work, but will not match across root words.
Note: Pagefind doesn't support stemming for the language zh-cn. 
Search will still work, but will not match across root words.

Finished in 0.112 seconds
