[0mscripts/zhenkun-test-r1a-data.mjs[0m[0m [0m[0mformat[0m[0m [0m[0m━━━━━━━━━━━━━━━━━━━━━━━━━━━━━━━━━━━━━━━━━━━━━━━━━━━━━━━━━━━[0m[0m

[0m[0m  [0m[0m[1m[31m✖[0m[0m [0m[0m[31mFile content differs from formatting output[0m[0m
[0m[0m  [0m[0m
[0m[0m  [0m[0m  [0m[0m[1m106[0m[0m [0m[0m[1m106[0m[0m[1m │ [0m[0m [0m[0m [0m[0m [0m[0m [0m[0ma[0m[0ms[0m[0ms[0m[0me[0m[0mr[0m[0mt[0m[0m.[0m[0md[0m[0me[0m[0me[0m[0mp[0m[0mE[0m[0mq[0m[0mu[0m[0ma[0m[0ml[0m[0m([0m[0m[[0m[0m.[0m[0m.[0m[0m.[0m[0mp[0m[0ma[0m[0mr[0m[0ms[0m[0me[0m[0md[0m[0m][0m[0m,[0m[0m [0m[0m[[0m[0m2[0m[0m3[0m[0m,[0m[0m [0m[0m4[0m[0m2[0m[0m][0m[0m)[0m[0m;[0m[0m
[0m[0m  [0m[0m  [0m[0m[1m107[0m[0m [0m[0m[1m107[0m[0m[1m │ [0m[0m [0m[0m [0m[0m [0m[0m [0m[0ma[0m[0ms[0m[0ms[0m[0me[0m[0mr[0m[0mt[0m[0m.[0m[0me[0m[0mq[0m[0mu[0m[0ma[0m[0ml[0m[0m([0m[0mp[0m[0ma[0m[0mr[0m[0ms[0m[0me[0m[0md[0m[0m.[0m[0mb[0m[0mu[0m[0mf[0m[0mf[0m[0me[0m[0mr[0m[0m.[0m[0mb[0m[0my[0m[0mt[0m[0me[0m[0mL[0m[0me[0m[0mn[0m[0mg[0m[0mt[0m[0mh[0m[0m,[0m[0m [0m[0m2[0m[0m)[0m[0m;[0m[0m
[0m[0m  [0m[0m  [0m[0m[1m108[0m[0m [0m[0m [0m[0m [0m[0m [0m[0m[1m │ [0m[0m[31m-[0m[0m [0m[0m[2m[31m→ [0m[0m[31mc[0m[0m[31mo[0m[0m[31mn[0m[0m[31ms[0m[0m[31mt[0m[0m[2m[31m·[0m[0m[31mu[0m[0m[31mn[0m[0m[31me[0m[0m[31mv[0m[0m[31ma[0m[0m[31ml[0m[0m[31mu[0m[0m[31ma[0m[0m[31mt[0m[0m[31me[0m[0m[31md[0m[0m[2m[31m·[0m[0m[31m=[0m[0m[2m[31m·[0m[0m[31mr[0m[0m[31mu[0m[0m[31mn[0m[0m[31mI[0m[0m[31mn[0m[0m[31mN[0m[0m[31me[0m[0m[31mw[0m[0m[31mC[0m[0m[31mo[0m[0m[31mn[0m[0m[31mt[0m[0m[31me[0m[0m[31mx[0m[0m[31mt[0m[0m[31m([0m[0m[31m`[0m[0m[31m([0m[0m[31m$[0m[0m[31m{[0m[0m[31md[0m[0m[31me[0m[0m[31mv[0m[0m[31ma[0m[0m[31ml[0m[0m[31mu[0m[0m[31me[0m[0m[31m.[0m[0m[31mu[0m[0m[31mn[0m[0m[31me[0m[0m[31mv[0m[0m[31ma[0m[0m[31ml[0m[0m[31m([0m[0m[31m{[0m[0m[2m[31m·[0m[0m[31mv[0m[0m[31mi[0m[0m[31ms[0m[0m[31mi[0m[0m[31mb[0m[0m[31ml[0m[0m[31me[0m[0m[2m[31m·[0m[0m[31m}[0m[0m[31m)[0m[0m[31m}[0m[0m[31m)[0m[0m[31m`[0m[0m[31m,[0m[0m[1m[2m[31m·[0m[0m[31m{[0m[0m[31m}[0m[0m[31m,[0m[0m[1m[2m[31m·[0m[0m[31m{[0m[0m
[0m[0m  [0m[0m  [0m[0m[1m109[0m[0m [0m[0m [0m[0m [0m[0m [0m[0m[1m │ [0m[0m[31m-[0m[0m [0m[0m[2m[31m→ [0m[0m[2m[31m→ [0m[0m[31mt[0m[0m[31mi[0m[0m[31mm[0m[0m[31me[0m[0m[31mo[0m[0m[31mu[0m[0m[31mt[0m[0m[31m:[0m[0m[2m[31m·[0m[0m[31m1[0m[0m[31m0[0m[0m[31m0[0m[0m[31m0[0m[0m[31m,[0m[0m
[0m[0m  [0m[0m  [0m[0m[1m110[0m[0m [0m[0m [0m[0m [0m[0m [0m[0m[1m │ [0m[0m[31m-[0m[0m [0m[0m[2m[31m→ [0m[0m[31m}[0m[0m[31m)[0m[0m[31m.[0m[0m[31mv[0m[0m[31mi[0m[0m[31ms[0m[0m[31mi[0m[0m[31mb[0m[0m[31ml[0m[0m[31me[0m[0m[31m;[0m[0m
[0m[0m  [0m[0m  [0m[0m [0m[0m [0m[0m [0m[0m [0m[0m[1m108[0m[0m[1m │ [0m[0m[32m+[0m[0m [0m[0m[2m[32m→ [0m[0m[32mc[0m[0m[32mo[0m[0m[32mn[0m[0m[32ms[0m[0m[32mt[0m[0m[2m[32m·[0m[0m[32mu[0m[0m[32mn[0m[0m[32me[0m[0m[32mv[0m[0m[32ma[0m[0m[32ml[0m[0m[32mu[0m[0m[32ma[0m[0m[32mt[0m[0m[32me[0m[0m[32md[0m[0m[2m[32m·[0m[0m[32m=[0m[0m[2m[32m·[0m[0m[32mr[0m[0m[32mu[0m[0m[32mn[0m[0m[32mI[0m[0m[32mn[0m[0m[32mN[0m[0m[32me[0m[0m[32mw[0m[0m[32mC[0m[0m[32mo[0m[0m[32mn[0m[0m[32mt[0m[0m[32me[0m[0m[32mx[0m[0m[32mt[0m[0m[32m([0m[0m
[0m[0m  [0m[0m  [0m[0m [0m[0m [0m[0m [0m[0m [0m[0m[1m109[0m[0m[1m │ [0m[0m[32m+[0m[0m [0m[0m[1m[2m[32m→ [0m[0m[1m[2m[32m→ [0m[0m[32m`[0m[0m[32m([0m[0m[32m$[0m[0m[32m{[0m[0m[32md[0m[0m[32me[0m[0m[32mv[0m[0m[32ma[0m[0m[32ml[0m[0m[32mu[0m[0m[32me[0m[0m[32m.[0m[0m[32mu[0m[0m[32mn[0m[0m[32me[0m[0m[32mv[0m[0m[32ma[0m[0m[32ml[0m[0m[32m([0m[0m[32m{[0m[0m[2m[32m·[0m[0m[32mv[0m[0m[32mi[0m[0m[32ms[0m[0m[32mi[0m[0m[32mb[0m[0m[32ml[0m[0m[32me[0m[0m[2m[32m·[0m[0m[32m}[0m[0m[32m)[0m[0m[32m}[0m[0m[32m)[0m[0m[32m`[0m[0m[32m,[0m[0m
[0m[0m  [0m[0m  [0m[0m [0m[0m [0m[0m [0m[0m [0m[0m[1m110[0m[0m[1m │ [0m[0m[32m+[0m[0m [0m[0m[1m[2m[32m→ [0m[0m[1m[2m[32m→ [0m[0m[32m{[0m[0m[32m}[0m[0m[32m,[0m[0m
[0m[0m  [0m[0m  [0m[0m [0m[0m [0m[0m [0m[0m [0m[0m[1m111[0m[0m[1m │ [0m[0m[32m+[0m[0m [0m[0m[1m[2m[32m→ [0m[0m[1m[2m[32m→ [0m[0m[32m{[0m[0m
[0m[0m  [0m[0m  [0m[0m [0m[0m [0m[0m [0m[0m [0m[0m[1m112[0m[0m[1m │ [0m[0m[32m+[0m[0m [0m[0m[2m[32m→ [0m[0m[2m[32m→ [0m[0m[1m[2m[32m→ [0m[0m[32mt[0m[0m[32mi[0m[0m[32mm[0m[0m[32me[0m[0m[32mo[0m[0m[32mu[0m[0m[32mt[0m[0m[32m:[0m[0m[2m[32m·[0m[0m[32m1[0m[0m[32m0[0m[0m[32m0[0m[0m[32m0[0m[0m[32m,[0m[0m
[0m[0m  [0m[0m  [0m[0m [0m[0m [0m[0m [0m[0m [0m[0m[1m113[0m[0m[1m │ [0m[0m[32m+[0m[0m [0m[0m[2m[32m→ [0m[0m[1m[2m[32m→ [0m[0m[32m}[0m[0m[1m[32m,[0m[0m
[0m[0m  [0m[0m  [0m[0m [0m[0m [0m[0m [0m[0m [0m[0m[1m114[0m[0m[1m │ [0m[0m[32m+[0m[0m [0m[0m[1m[2m[32m→ [0m[0m[32m)[0m[0m[32m.[0m[0m[32mv[0m[0m[32mi[0m[0m[32ms[0m[0m[32mi[0m[0m[32mb[0m[0m[32ml[0m[0m[32me[0m[0m[32m;[0m[0m
[0m[0m  [0m[0m  [0m[0m[1m111[0m[0m [0m[0m[1m115[0m[0m[1m │ [0m[0m [0m[0m [0m[0m [0m[0m [0m[0ma[0m[0ms[0m[0ms[0m[0me[0m[0mr[0m[0mt[0m[0m.[0m[0md[0m[0me[0m[0me[0m[0mp[0m[0mE[0m[0mq[0m[0mu[0m[0ma[0m[0ml[0m[0m([0m[0m[[0m[0m.[0m[0m.[0m[0m.[0m[0mu[0m[0mn[0m[0me[0m[0mv[0m[0ma[0m[0ml[0m[0mu[0m[0ma[0m[0mt[0m[0me[0m[0md[0m[0m][0m[0m,[0m[0m [0m[0m[[0m[0m2[0m[0m3[0m[0m,[0m[0m [0m[0m4[0m[0m2[0m[0m][0m[0m)[0m[0m;[0m[0m
[0m[0m  [0m[0m  [0m[0m[1m112[0m[0m [0m[0m[1m116[0m[0m[1m │ [0m[0m [0m[0m [0m[0m [0m[0m [0m[0ma[0m[0ms[0m[0ms[0m[0me[0m[0mr[0m[0mt[0m[0m.[0m[0me[0m[0mq[0m[0mu[0m[0ma[0m[0ml[0m[0m([0m[0mu[0m[0mn[0m[0me[0m[0mv[0m[0ma[0m[0ml[0m[0mu[0m[0ma[0m[0mt[0m[0me[0m[0md[0m[0m.[0m[0mb[0m[0mu[0m[0mf[0m[0mf[0m[0me[0m[0mr[0m[0m.[0m[0mb[0m[0my[0m[0mt[0m[0me[0m[0mL[0m[0me[0m[0mn[0m[0mg[0m[0mt[0m[0mh[0m[0m,[0m[0m [0m[0m2[0m[0m)[0m[0m;[0m[0m
[0m[0m  [0m[0m
[0m
[0m[34mChecked 299 files in 84[0m[0m[2m[34mms[0m[0m[34m.[0m[0m[34m No fixes applied.[0m[0m
[0m[0m[31mFound [0m[0m[31m1[0m[0m[31m error.[0m
[0mci[0m[0m [0m[0m━━━━━━━━━━━━━━━━━━━━━━━━━━━━━━━━━━━━━━━━━━━━━━━━━━━━━━━━━━━━━━━━━━━━━━━━━━━━━━━━━━━━━━━━━━━━━━━━━[0m[0m

[0m[0m  [0m[0m[1m[31m✖[0m[0m [0m[0m[31mSome [0m[0m[1m[31merrors[0m[0m[31m were emitted while [0m[0m[1m[31mrunning checks[0m[0m[31m.[0m[0m
[0m[0m  [0m[0m
[0m
