✔ disabled dynamic endpoint returns no configured content and performs no work (13.192833ms)
✔ disabled dynamic endpoint succeeds without even loading a failing content source (0.176042ms)
✔ enabled dynamic endpoint preserves real Markdown, image metadata, sorting and JSON schema (37.782208ms)
✔ enabled dynamic endpoint retains a valid empty collection response (0.274459ms)
✔ CI accepts an empty public corpus with a searchable About page (5.14875ms)
✔ CI follows public metadata count when approved articles are added (3.236042ms)
✔ CI rejects Astro-only output without the Pagefind module (2.024667ms)
✔ CI rejects a module without any indexed language (2.351583ms)
✔ CI rejects an empty Pagefind language (2.411792ms)
✔ CI rejects a public post URL that lost the deployment base (1.414333ms)
✔ CI rejects duplicate public IDs (1.251875ms)
✔ / logical routes retain their identity when the base name collides (0.769334ms)
✔ /Zhenkun-blog-site/ logical routes retain their identity when the base name collides (0.092125ms)
✔ /about/ logical routes retain their identity when the base name collides (0.24325ms)
✔ /archive/ logical routes retain their identity when the base name collides (0.113875ms)
✔ / sitemap excludes closed booknav/ (0.087833ms)
✔ / sitemap excludes closed friends/ (0.054ms)
✔ / sitemap excludes closed sponsor/ (0.03075ms)
✔ / sitemap excludes closed guestbook/ (0.032208ms)
✔ / sitemap excludes closed bangumi/ (0.045416ms)
✔ / sitemap excludes closed vndb/ (0.069708ms)
✔ / sitemap excludes closed myanimelist/ (0.046834ms)
✔ / sitemap excludes closed gallery/ (0.030292ms)
✔ / sitemap excludes closed gallery/album/ (0.022625ms)
✔ / sitemap excludes closed bilibili/ (0.023666ms)
✔ / sitemap excludes closed dynamic/ (0.020167ms)
✔ / sitemap excludes closed dynamic/comments/ (0.022ms)
✔ / sitemap excludes closed 404/ (0.017417ms)
✔ / sitemap excludes closed 404.html (0.017667ms)
✔ / enabled parent admits its child; unrelated routes survive (0.05975ms)
✔ / comments require both the parent and comment capability (0.034584ms)
✔ / public images accept one existing base prefix (0.04025ms)
✔ / OG uses literal encoded identity under the deployment base (1.176541ms)
✔ / canonical strips filter query and fragment without changing the input (0.159542ms)
✔ / error destination points at the emitted static file (0.135334ms)
✔ /Zhenkun-blog-site/ sitemap excludes closed booknav/ (0.073541ms)
✔ /Zhenkun-blog-site/ sitemap excludes closed friends/ (0.048917ms)
✔ /Zhenkun-blog-site/ sitemap excludes closed sponsor/ (0.0325ms)
✔ /Zhenkun-blog-site/ sitemap excludes closed guestbook/ (0.021583ms)
✔ /Zhenkun-blog-site/ sitemap excludes closed bangumi/ (0.213875ms)
✔ /Zhenkun-blog-site/ sitemap excludes closed vndb/ (0.081708ms)
✔ /Zhenkun-blog-site/ sitemap excludes closed myanimelist/ (0.06925ms)
✔ /Zhenkun-blog-site/ sitemap excludes closed gallery/ (0.056959ms)
✔ /Zhenkun-blog-site/ sitemap excludes closed gallery/album/ (0.04725ms)
✔ /Zhenkun-blog-site/ sitemap excludes closed bilibili/ (0.073333ms)
✔ /Zhenkun-blog-site/ sitemap excludes closed dynamic/ (0.073875ms)
✔ /Zhenkun-blog-site/ sitemap excludes closed dynamic/comments/ (0.049709ms)
✔ /Zhenkun-blog-site/ sitemap excludes closed 404/ (0.033125ms)
✔ /Zhenkun-blog-site/ sitemap excludes closed 404.html (0.024583ms)
✔ /Zhenkun-blog-site/ enabled parent admits its child; unrelated routes survive (0.044042ms)
✔ /Zhenkun-blog-site/ comments require both the parent and comment capability (0.024875ms)
✔ /Zhenkun-blog-site/ public images accept one existing base prefix (0.040792ms)
✔ /Zhenkun-blog-site/ OG uses literal encoded identity under the deployment base (0.083792ms)
✔ /Zhenkun-blog-site/ canonical strips filter query and fragment without changing the input (0.037667ms)
✔ /Zhenkun-blog-site/ error destination points at the emitted static file (0.035625ms)
✔ base stripping is segment aware and strips only once (0.077083ms)
✔ public asset traversal and unsafe bases fail (0.062167ms)
✔ repeated SPA script execution installs only one set of document delegates (1.387583ms)
✔ one accordion click makes exactly one transition after repeated SPA visits (0.529625ms)
✔ root: inline and standalone links use the same public route (7.309167ms)
✔ root: aliases, Obsidian automatic aliases and multiple references (1.893125ms)
✔ root: compatible heading links retain anchors and avoid cards (3.449583ms)
✔ root: production rejects draft target by slug without metadata disclosure (0.785875ms)
✔ root: production rejects draft target by path without metadata disclosure (0.493209ms)
✔ root: production rejects draft target by basename without metadata disclosure (0.455625ms)
✔ root: production rejects missing targets and development leaves actionable text (1.047542ms)
✔ root: unsupported embeds and block references do not become links (1.484667ms)
✔ subpath: inline and standalone links use the same public route (0.567709ms)
✔ subpath: aliases, Obsidian automatic aliases and multiple references (0.822458ms)
✔ subpath: compatible heading links retain anchors and avoid cards (0.756208ms)
✔ subpath: production rejects draft target by slug without metadata disclosure (0.300084ms)
✔ subpath: production rejects draft target by path without metadata disclosure (0.2635ms)
✔ subpath: production rejects draft target by basename without metadata disclosure (0.266833ms)
✔ subpath: production rejects missing targets and development leaves actionable text (0.547875ms)
✔ subpath: unsupported embeds and block references do not become links (1.580125ms)
✔ source drafts skip production Wiki conversion before resolving targets (0.371834ms)
✔ development can deliberately preview draft metadata (0.419042ms)
✔ duplicate basename is ambiguous regardless of enumeration order (one/public) (0.532125ms)
✔ duplicate basename is ambiguous regardless of enumeration order (two/public) (0.496083ms)
✔ a hidden exact path cannot fall back to another public basename (0.361292ms)
✔ duplicate article IDs reject the index instead of selecting the first entry (0.210417ms)
✔ invalid or unsupported source target is not a ghost link: ../secret (0.296708ms)
✔ invalid or unsupported source target is not a ghost link: /drafts/secret (0.230125ms)
✔ invalid or unsupported source target is not a ghost link: guide/../../secret (0.242125ms)
✔ invalid or unsupported source target is not a ghost link: guide\source (0.302542ms)
✔ invalid or unsupported source target is not a ghost link: guide//source (0.240125ms)
✔ invalid or unsupported source target is not a ghost link: guide/source.markdown (0.248ms)
✔ unsafe article ID fails before metadata can render: "../secret" (0.054ms)
✔ unsafe article ID fails before metadata can render: "/secret" (0.025167ms)
✔ unsafe article ID fails before metadata can render: "a//b" (0.023083ms)
✔ unsafe article ID fails before metadata can render: "a\\b" (0.0255ms)
✔ unsafe article ID fails before metadata can render: "a%2fb" (0.021334ms)
✔ unsafe article ID fails before metadata can render: "a?b" (0.020583ms)
✔ unsafe article ID fails before metadata can render: "a#b" (0.033625ms)
✔ unsafe article ID fails before metadata can render: "https:note" (0.023875ms)
✔ unsafe article ID fails before metadata can render: "a\u0000b" (0.033583ms)
✔ unsafe article ID fails before metadata can render: "é" (0.028916ms)
✔ unsafe article ID fails before metadata can render: " padded" (0.023166ms)
✔ unsafe article ID fails before metadata can render: "a/ padded" (0.0205ms)
✔ article identity agrees with installed Astro and literal route: topic-folder/my-note (0.917ms)
✔ article identity agrees with installed Astro and literal route: section (0.636709ms)
✔ article identity agrees with installed Astro and literal route: 中文/文章 (0.760708ms)
✔ article identity agrees with installed Astro and literal route: custom/index (1.603042ms)
✔ article identity agrees with installed Astro and literal route: custom/article.md (1.293334ms)
✔ article identity agrees with installed Astro and literal route: Case/Space Note (0.587042ms)
✔ source extension aliases resolve while explicit .md article IDs stay literal (0.693666ms)
✔ public/remote card cover uses its correct URL: /assets/cover.webp at / (0.318875ms)
✔ public/remote card cover uses its correct URL: /assets/cover.webp at /Zhenkun-blog-site/ (0.256917ms)
✔ public/remote card cover uses its correct URL: /Zhenkun-blog-site/assets/cover.webp at /Zhenkun-blog-site/ (0.235167ms)
✔ public/remote card cover uses its correct URL: /assets/cover.webp?version=2#preview at /Zhenkun-blog-site/ (0.223375ms)
✔ public/remote card cover uses its correct URL: https://images.example.invalid/cover.webp at /Zhenkun-blog-site/ (0.265667ms)
✔ public/remote card cover uses its correct URL: //images.example.invalid/cover.webp at /Zhenkun-blog-site/ (0.239416ms)
✔ missing relative cover omits the image without failing the reference (0.346917ms)
✔ relative cover outside approved source roots rejects publication (0.391542ms)
✔ API card cover uses injected deterministic URLs and the literal article ID (0.452709ms)
✔ protected public cards expose allowed metadata but never password or target body (0.262458ms)
✔ Wiki syntax inside code and existing Markdown links remains unchanged (1.193667ms)
✔ native MDX compiles public inline references and metadata cards (5.1625ms)
✔ native MDX leaves JSX attributes, JSX children, expressions and ESM untouched (3.183042ms)
✔ native MDX applies production rejection and development diagnostics (3.603125ms)
✔ real scanner admits lowercase Markdown/MDX, skips dotfiles and excluded extensions (8.039208ms)
✔ real scanner rejects visible symlinks without following file or directory targets (0.343791ms)
✔ real scanner rejects a source root that passes through a symlink (0.113416ms)
✔ real scanner fails malformed frontmatter and invalid draft/slug data without disclosure (0.634958ms)
✔ real scanner duplicate .md/.mdx identities fail index construction (0.176833ms)
✔ logical routes always get their base while explicit public-asset deduplication is bounded (0.328292ms)
✔ deployment configuration rejects authority, traversal and control-character bases (0.09475ms)
✔ internal URL input rejects browser authority reinterpretation and path traversal (0.087834ms)
✔ explicit nonstandard slug is safely encoded without changing identity: quote/"double" (2.004375ms)
✔ explicit nonstandard slug is safely encoded without changing identity: quote/'single' (1.232959ms)
✔ explicit nonstandard slug is safely encoded without changing identity: html/<svg onload='run()'>& (0.928625ms)
✔ publication build gate permits only the production environment (0.110334ms)
✔ draft preview and synchronization commands do not trigger the build gate (0.0355ms)
✔ R1a exact real-parent versions and unaffected YAML4 (1.545625ms)
✔ devalue stringify/parse preserves supported rich data, identity and cycles (4.641292ms)
✔ devalue uneval escapes harmless HTML data and reconstructs its value (1.504125ms)
✔ devalue serializes only the visible bytes of a bounded owned Buffer view (0.514208ms)
✔ actual Astro store serialization and chunk parser round-trip Unicode/date data (3.296375ms)
✔ actual Svelte server payload and client hydratable data handoff (15.113834ms)
✔ actual gray-matter frontmatter preserves dates, Unicode tags and aliases (2.979625ms)
✔ first query survives lazy backend initialization (12.988708ms)
✔ rapid edits debounce to the latest query (26.525458ms)
✔ older search response cannot replace a newer result (18.209083ms)
✔ older result data cannot replace a newer result (16.458125ms)
✔ clearing to "" invalidates an in-flight query (10.745583ms)
✔ clearing to "  \n " invalidates an in-flight query (11.325875ms)
✔ empty query never loads or searches the backend (4.811542ms)
✔ zero results complete without leaving a spinner (4.923916ms)
✔ backend failure clears stale results and permits a retry (16.6075ms)
✔ stale failure cannot clear the newer success (15.765333ms)
✔ cancel before debounce prevents any backend call (21.375625ms)
✔ cancel during initialization cannot resurrect a closed panel (11.227583ms)
✔ dispose before debounce prevents any backend call (21.810791ms)
✔ dispose during initialization cannot resurrect a closed panel (9.973209ms)
✔ a new SPA session is independent of disposed work (17.035791ms)
✔ dispose is idempotent and future edits publish nothing (6.125958ms)
✔ closing and reopening the same query searches again (10.938458ms)
✔ old completion does not stop a newer pending query (23.159583ms)
✔ ESM: @swup/parallel-plugin resolves exact cross-major base and requirements (21.004875ms)
✔ ESM: @swup/route-name-plugin resolves exact cross-major base and requirements (1.834667ms)
✔ ESM: actual Swup hooks mount/unmount twice, route naming and classes (6.222084ms)
✔ ESM: parallel visit marking, insertion, restoration, cleanup and disabled visit (3.011875ms)
✔ CJS: @swup/parallel-plugin resolves exact cross-major base and requirements (3.595417ms)
✔ CJS: @swup/route-name-plugin resolves exact cross-major base and requirements (0.850834ms)
✔ CJS: actual Swup hooks mount/unmount twice, route naming and classes (2.586917ms)
✔ CJS: parallel visit marking, insertion, restoration, cleanup and disabled visit (1.602417ms)
ℹ tests 166
ℹ suites 0
ℹ pass 166
ℹ fail 0
ℹ cancelled 0
ℹ skipped 0
ℹ todo 0
ℹ duration_ms 499.132625
