# PUBLIC PRIVACY PROJECTION; original SHA256 83157840ec0ff99e148c5629967f754b576d67f54a90b6408ba1dc66c8a2cc02; local raw original retained.
✓ Lockfile passes supply-chain policies (verified 32m ago)
Lockfile is up to date, resolution step is skipped
Progress: resolved 1, reused 0, downloaded 0, added 0
Packages: +730
++++++++++++++++++++++++++++++++++++++++++++++++++++++++++++++++++++++++++++++++
Packages are cloned from the content-addressable store to the virtual store.
  Content-addressable store is at: <local-home>/.local/share/pnpm/store/v11
  Virtual store is at:             node_modules/.pnpm
Progress: resolved 730, reused 728, downloaded 0, added 406
Progress: resolved 730, reused 728, downloaded 0, added 730, done

dependencies:
+ @astrojs/check 0.9.10
+ @astrojs/cloudflare 14.2.6
+ @astrojs/markdown-remark 7.3.0
+ @astrojs/markdown-satteri 0.3.7
+ @astrojs/mdx 7.0.8
+ @astrojs/rss 4.0.19
+ @astrojs/sitemap 3.7.4
+ @astrojs/svelte 9.0.1
+ @expressive-code/plugin-collapsible-sections 0.44.2
+ @expressive-code/plugin-line-numbers 0.44.2
+ @fancyapps/ui 6.1.14
+ @iconify-json/fa7-brands 1.2.4
+ @iconify-json/fa7-regular 1.2.3
+ @iconify-json/fa7-solid 1.2.5
+ @iconify-json/material-symbols 1.2.90
+ @iconify-json/mingcute 1.2.8
+ @iconify-json/simple-icons 1.2.94
+ @iconify/svelte 5.2.2
+ @iconify/types 2.0.0
+ @iconify/utils 3.1.4
+ @mermanjs/web 0.8.0-alpha.3
+ @napi-rs/wasm-runtime 1.2.3
+ @swup/astro 1.8.0
+ @tailwindcss/typography 0.5.20
+ @types/hast 3.0.5
+ @types/mdast 4.0.4
+ astro 7.2.10
+ astro-expressive-code 0.44.2
+ astro-icon 1.2.0
+ ci-info 4.4.0
+ dayjs 1.11.23
+ ec-lang-logo 1.0.5
+ expressive-code-collapsible 0.1.0
+ expressive-code-language-badge 1.1.0
+ github-slugger 2.0.0
+ glob 13.0.6
+ gray-matter 4.0.3
+ hast-util-from-html 2.0.3
+ hastscript 9.0.1
+ katex 0.18.5
+ l2d-widget 0.1.2
+ marked 18.0.11
+ mdast-util-to-string 4.0.0
+ pagefind 1.5.2
+ pako 3.0.1
+ qrcode 1.5.4
+ reading-time 1.5.0
+ rehype-autolink-headings 7.1.0
+ rehype-code-group 0.3.1
+ rehype-components 0.3.0
+ rehype-katex 7.0.1
+ rehype-slug 6.0.0
+ remark-admonition-to-blockquote-callout 1.0.0
+ remark-directive 4.0.0
+ remark-math 6.0.0
+ remark-sectionize 2.1.0
+ sanitize-html 2.17.7
+ satteri 0.10.5
+ sharp 0.35.5
+ stylus 0.64.0
+ svelte 5.57.0
+ tailwindcss 4.3.3
+ takumi-js 2.13.3
+ tsx 4.23.13
+ typescript 6.0.3
+ unist-util-visit 5.1.0
+ wrangler 4.127.1

devDependencies:
+ @astrojs/ts-plugin 1.10.11
+ @biomejs/biome 2.5.11
+ @iconify-json/mdi 1.2.3
+ @iconify-json/svg-spinners 1.2.4
+ @tailwindcss/vite 4.3.3
+ @types/qrcode 1.5.6
+ @types/sanitize-html 2.16.1
+ esbuild 0.28.2
+ pinyin-pro 3.29.3
+ postcss-import 16.2.0
+ postcss-nesting 14.0.1
+ rehype-callouts 2.2.0
+ subset-font 2.7.0

Done in 4.5s using pnpm v11.22.0
