✔ root: inline and standalone links use the same public route (7.225083ms)
✔ root: aliases, Obsidian automatic aliases and multiple references (1.705ms)
✔ root: compatible heading links retain anchors and avoid cards (3.239416ms)
✔ root: production rejects draft target by slug without metadata disclosure (0.7625ms)
✔ root: production rejects draft target by path without metadata disclosure (0.373ms)
✔ root: production rejects draft target by basename without metadata disclosure (0.34575ms)
✔ root: production rejects missing targets and development leaves actionable text (0.817459ms)
✔ root: unsupported embeds and block references do not become links (2.050333ms)
✔ subpath: inline and standalone links use the same public route (0.641208ms)
✔ subpath: aliases, Obsidian automatic aliases and multiple references (0.873583ms)
✔ subpath: compatible heading links retain anchors and avoid cards (0.778541ms)
✔ subpath: production rejects draft target by slug without metadata disclosure (0.329917ms)
✔ subpath: production rejects draft target by path without metadata disclosure (0.278542ms)
✔ subpath: production rejects draft target by basename without metadata disclosure (0.307375ms)
✔ subpath: production rejects missing targets and development leaves actionable text (0.570375ms)
✔ subpath: unsupported embeds and block references do not become links (1.767542ms)
✔ source drafts skip production Wiki conversion before resolving targets (0.378166ms)
✔ development can deliberately preview draft metadata (0.450291ms)
✔ duplicate basename is ambiguous regardless of enumeration order (one/public) (0.526667ms)
✔ duplicate basename is ambiguous regardless of enumeration order (two/public) (0.438417ms)
✔ a hidden exact path cannot fall back to another public basename (0.329542ms)
✔ duplicate article IDs reject the index instead of selecting the first entry (0.19125ms)
✔ invalid or unsupported source target is not a ghost link: ../secret (0.283042ms)
✔ invalid or unsupported source target is not a ghost link: /drafts/secret (0.233875ms)
✔ invalid or unsupported source target is not a ghost link: guide/../../secret (0.223417ms)
✔ invalid or unsupported source target is not a ghost link: guide\source (0.308041ms)
✔ invalid or unsupported source target is not a ghost link: guide//source (0.246958ms)
✔ invalid or unsupported source target is not a ghost link: guide/source.markdown (0.251791ms)
✔ unsafe article ID fails before metadata can render: "../secret" (0.052584ms)
✔ unsafe article ID fails before metadata can render: "/secret" (0.024ms)
✔ unsafe article ID fails before metadata can render: "a//b" (0.024167ms)
✔ unsafe article ID fails before metadata can render: "a\\b" (0.024083ms)
✔ unsafe article ID fails before metadata can render: "a%2fb" (0.021709ms)
✔ unsafe article ID fails before metadata can render: "a?b" (0.022625ms)
✔ unsafe article ID fails before metadata can render: "a#b" (0.030042ms)
✔ unsafe article ID fails before metadata can render: "https:note" (0.026583ms)
✔ unsafe article ID fails before metadata can render: "a\u0000b" (0.025292ms)
✔ unsafe article ID fails before metadata can render: "é" (0.29075ms)
✔ unsafe article ID fails before metadata can render: " padded" (0.036125ms)
✔ unsafe article ID fails before metadata can render: "a/ padded" (0.026459ms)
✔ article identity agrees with installed Astro and literal route: topic-folder/my-note (1.10325ms)
✔ article identity agrees with installed Astro and literal route: section (0.652292ms)
✔ article identity agrees with installed Astro and literal route: 中文/文章 (0.732084ms)
✔ article identity agrees with installed Astro and literal route: custom/index (0.677ms)
✔ article identity agrees with installed Astro and literal route: custom/article.md (1.009708ms)
✔ article identity agrees with installed Astro and literal route: Case/Space Note (1.076167ms)
✔ source extension aliases resolve while explicit .md article IDs stay literal (0.705375ms)
✔ public/remote card cover uses its correct URL: /assets/cover.webp at / (0.323666ms)
✔ public/remote card cover uses its correct URL: /assets/cover.webp at /Zhenkun-blog-site/ (0.279417ms)
✔ public/remote card cover uses its correct URL: /Zhenkun-blog-site/assets/cover.webp at /Zhenkun-blog-site/ (0.236334ms)
✔ public/remote card cover uses its correct URL: /assets/cover.webp?version=2#preview at /Zhenkun-blog-site/ (0.225583ms)
✔ public/remote card cover uses its correct URL: https://images.example.invalid/cover.webp at /Zhenkun-blog-site/ (0.272292ms)
✔ public/remote card cover uses its correct URL: //images.example.invalid/cover.webp at /Zhenkun-blog-site/ (0.236416ms)
✔ missing relative cover omits the image without failing the reference (0.343584ms)
✔ relative cover outside approved source roots rejects publication (0.404791ms)
✔ API card cover uses injected deterministic URLs and the literal article ID (0.464666ms)
✔ protected public cards expose allowed metadata but never password or target body (0.27525ms)
✔ Wiki syntax inside code and existing Markdown links remains unchanged (1.141042ms)
✔ native MDX compiles public inline references and metadata cards (5.090208ms)
✔ native MDX leaves JSX attributes, JSX children, expressions and ESM untouched (2.854ms)
✔ native MDX applies production rejection and development diagnostics (3.228541ms)
✔ real scanner admits lowercase Markdown/MDX, skips dotfiles and excluded extensions (11.164833ms)
✔ real scanner rejects visible symlinks without following file or directory targets (0.342416ms)
✔ real scanner rejects a source root that passes through a symlink (0.111ms)
✔ real scanner fails malformed frontmatter and invalid draft/slug data without disclosure (0.661958ms)
✔ real scanner duplicate .md/.mdx identities fail index construction (0.196709ms)
✔ logical routes always get their base while explicit public-asset deduplication is bounded (0.330584ms)
✔ deployment configuration rejects authority, traversal and control-character bases (0.109333ms)
✔ internal URL input rejects browser authority reinterpretation and path traversal (0.105083ms)
✔ explicit nonstandard slug is safely encoded without changing identity: quote/"double" (1.694833ms)
✔ explicit nonstandard slug is safely encoded without changing identity: quote/'single' (2.103958ms)
✔ explicit nonstandard slug is safely encoded without changing identity: html/<svg onload='run()'>& (1.051167ms)
✔ publication build gate permits only the production environment (0.144375ms)
✔ draft preview and synchronization commands do not trigger the build gate (0.039167ms)
ℹ tests 74
ℹ suites 0
ℹ pass 74
ℹ fail 0
ℹ cancelled 0
ℹ skipped 0
ℹ todo 0
ℹ duration_ms 393.435333
