✔ / sitemap excludes closed booknav/ (0.858875ms)
✔ / sitemap excludes closed friends/ (0.212333ms)
✔ / sitemap excludes closed sponsor/ (0.150916ms)
✔ / sitemap excludes closed guestbook/ (0.130209ms)
✔ / sitemap excludes closed bangumi/ (0.24925ms)
✔ / sitemap excludes closed vndb/ (0.080292ms)
✔ / sitemap excludes closed myanimelist/ (0.052208ms)
✔ / sitemap excludes closed gallery/ (0.357417ms)
✔ / sitemap excludes closed gallery/album/ (0.240292ms)
✔ / sitemap excludes closed bilibili/ (0.105208ms)
✔ / sitemap excludes closed dynamic/ (0.045292ms)
✔ / sitemap excludes closed dynamic/comments/ (0.077666ms)
✔ / sitemap excludes closed 404/ (0.11625ms)
✔ / sitemap excludes closed 404.html (0.025125ms)
✔ / enabled parent admits its child; unrelated routes survive (0.201958ms)
✔ / comments require both the parent and comment capability (0.054083ms)
✔ / public images accept one existing base prefix (0.164708ms)
✔ / OG uses literal encoded identity under the deployment base (0.591166ms)
✔ / canonical strips filter query and fragment without changing the input (0.076958ms)
✔ / error destination points at the emitted static file (0.036083ms)
✔ /Zhenkun-blog-site/ sitemap excludes closed booknav/ (0.026708ms)
✔ /Zhenkun-blog-site/ sitemap excludes closed friends/ (0.037542ms)
✔ /Zhenkun-blog-site/ sitemap excludes closed sponsor/ (0.157875ms)
✔ /Zhenkun-blog-site/ sitemap excludes closed guestbook/ (0.070667ms)
✔ /Zhenkun-blog-site/ sitemap excludes closed bangumi/ (0.118167ms)
✔ /Zhenkun-blog-site/ sitemap excludes closed vndb/ (0.127125ms)
✔ /Zhenkun-blog-site/ sitemap excludes closed myanimelist/ (0.058542ms)
✔ /Zhenkun-blog-site/ sitemap excludes closed gallery/ (0.071958ms)
✔ /Zhenkun-blog-site/ sitemap excludes closed gallery/album/ (0.04975ms)
✔ /Zhenkun-blog-site/ sitemap excludes closed bilibili/ (0.063ms)
✔ /Zhenkun-blog-site/ sitemap excludes closed dynamic/ (0.042875ms)
✔ /Zhenkun-blog-site/ sitemap excludes closed dynamic/comments/ (0.085333ms)
✔ /Zhenkun-blog-site/ sitemap excludes closed 404/ (0.062042ms)
✔ /Zhenkun-blog-site/ sitemap excludes closed 404.html (0.046959ms)
✔ /Zhenkun-blog-site/ enabled parent admits its child; unrelated routes survive (0.206417ms)
✔ /Zhenkun-blog-site/ comments require both the parent and comment capability (0.058375ms)
✔ /Zhenkun-blog-site/ public images accept one existing base prefix (0.183375ms)
✔ /Zhenkun-blog-site/ OG uses literal encoded identity under the deployment base (0.159583ms)
✔ /Zhenkun-blog-site/ canonical strips filter query and fragment without changing the input (0.059458ms)
✔ /Zhenkun-blog-site/ error destination points at the emitted static file (0.025375ms)
✔ base stripping is segment aware and strips only once (0.076666ms)
✔ public asset traversal and unsafe bases fail (0.056042ms)
✔ root: inline and standalone links use the same public route (7.434875ms)
✔ root: aliases, Obsidian automatic aliases and multiple references (1.764583ms)
✔ root: compatible heading links retain anchors and avoid cards (4.715042ms)
✔ root: production rejects draft target by slug without metadata disclosure (0.838125ms)
✔ root: production rejects draft target by path without metadata disclosure (0.408875ms)
✔ root: production rejects draft target by basename without metadata disclosure (0.354042ms)
✔ root: production rejects missing targets and development leaves actionable text (0.847291ms)
✔ root: unsupported embeds and block references do not become links (1.563625ms)
✔ subpath: inline and standalone links use the same public route (0.635167ms)
✔ subpath: aliases, Obsidian automatic aliases and multiple references (0.92825ms)
✔ subpath: compatible heading links retain anchors and avoid cards (1.206708ms)
✔ subpath: production rejects draft target by slug without metadata disclosure (0.359959ms)
✔ subpath: production rejects draft target by path without metadata disclosure (0.419ms)
✔ subpath: production rejects draft target by basename without metadata disclosure (0.341084ms)
✔ subpath: production rejects missing targets and development leaves actionable text (0.703292ms)
✔ subpath: unsupported embeds and block references do not become links (2.236333ms)
✔ source drafts skip production Wiki conversion before resolving targets (0.454ms)
✔ development can deliberately preview draft metadata (0.653084ms)
✔ duplicate basename is ambiguous regardless of enumeration order (one/public) (0.649583ms)
✔ duplicate basename is ambiguous regardless of enumeration order (two/public) (0.522042ms)
✔ a hidden exact path cannot fall back to another public basename (0.808167ms)
✔ duplicate article IDs reject the index instead of selecting the first entry (0.274084ms)
✔ invalid or unsupported source target is not a ghost link: ../secret (0.460667ms)
✔ invalid or unsupported source target is not a ghost link: /drafts/secret (0.317625ms)
✔ invalid or unsupported source target is not a ghost link: guide/../../secret (0.287667ms)
✔ invalid or unsupported source target is not a ghost link: guide\source (0.444792ms)
✔ invalid or unsupported source target is not a ghost link: guide//source (0.443292ms)
✔ invalid or unsupported source target is not a ghost link: guide/source.markdown (0.276417ms)
✔ unsafe article ID fails before metadata can render: "../secret" (0.085541ms)
✔ unsafe article ID fails before metadata can render: "/secret" (0.027709ms)
✔ unsafe article ID fails before metadata can render: "a//b" (0.028292ms)
✔ unsafe article ID fails before metadata can render: "a\\b" (0.027916ms)
✔ unsafe article ID fails before metadata can render: "a%2fb" (0.025625ms)
✔ unsafe article ID fails before metadata can render: "a?b" (0.024084ms)
✔ unsafe article ID fails before metadata can render: "a#b" (0.034417ms)
✔ unsafe article ID fails before metadata can render: "https:note" (0.028833ms)
✔ unsafe article ID fails before metadata can render: "a\u0000b" (0.037292ms)
✔ unsafe article ID fails before metadata can render: "é" (0.033958ms)
✔ unsafe article ID fails before metadata can render: " padded" (0.023292ms)
✔ unsafe article ID fails before metadata can render: "a/ padded" (0.023417ms)
✔ article identity agrees with installed Astro and literal route: topic-folder/my-note (1.078167ms)
✔ article identity agrees with installed Astro and literal route: section (0.717208ms)
✔ article identity agrees with installed Astro and literal route: 中文/文章 (0.807792ms)
✔ article identity agrees with installed Astro and literal route: custom/index (0.664792ms)
✔ article identity agrees with installed Astro and literal route: custom/article.md (1.149125ms)
✔ article identity agrees with installed Astro and literal route: Case/Space Note (0.661834ms)
✔ source extension aliases resolve while explicit .md article IDs stay literal (0.707417ms)
✔ public/remote card cover uses its correct URL: /assets/cover.webp at / (0.327708ms)
✔ public/remote card cover uses its correct URL: /assets/cover.webp at /Zhenkun-blog-site/ (0.251042ms)
✔ public/remote card cover uses its correct URL: /Zhenkun-blog-site/assets/cover.webp at /Zhenkun-blog-site/ (0.232208ms)
✔ public/remote card cover uses its correct URL: /assets/cover.webp?version=2#preview at /Zhenkun-blog-site/ (0.228792ms)
✔ public/remote card cover uses its correct URL: https://images.example.invalid/cover.webp at /Zhenkun-blog-site/ (0.269416ms)
✔ public/remote card cover uses its correct URL: //images.example.invalid/cover.webp at /Zhenkun-blog-site/ (0.241291ms)
✔ missing relative cover omits the image without failing the reference (0.375458ms)
✔ relative cover outside approved source roots rejects publication (0.412ms)
✔ API card cover uses injected deterministic URLs and the literal article ID (0.469958ms)
✔ protected public cards expose allowed metadata but never password or target body (0.2765ms)
✔ Wiki syntax inside code and existing Markdown links remains unchanged (1.52125ms)
✔ native MDX compiles public inline references and metadata cards (5.733583ms)
✔ native MDX leaves JSX attributes, JSX children, expressions and ESM untouched (3.021ms)
✔ native MDX applies production rejection and development diagnostics (3.332ms)
✔ real scanner admits lowercase Markdown/MDX, skips dotfiles and excluded extensions (8.201375ms)
✔ real scanner rejects visible symlinks without following file or directory targets (0.355167ms)
✔ real scanner rejects a source root that passes through a symlink (0.110667ms)
✔ real scanner fails malformed frontmatter and invalid draft/slug data without disclosure (0.714625ms)
✔ real scanner duplicate .md/.mdx identities fail index construction (0.198584ms)
✔ logical routes always get their base while explicit public-asset deduplication is bounded (0.342ms)
✔ deployment configuration rejects authority, traversal and control-character bases (0.106667ms)
✔ internal URL input rejects browser authority reinterpretation and path traversal (0.10225ms)
✔ explicit nonstandard slug is safely encoded without changing identity: quote/"double" (2.345208ms)
✔ explicit nonstandard slug is safely encoded without changing identity: quote/'single' (1.291583ms)
✔ explicit nonstandard slug is safely encoded without changing identity: html/<svg onload='run()'>& (0.8985ms)
✔ publication build gate permits only the production environment (0.154084ms)
✔ draft preview and synchronization commands do not trigger the build gate (0.041625ms)
ℹ tests 116
ℹ suites 0
ℹ pass 116
ℹ fail 0
ℹ cancelled 0
ℹ skipped 0
ℹ todo 0
ℹ duration_ms 420.679833
