✔ disabled dynamic endpoint returns no configured content and performs no work (14.59675ms)
✔ disabled dynamic endpoint succeeds without even loading a failing content source (0.215125ms)
✔ enabled dynamic endpoint preserves real Markdown, image metadata, sorting and JSON schema (50.038334ms)
✔ enabled dynamic endpoint retains a valid empty collection response (0.344125ms)
✔ CI accepts an empty public corpus with a searchable About page (10.422583ms)
✔ CI follows public metadata count when approved articles are added (2.745334ms)
✔ CI rejects Astro-only output without the Pagefind module (1.285375ms)
✔ CI rejects a module without any indexed language (4.347708ms)
✔ CI rejects an empty Pagefind language (14.532625ms)
✔ CI rejects a public post URL that lost the deployment base (1.471916ms)
✔ CI rejects duplicate public IDs (2.244209ms)
✔ / logical routes retain their identity when the base name collides (1.591167ms)
✔ /Zhenkun-blog-site/ logical routes retain their identity when the base name collides (0.2235ms)
✔ /about/ logical routes retain their identity when the base name collides (0.132959ms)
✔ /archive/ logical routes retain their identity when the base name collides (0.138458ms)
✔ / sitemap excludes closed booknav/ (0.202084ms)
✔ / sitemap excludes closed friends/ (0.118334ms)
✔ / sitemap excludes closed sponsor/ (0.071417ms)
✔ / sitemap excludes closed guestbook/ (0.065ms)
✔ / sitemap excludes closed bangumi/ (0.096209ms)
✔ / sitemap excludes closed vndb/ (0.147042ms)
✔ / sitemap excludes closed myanimelist/ (0.102666ms)
✔ / sitemap excludes closed gallery/ (0.064042ms)
✔ / sitemap excludes closed gallery/album/ (0.049833ms)
✔ / sitemap excludes closed bilibili/ (0.052584ms)
✔ / sitemap excludes closed dynamic/ (0.053041ms)
✔ / sitemap excludes closed dynamic/comments/ (0.04775ms)
✔ / sitemap excludes closed 404/ (0.041416ms)
✔ / sitemap excludes closed 404.html (0.041375ms)
✔ / enabled parent admits its child; unrelated routes survive (0.145875ms)
✔ / comments require both the parent and comment capability (0.086042ms)
✔ / public images accept one existing base prefix (0.093958ms)
✔ / OG uses literal encoded identity under the deployment base (0.580833ms)
✔ / canonical strips filter query and fragment without changing the input (0.092375ms)
✔ / error destination points at the emitted static file (0.035875ms)
✔ /Zhenkun-blog-site/ sitemap excludes closed booknav/ (0.031375ms)
✔ /Zhenkun-blog-site/ sitemap excludes closed friends/ (0.025083ms)
✔ /Zhenkun-blog-site/ sitemap excludes closed sponsor/ (0.028709ms)
✔ /Zhenkun-blog-site/ sitemap excludes closed guestbook/ (0.019667ms)
✔ /Zhenkun-blog-site/ sitemap excludes closed bangumi/ (0.01875ms)
✔ /Zhenkun-blog-site/ sitemap excludes closed vndb/ (0.018375ms)
✔ /Zhenkun-blog-site/ sitemap excludes closed myanimelist/ (0.024458ms)
✔ /Zhenkun-blog-site/ sitemap excludes closed gallery/ (0.021167ms)
✔ /Zhenkun-blog-site/ sitemap excludes closed gallery/album/ (0.018916ms)
✔ /Zhenkun-blog-site/ sitemap excludes closed bilibili/ (0.059209ms)
✔ /Zhenkun-blog-site/ sitemap excludes closed dynamic/ (0.122084ms)
✔ /Zhenkun-blog-site/ sitemap excludes closed dynamic/comments/ (0.11775ms)
✔ /Zhenkun-blog-site/ sitemap excludes closed 404/ (0.06325ms)
✔ /Zhenkun-blog-site/ sitemap excludes closed 404.html (0.057333ms)
✔ /Zhenkun-blog-site/ enabled parent admits its child; unrelated routes survive (0.104916ms)
✔ /Zhenkun-blog-site/ comments require both the parent and comment capability (0.06275ms)
✔ /Zhenkun-blog-site/ public images accept one existing base prefix (0.077334ms)
✔ /Zhenkun-blog-site/ OG uses literal encoded identity under the deployment base (0.164625ms)
✔ /Zhenkun-blog-site/ canonical strips filter query and fragment without changing the input (0.092042ms)
✔ /Zhenkun-blog-site/ error destination points at the emitted static file (0.053708ms)
✔ base stripping is segment aware and strips only once (0.183125ms)
✔ public asset traversal and unsafe bases fail (0.147333ms)
✔ repeated SPA script execution installs only one set of document delegates (1.715042ms)
✔ one accordion click makes exactly one transition after repeated SPA visits (0.429375ms)
✔ root: inline and standalone links use the same public route (8.157208ms)
✔ root: aliases, Obsidian automatic aliases and multiple references (1.9875ms)
✔ root: compatible heading links retain anchors and avoid cards (4.796167ms)
✔ root: production rejects draft target by slug without metadata disclosure (0.810583ms)
✔ root: production rejects draft target by path without metadata disclosure (0.390292ms)
✔ root: production rejects draft target by basename without metadata disclosure (0.354125ms)
✔ root: production rejects missing targets and development leaves actionable text (0.843167ms)
✔ root: unsupported embeds and block references do not become links (1.383458ms)
✔ subpath: inline and standalone links use the same public route (0.62325ms)
✔ subpath: aliases, Obsidian automatic aliases and multiple references (0.890625ms)
✔ subpath: compatible heading links retain anchors and avoid cards (0.745958ms)
✔ subpath: production rejects draft target by slug without metadata disclosure (0.2955ms)
✔ subpath: production rejects draft target by path without metadata disclosure (0.254958ms)
✔ subpath: production rejects draft target by basename without metadata disclosure (0.252ms)
✔ subpath: production rejects missing targets and development leaves actionable text (0.562458ms)
✔ subpath: unsupported embeds and block references do not become links (1.607375ms)
✔ source drafts skip production Wiki conversion before resolving targets (0.362834ms)
✔ development can deliberately preview draft metadata (0.388125ms)
✔ duplicate basename is ambiguous regardless of enumeration order (one/public) (0.491875ms)
✔ duplicate basename is ambiguous regardless of enumeration order (two/public) (0.463084ms)
✔ a hidden exact path cannot fall back to another public basename (0.3515ms)
✔ duplicate article IDs reject the index instead of selecting the first entry (0.209833ms)
✔ invalid or unsupported source target is not a ghost link: ../secret (0.289125ms)
✔ invalid or unsupported source target is not a ghost link: /drafts/secret (0.228792ms)
✔ invalid or unsupported source target is not a ghost link: guide/../../secret (0.232625ms)
✔ invalid or unsupported source target is not a ghost link: guide\source (0.300375ms)
✔ invalid or unsupported source target is not a ghost link: guide//source (0.241458ms)
✔ invalid or unsupported source target is not a ghost link: guide/source.markdown (0.2265ms)
✔ unsafe article ID fails before metadata can render: "../secret" (0.054917ms)
✔ unsafe article ID fails before metadata can render: "/secret" (0.026958ms)
✔ unsafe article ID fails before metadata can render: "a//b" (0.024125ms)
✔ unsafe article ID fails before metadata can render: "a\\b" (0.023917ms)
✔ unsafe article ID fails before metadata can render: "a%2fb" (0.022708ms)
✔ unsafe article ID fails before metadata can render: "a?b" (0.021625ms)
✔ unsafe article ID fails before metadata can render: "a#b" (0.025ms)
✔ unsafe article ID fails before metadata can render: "https:note" (0.028833ms)
✔ unsafe article ID fails before metadata can render: "a\u0000b" (0.024417ms)
✔ unsafe article ID fails before metadata can render: "é" (0.03025ms)
✔ unsafe article ID fails before metadata can render: " padded" (0.0225ms)
✔ unsafe article ID fails before metadata can render: "a/ padded" (0.021083ms)
✔ article identity agrees with installed Astro and literal route: topic-folder/my-note (0.887459ms)
✔ article identity agrees with installed Astro and literal route: section (0.65775ms)
✔ article identity agrees with installed Astro and literal route: 中文/文章 (0.887209ms)
✔ article identity agrees with installed Astro and literal route: custom/index (0.725708ms)
✔ article identity agrees with installed Astro and literal route: custom/article.md (1.011625ms)
✔ article identity agrees with installed Astro and literal route: Case/Space Note (0.623291ms)
✔ source extension aliases resolve while explicit .md article IDs stay literal (0.72925ms)
✔ public/remote card cover uses its correct URL: /assets/cover.webp at / (0.323167ms)
✔ public/remote card cover uses its correct URL: /assets/cover.webp at /Zhenkun-blog-site/ (0.293708ms)
✔ public/remote card cover uses its correct URL: /Zhenkun-blog-site/assets/cover.webp at /Zhenkun-blog-site/ (0.564667ms)
✔ public/remote card cover uses its correct URL: /assets/cover.webp?version=2#preview at /Zhenkun-blog-site/ (0.367416ms)
✔ public/remote card cover uses its correct URL: https://images.example.invalid/cover.webp at /Zhenkun-blog-site/ (0.36975ms)
✔ public/remote card cover uses its correct URL: //images.example.invalid/cover.webp at /Zhenkun-blog-site/ (0.267583ms)
✔ missing relative cover omits the image without failing the reference (0.396542ms)
✔ relative cover outside approved source roots rejects publication (0.445542ms)
✔ API card cover uses injected deterministic URLs and the literal article ID (0.476708ms)
✔ protected public cards expose allowed metadata but never password or target body (0.276208ms)
✔ Wiki syntax inside code and existing Markdown links remains unchanged (1.35475ms)
✔ native MDX compiles public inline references and metadata cards (5.213ms)
✔ native MDX leaves JSX attributes, JSX children, expressions and ESM untouched (2.935584ms)
✔ native MDX applies production rejection and development diagnostics (2.689042ms)
✔ real scanner admits lowercase Markdown/MDX, skips dotfiles and excluded extensions (8.402708ms)
✔ real scanner rejects visible symlinks without following file or directory targets (0.351208ms)
✔ real scanner rejects a source root that passes through a symlink (0.1195ms)
✔ real scanner fails malformed frontmatter and invalid draft/slug data without disclosure (0.64675ms)
✔ real scanner duplicate .md/.mdx identities fail index construction (0.191875ms)
✔ logical routes always get their base while explicit public-asset deduplication is bounded (0.333416ms)
✔ deployment configuration rejects authority, traversal and control-character bases (0.094667ms)
✔ internal URL input rejects browser authority reinterpretation and path traversal (0.086084ms)
✔ explicit nonstandard slug is safely encoded without changing identity: quote/"double" (1.664875ms)
✔ explicit nonstandard slug is safely encoded without changing identity: quote/'single' (1.426709ms)
✔ explicit nonstandard slug is safely encoded without changing identity: html/<svg onload='run()'>& (0.7195ms)
✔ publication build gate permits only the production environment (0.128666ms)
✔ draft preview and synchronization commands do not trigger the build gate (0.03375ms)
✔ R1a exact real-parent versions and unaffected YAML4 (2.283542ms)
✔ devalue stringify/parse preserves supported rich data, identity and cycles (2.440875ms)
✔ devalue uneval escapes harmless HTML data and reconstructs its value (3.292708ms)
✔ devalue serializes only the visible bytes of a bounded owned Buffer view (0.90575ms)
✔ actual Astro store serialization and chunk parser round-trip Unicode/date data (5.022125ms)
✔ actual Svelte server payload and client hydratable data handoff (16.099375ms)
✔ actual gray-matter frontmatter preserves dates, Unicode tags and aliases (2.836167ms)
✔ actual YAML/Ajv parent resolves the approved fast-uri patch (1.12475ms)
✔ URI normalization preserves encoded path/query and valid IDN/IPv6 (4.797917ms)
✔ relative schema URI paths, queries and fragments resolve independently (0.197292ms)
✔ actual Ajv resolves external/local schema refs and reports missing refs (6.585791ms)
✔ actual Ajv async schema loading uses normalized owned fixture URIs (11.600292ms)
✔ actual YAML service validates Unicode values and relative external schema refs (9.360625ms)
✔ first query survives lazy backend initialization (12.885709ms)
✔ rapid edits debounce to the latest query (26.084667ms)
✔ older search response cannot replace a newer result (16.427792ms)
✔ older result data cannot replace a newer result (18.110125ms)
✔ clearing to "" invalidates an in-flight query (15.764958ms)
✔ clearing to "  \n " invalidates an in-flight query (10.544125ms)
✔ empty query never loads or searches the backend (7.65775ms)
✔ zero results complete without leaving a spinner (5.433334ms)
✔ backend failure clears stale results and permits a retry (18.256292ms)
✔ stale failure cannot clear the newer success (18.195125ms)
✔ cancel before debounce prevents any backend call (21.66275ms)
✔ cancel during initialization cannot resurrect a closed panel (11.123667ms)
✔ dispose before debounce prevents any backend call (22.153958ms)
✔ dispose during initialization cannot resurrect a closed panel (11.246708ms)
✔ a new SPA session is independent of disposed work (17.20875ms)
✔ dispose is idempotent and future edits publish nothing (5.661792ms)
✔ closing and reopening the same query searches again (10.989583ms)
✔ old completion does not stop a newer pending query (21.975583ms)
✔ ESM: @swup/parallel-plugin resolves exact cross-major base and requirements (24.593208ms)
✔ ESM: @swup/route-name-plugin resolves exact cross-major base and requirements (1.411125ms)
✔ ESM: actual Swup hooks mount/unmount twice, route naming and classes (1.898916ms)
✔ ESM: parallel visit marking, insertion, restoration, cleanup and disabled visit (2.560958ms)
✔ CJS: @swup/parallel-plugin resolves exact cross-major base and requirements (3.313709ms)
✔ CJS: @swup/route-name-plugin resolves exact cross-major base and requirements (1.270125ms)
✔ CJS: actual Swup hooks mount/unmount twice, route naming and classes (1.823333ms)
✔ CJS: parallel visit marking, insertion, restoration, cleanup and disabled visit (7.545417ms)
ℹ tests 172
ℹ suites 0
ℹ pass 172
ℹ fail 0
ℹ cancelled 0
ℹ skipped 0
ℹ todo 0
ℹ duration_ms 624.895959
