references/dependency-r1b-uri-2026-10-03/build-project.log:23: trailing whitespace.
+07:42:26 [WARN] [vite] [plugin builtin:vite-reporter] 
references/dependency-r1b-uri-2026-10-03/build-project.log:31: trailing whitespace.
+ generating static routes 
references/dependency-r1b-uri-2026-10-03/build-project.log:32: trailing whitespace.
+07:42:26   ├─ /404.html (+26ms) 
references/dependency-r1b-uri-2026-10-03/build-project.log:33: trailing whitespace.
+07:42:26   ├─ /about/index.html (+7ms) 
references/dependency-r1b-uri-2026-10-03/build-project.log:34: trailing whitespace.
+07:42:26   ├─ /api/allPostMeta.json (+1ms) 
references/dependency-r1b-uri-2026-10-03/build-project.log:35: trailing whitespace.
+07:42:26   ├─ /api/dynamic.json (+1ms) 
references/dependency-r1b-uri-2026-10-03/build-project.log:36: trailing whitespace.
+07:42:26   ├─ /archive/index.html (+6ms) 
references/dependency-r1b-uri-2026-10-03/build-project.log:37: trailing whitespace.
+07:42:26   ├─ /bangumi/index.html (+2ms) 
references/dependency-r1b-uri-2026-10-03/build-project.log:38: trailing whitespace.
+07:42:26   ├─ /bilibili/index.html (+3ms) 
references/dependency-r1b-uri-2026-10-03/build-project.log:39: trailing whitespace.
+07:42:26   ├─ /booknav/index.html (+1ms) 
references/dependency-r1b-uri-2026-10-03/build-project.log:40: trailing whitespace.
+07:42:26   ├─ /categories/index.html (+6ms) 
references/dependency-r1b-uri-2026-10-03/build-project.log:41: trailing whitespace.
+07:42:26   ├─ /dynamic/comments/index.html (+1ms) 
references/dependency-r1b-uri-2026-10-03/build-project.log:42: trailing whitespace.
+07:42:26   ├─ /dynamic/index.html (+2ms) 
references/dependency-r1b-uri-2026-10-03/build-project.log:43: trailing whitespace.
+07:42:26   ├─ /friends/index.html (+1ms) 
references/dependency-r1b-uri-2026-10-03/build-project.log:44: trailing whitespace.
+07:42:26   ├─ /gallery/firefly-2026/index.html (+1ms) 
references/dependency-r1b-uri-2026-10-03/build-project.log:45: trailing whitespace.
+07:42:26   ├─ /gallery/encrypted-test/index.html (+0ms) 
references/dependency-r1b-uri-2026-10-03/build-project.log:46: trailing whitespace.
+07:42:26   ├─ /gallery/index.html (+1ms) 
references/dependency-r1b-uri-2026-10-03/build-project.log:47: trailing whitespace.
+07:42:26   ├─ /guestbook/index.html (+1ms) 
references/dependency-r1b-uri-2026-10-03/build-project.log:48: trailing whitespace.
+07:42:26   ├─ /myanimelist/index.html (+1ms) 
references/dependency-r1b-uri-2026-10-03/build-project.log:49: trailing whitespace.
+07:42:26   ├─ /robots.txt (+0ms) 
references/dependency-r1b-uri-2026-10-03/build-project.log:50: trailing whitespace.
+07:42:26   ├─ /rss/index.html (+6ms) 
references/dependency-r1b-uri-2026-10-03/build-project.log:51: trailing whitespace.
+07:42:26   ├─ /rss.xml (+57ms) 
references/dependency-r1b-uri-2026-10-03/build-project.log:52: trailing whitespace.
+07:42:26   ├─ /search/index.html (+7ms) 
references/dependency-r1b-uri-2026-10-03/build-project.log:53: trailing whitespace.
+07:42:26   ├─ /series/index.html (+6ms) 
references/dependency-r1b-uri-2026-10-03/build-project.log:54: trailing whitespace.
+07:42:26   ├─ /sponsor/index.html (+1ms) 
references/dependency-r1b-uri-2026-10-03/build-project.log:55: trailing whitespace.
+07:42:26   ├─ /tags/index.html (+5ms) 
references/dependency-r1b-uri-2026-10-03/build-project.log:56: trailing whitespace.
+07:42:26   ├─ /vndb/index.html (+1ms) 
references/dependency-r1b-uri-2026-10-03/build-project.log:57: trailing whitespace.
+07:42:26   ├─ /index.html (+5ms) 
references/dependency-r1b-uri-2026-10-03/build-project.log:60: trailing whitespace.
+ generating optimized images 
references/dependency-r1b-uri-2026-10-03/build-project.log:120: trailing whitespace.
+13 pages found without an <html> element. 
references/dependency-r1b-uri-2026-10-03/build-project.log:121: trailing whitespace.
+Pages without an outer <html> element will not be processed by default. 
references/dependency-r1b-uri-2026-10-03/build-project.log:141: trailing whitespace.
+Total: 
references/dependency-r1b-uri-2026-10-03/build-project.log:147: trailing whitespace.
+Note: Pagefind doesn't support stemming for the language zh-cn. 
references/dependency-r1b-uri-2026-10-03/build-project.log:149: trailing whitespace.
+Note: Pagefind doesn't support stemming for the language zh-cn. 
references/dependency-r1b-uri-2026-10-03/build-root.log:21: trailing whitespace.
+07:41:44 [WARN] [vite] [plugin builtin:vite-reporter] 
references/dependency-r1b-uri-2026-10-03/build-root.log:29: trailing whitespace.
+ generating static routes 
references/dependency-r1b-uri-2026-10-03/build-root.log:30: trailing whitespace.
+07:41:44   ├─ /404.html (+27ms) 
references/dependency-r1b-uri-2026-10-03/build-root.log:31: trailing whitespace.
+07:41:44   ├─ /about/index.html (+7ms) 
references/dependency-r1b-uri-2026-10-03/build-root.log:32: trailing whitespace.
+07:41:44   ├─ /api/allPostMeta.json (+1ms) 
references/dependency-r1b-uri-2026-10-03/build-root.log:33: trailing whitespace.
+07:41:44   ├─ /api/dynamic.json (+1ms) 
references/dependency-r1b-uri-2026-10-03/build-root.log:34: trailing whitespace.
+07:41:44   ├─ /archive/index.html (+6ms) 
references/dependency-r1b-uri-2026-10-03/build-root.log:35: trailing whitespace.
+07:41:44   ├─ /bangumi/index.html (+2ms) 
references/dependency-r1b-uri-2026-10-03/build-root.log:36: trailing whitespace.
+07:41:44   ├─ /bilibili/index.html (+1ms) 
references/dependency-r1b-uri-2026-10-03/build-root.log:37: trailing whitespace.
+07:41:44   ├─ /booknav/index.html (+1ms) 
references/dependency-r1b-uri-2026-10-03/build-root.log:38: trailing whitespace.
+07:41:44   ├─ /categories/index.html (+6ms) 
references/dependency-r1b-uri-2026-10-03/build-root.log:39: trailing whitespace.
+07:41:44   ├─ /dynamic/comments/index.html (+1ms) 
references/dependency-r1b-uri-2026-10-03/build-root.log:40: trailing whitespace.
+07:41:44   ├─ /dynamic/index.html (+3ms) 
references/dependency-r1b-uri-2026-10-03/build-root.log:41: trailing whitespace.
+07:41:44   ├─ /friends/index.html (+1ms) 
references/dependency-r1b-uri-2026-10-03/build-root.log:42: trailing whitespace.
+07:41:44   ├─ /gallery/firefly-2026/index.html (+1ms) 
references/dependency-r1b-uri-2026-10-03/build-root.log:43: trailing whitespace.
+07:41:44   ├─ /gallery/encrypted-test/index.html (+0ms) 
references/dependency-r1b-uri-2026-10-03/build-root.log:44: trailing whitespace.
+07:41:44   ├─ /gallery/index.html (+1ms) 
references/dependency-r1b-uri-2026-10-03/build-root.log:45: trailing whitespace.
+07:41:44   ├─ /guestbook/index.html (+1ms) 
references/dependency-r1b-uri-2026-10-03/build-root.log:46: trailing whitespace.
+07:41:44   ├─ /myanimelist/index.html (+1ms) 
references/dependency-r1b-uri-2026-10-03/build-root.log:47: trailing whitespace.
+07:41:44   ├─ /robots.txt (+0ms) 
references/dependency-r1b-uri-2026-10-03/build-root.log:48: trailing whitespace.
+07:41:44   ├─ /rss/index.html (+6ms) 
references/dependency-r1b-uri-2026-10-03/build-root.log:49: trailing whitespace.
+07:41:44   ├─ /rss.xml (+55ms) 
references/dependency-r1b-uri-2026-10-03/build-root.log:50: trailing whitespace.
+07:41:44   ├─ /search/index.html (+7ms) 
references/dependency-r1b-uri-2026-10-03/build-root.log:51: trailing whitespace.
+07:41:44   ├─ /series/index.html (+5ms) 
references/dependency-r1b-uri-2026-10-03/build-root.log:52: trailing whitespace.
+07:41:44   ├─ /sponsor/index.html (+1ms) 
references/dependency-r1b-uri-2026-10-03/build-root.log:53: trailing whitespace.
+07:41:44   ├─ /tags/index.html (+5ms) 
references/dependency-r1b-uri-2026-10-03/build-root.log:54: trailing whitespace.
+07:41:44   ├─ /vndb/index.html (+1ms) 
references/dependency-r1b-uri-2026-10-03/build-root.log:55: trailing whitespace.
+07:41:44   ├─ /index.html (+5ms) 
references/dependency-r1b-uri-2026-10-03/build-root.log:58: trailing whitespace.
+ generating optimized images 
references/dependency-r1b-uri-2026-10-03/build-root.log:118: trailing whitespace.
+13 pages found without an <html> element. 
references/dependency-r1b-uri-2026-10-03/build-root.log:119: trailing whitespace.
+Pages without an outer <html> element will not be processed by default. 
references/dependency-r1b-uri-2026-10-03/build-root.log:139: trailing whitespace.
+Total: 
references/dependency-r1b-uri-2026-10-03/build-root.log:145: trailing whitespace.
+Note: Pagefind doesn't support stemming for the language zh-cn. 
references/dependency-r1b-uri-2026-10-03/build-root.log:147: trailing whitespace.
+Note: Pagefind doesn't support stemming for the language zh-cn. 
references/dependency-r1b-uri-2026-10-03/check.log:70: trailing whitespace.
+Result (258 files): 
references/dependency-r1b-uri-2026-10-03/check.log:74: new blank line at EOF.
references/dependency-r1b-uri-2026-10-03/lock.diff:8: trailing whitespace.
+ 
references/dependency-r1b-uri-2026-10-03/lock.diff:13: trailing whitespace.
+ 
references/dependency-r1b-uri-2026-10-03/lock.diff:24: trailing whitespace.
+ 
references/dependency-r1b-uri-2026-10-03/lock.diff:28: trailing whitespace.
+ 
references/dependency-r1b-uri-2026-10-03/lock.diff:31: trailing whitespace.
+ 
