$ pnpm exec tsx scripts/generate-github-card-data.ts && pnpm exec tsx scripts/generate-lqips.ts && pnpm exec tsx scripts/generate-vndb-covers.ts && astro build && pnpm exec tsx scripts/prune-pio-assets.ts && pnpm exec tsx scripts/subset-fonts.ts && pnpm exec tsx scripts/minify-inline-scripts.ts && pnpm exec tsx scripts/run-pagefind.ts
[GITHUB-CARD] Cached 0 repositories (0 refreshed).
Loaded 23 existing entries from src/constants/lqips.json
Found 23 images, 0 new to process.

Done! Processed 0/0 new images. Total: 23. Output: src/constants/lqips.json
[VNDB] Page not enabled, skipping cover download
12:02:43 [content] Syncing content
12:02:43 [WARN] [glob-loader] No files found matching "**/*.md" in directory "src/content/dynamic"
12:02:43 [content] Synced content
12:02:43 [types] Generated 180ms
12:02:43 [build] output: "static"
12:02:43 [build] mode: "static"
12:02:43 [build] directory: /Users/zhenkun/GitHub/Zhenkun-blog-site/dist/
12:02:43 [build] Collecting build info...
12:02:43 [build] ✓ Completed in 254ms.
12:02:43 [build] Building static entrypoints...
12:02:44 [WARN] [astro-icon] Failed to load icons from "src/icons": ENOENT: no such file or directory, scandir 'src/icons/'
12:02:44 [assets] Copying fonts (22 files)...
12:02:44 [vite] ✓ built in 1.24s
12:02:45 [WARN] [vite] [plugin builtin:vite-reporter] 
(!) Some chunks are larger than 500 kB after minification. Consider:
- Using dynamic import() to code-split the application
- Use build.rolldownOptions.output.codeSplitting to improve chunking: https://rolldown.rs/reference/OutputOptions.codeSplitting
- Adjust chunk size limit for this warning via build.chunkSizeWarningLimit.
12:02:45 [vite] ✓ built in 413ms
12:02:45 [build] Rearranging server assets...

 generating static routes 
12:02:45   ├─ /404.html (+30ms) 
12:02:45   ├─ /about/index.html (+7ms) 
12:02:45   ├─ /api/allPostMeta.json (+1ms) 
12:02:45   ├─ /api/dynamic.json (+1ms) 
12:02:45   ├─ /archive/index.html (+8ms) 
12:02:45   ├─ /bangumi/index.html (+3ms) 
12:02:45   ├─ /bilibili/index.html (+1ms) 
12:02:45   ├─ /booknav/index.html (+1ms) 
12:02:45   ├─ /categories/index.html (+6ms) 
12:02:45   ├─ /dynamic/comments/index.html (+2ms) 
12:02:45   ├─ /dynamic/index.html (+3ms) 
12:02:45   ├─ /friends/index.html (+1ms) 
12:02:45   ├─ /gallery/firefly-2026/index.html (+1ms) 
12:02:45   ├─ /gallery/encrypted-test/index.html (+0ms) 
12:02:45   ├─ /gallery/index.html (+1ms) 
12:02:45   ├─ /guestbook/index.html (+1ms) 
12:02:45   ├─ /myanimelist/index.html (+1ms) 
12:02:45   ├─ /robots.txt (+0ms) 
12:02:45   ├─ /rss/index.html (+6ms) 
12:02:45   ├─ /rss.xml (+65ms) 
12:02:45   ├─ /search/index.html (+7ms) 
12:02:45   ├─ /series/index.html (+6ms) 
12:02:45   ├─ /sponsor/index.html (+1ms) 
12:02:45   ├─ /tags/index.html (+6ms) 
12:02:45   ├─ /vndb/index.html (+2ms) 
12:02:45   ├─ /index.html (+6ms) 
12:02:45 ✓ Completed in 402ms.

 generating optimized images 
12:02:45   ▶ /_astro/m2.DdvPaSds_IzGBP.webp (reused cache entry) (+1ms) (1/32)
12:02:45   ▶ /_astro/m3.D3bdkV68_1B5y44.webp (reused cache entry) (+1ms) (2/32)
12:02:45   ▶ /_astro/m1.DEh_M2ue_Z1S1lrt.webp (reused cache entry) (+1ms) (3/32)
12:02:45   ▶ /_astro/m4.DzLJp29g_1oUPkN.webp (reused cache entry) (+1ms) (4/32)
12:02:45   ▶ /_astro/m5.UNwLEw9O_Z1lqfdc.webp (reused cache entry) (+1ms) (5/32)
12:02:45   ▶ /_astro/avatar.Vt-Igtud_1tWPX7.webp (reused cache entry) (+2ms) (6/32)
12:02:45   ▶ /_astro/m6.Ca2EuEDu_P3oOm.webp (reused cache entry) (+1ms) (7/32)
12:02:45   ▶ /_astro/m2.DdvPaSds_rxT1.webp (reused cache entry) (+1ms) (8/32)
12:02:45   ▶ /_astro/d3.CGCRs0-H_Z4ue21.webp (reused cache entry) (+2ms) (9/32)
12:02:45   ▶ /_astro/m3.D3bdkV68_1I5aSS.webp (reused cache entry) (+1ms) (10/32)
12:02:45   ▶ /_astro/d1.v_J1gD3P_tz0F7.webp (reused cache entry) (+3ms) (11/32)
12:02:45   ▶ /_astro/d2.G7EObyHu_Z1DLAKS.webp (reused cache entry) (+3ms) (12/32)
12:02:45   ▶ /_astro/avatar.Vt-Igtud_Q1OuE.webp (reused cache entry) (+2ms) (13/32)
12:02:45   ▶ /_astro/m6.Ca2EuEDu_rBfB3.webp (reused cache entry) (+3ms) (14/32)
12:02:45   ▶ /_astro/m4.DzLJp29g_Z1siWVv.webp (reused cache entry) (+3ms) (15/32)
12:02:45   ▶ /_astro/m5.UNwLEw9O_16Ihom.webp (reused cache entry) (+3ms) (16/32)
12:02:45   ▶ /_astro/m1.DEh_M2ue_Z1L1IBE.webp (reused cache entry) (+3ms) (17/32)
12:02:45   ▶ /_astro/d4.Brgr35k-_QbpD3.webp (reused cache entry) (+1ms) (18/32)
12:02:45   ▶ /_astro/d2.G7EObyHu_2sTS0J.webp (reused cache entry) (+2ms) (19/32)
12:02:45   ▶ /_astro/d5.z7QGp_dj_1EwU7g.webp (reused cache entry) (+1ms) (20/32)
12:02:45   ▶ /_astro/d1.v_J1gD3P_ZDw30v.webp (reused cache entry) (+2ms) (21/32)
12:02:45   ▶ /_astro/firefly-light.DZ-mS7Sc_Z4p5YL.webp (reused cache entry) (+1ms) (22/32)
12:02:45   ▶ /_astro/d3.CGCRs0-H_Z11YS4k.webp (reused cache entry) (+3ms) (23/32)
12:02:45   ▶ /_astro/firefly-dark.b7MsfgPt_RPm6p.webp (reused cache entry) (+1ms) (24/32)
12:02:45   ▶ /_astro/d6.DetxM4Sl_wvX9N.webp (reused cache entry) (+1ms) (25/32)
12:02:45   ▶ /_astro/firefly-light.DZ-mS7Sc_Z1n8zmu.webp (reused cache entry) (+1ms) (26/32)
12:02:45   ▶ /_astro/firefly-dark.b7MsfgPt_1Ub8hw.webp (reused cache entry) (+0ms) (27/32)
12:02:45   ▶ /_astro/d4.Brgr35k-_ZgTD2z.webp (reused cache entry) (+1ms) (28/32)
12:02:45   ▶ /_astro/firefly-dark.b7MsfgPt_Zr6Cr1.webp (reused cache entry) (+0ms) (29/32)
12:02:45   ▶ /_astro/firefly-light.DZ-mS7Sc_Z3pH8y.webp (reused cache entry) (+0ms) (30/32)
12:02:45   ▶ /_astro/d6.DetxM4Sl_ZpXFRv.webp (reused cache entry) (+3ms) (31/32)
12:02:45   ▶ /_astro/d5.z7QGp_dj_H2g4W.webp (reused cache entry) (+3ms) (32/32)
12:02:45 ✓ Completed in 9ms.

12:02:45 [build] ✓ Completed in 2.13s.
12:02:45 [@astrojs/sitemap] `sitemap-index.xml` created at `dist`
12:02:45 [build] 22 page(s) built in 2.41s
12:02:45 [build] Complete!
🎎 Pruning unused mascot assets in dist/...
   ✂ pio (14.62 MiB)
   ✂ _astro/Live2DWidget.astro_astro_type_script_index_0_lang.CnuKuERK.js (0.63 MiB)
✨ Pruned 2 mascot assets, freed 15.26 MiB
🔤 Font subsetting started...
   ⏭ Skipping '--font-greatvibes' — not referenced in selected or any font region.
   No local fonts with subset: true found. Skipping.
🗜 Minifying inline scripts in dist/...
✨ Minified 259 inline scripts in 9/22 HTML files, saved 379.3 KiB

Running Pagefind v1.5.2 (Extended)
Running from: "/Users/zhenkun/GitHub/Zhenkun-blog-site"
Source:       "dist"
Output:       "dist/pagefind"

[Walking source directory]
Found 22 files matching **/*.{html}

[Parsing files]
Found a data-pagefind-body element on the site.
↳ Ignoring pages without this tag.
13 pages found without an <html> element. 
Pages without an outer <html> element will not be processed by default. 
If adding this element is not possible, use the root selector config to target a different root element.
  * "/booknav/" has no <html> element
  * "/vndb/" has no <html> element
  * "/dynamic/comments/" has no <html> element
  * "/dynamic/" has no <html> element
  * "/bangumi/" has no <html> element
  * "/bilibili/" has no <html> element
  * "/gallery/" has no <html> element
  * "/gallery/firefly-2026/" has no <html> element
  * "/gallery/encrypted-test/" has no <html> element
  * "/myanimelist/" has no <html> element
  * "/sponsor/" has no <html> element
  * "/guestbook/" has no <html> element
  * "/friends/" has no <html> element

[Reading languages]
Discovered 1 language: zh-cn

[Building search indexes]
Total: 
  Indexed 1 language
  Indexed 1 page
  Indexed 95 words
  Indexed 0 filters
  Indexed 0 sorts
Note: Pagefind doesn't support stemming for the language zh-cn. 
Search will still work, but will not match across root words.
Note: Pagefind doesn't support stemming for the language zh-cn. 
Search will still work, but will not match across root words.

Finished in 0.112 seconds
