✔ disabled dynamic endpoint returns no configured content and performs no work (10.02425ms)
✔ disabled dynamic endpoint succeeds without even loading a failing content source (0.154167ms)
✔ enabled dynamic endpoint preserves real Markdown, image metadata, sorting and JSON schema (34.630875ms)
✔ enabled dynamic endpoint retains a valid empty collection response (0.223375ms)
✔ CI accepts an empty public corpus with a searchable About page (6.018709ms)
✔ CI follows public metadata count when approved articles are added (1.916917ms)
✔ CI rejects Astro-only output without the Pagefind module (1.180792ms)
✔ CI rejects a module without any indexed language (1.243792ms)
✔ CI rejects an empty Pagefind language (2.623125ms)
✔ CI rejects a public post URL that lost the deployment base (1.894667ms)
✔ CI rejects duplicate public IDs (1.162417ms)
✔ / logical routes retain their identity when the base name collides (0.780459ms)
✔ /Zhenkun-blog-site/ logical routes retain their identity when the base name collides (0.107291ms)
✔ /about/ logical routes retain their identity when the base name collides (0.600458ms)
✔ /archive/ logical routes retain their identity when the base name collides (0.288ms)
✔ / sitemap excludes closed booknav/ (0.295167ms)
✔ / sitemap excludes closed friends/ (0.123833ms)
✔ / sitemap excludes closed sponsor/ (0.081709ms)
✔ / sitemap excludes closed guestbook/ (0.075083ms)
✔ / sitemap excludes closed bangumi/ (0.106459ms)
✔ / sitemap excludes closed vndb/ (0.166208ms)
✔ / sitemap excludes closed myanimelist/ (0.108584ms)
✔ / sitemap excludes closed gallery/ (0.107958ms)
✔ / sitemap excludes closed gallery/album/ (0.093709ms)
✔ / sitemap excludes closed bilibili/ (0.130833ms)
✔ / sitemap excludes closed dynamic/ (0.067166ms)
✔ / sitemap excludes closed dynamic/comments/ (0.038042ms)
✔ / sitemap excludes closed 404/ (0.024542ms)
✔ / sitemap excludes closed 404.html (0.030375ms)
✔ / enabled parent admits its child; unrelated routes survive (0.078208ms)
✔ / comments require both the parent and comment capability (0.040375ms)
✔ / public images accept one existing base prefix (0.049125ms)
✔ / OG uses literal encoded identity under the deployment base (0.454916ms)
✔ / canonical strips filter query and fragment without changing the input (0.10525ms)
✔ / error destination points at the emitted static file (0.056083ms)
✔ /Zhenkun-blog-site/ sitemap excludes closed booknav/ (0.03175ms)
✔ /Zhenkun-blog-site/ sitemap excludes closed friends/ (0.093459ms)
✔ /Zhenkun-blog-site/ sitemap excludes closed sponsor/ (0.026083ms)
✔ /Zhenkun-blog-site/ sitemap excludes closed guestbook/ (0.020375ms)
✔ /Zhenkun-blog-site/ sitemap excludes closed bangumi/ (0.019125ms)
✔ /Zhenkun-blog-site/ sitemap excludes closed vndb/ (0.097833ms)
✔ /Zhenkun-blog-site/ sitemap excludes closed myanimelist/ (0.057542ms)
✔ /Zhenkun-blog-site/ sitemap excludes closed gallery/ (0.047959ms)
✔ /Zhenkun-blog-site/ sitemap excludes closed gallery/album/ (0.046792ms)
✔ /Zhenkun-blog-site/ sitemap excludes closed bilibili/ (0.052584ms)
✔ /Zhenkun-blog-site/ sitemap excludes closed dynamic/ (0.058083ms)
✔ /Zhenkun-blog-site/ sitemap excludes closed dynamic/comments/ (0.048667ms)
✔ /Zhenkun-blog-site/ sitemap excludes closed 404/ (0.048ms)
✔ /Zhenkun-blog-site/ sitemap excludes closed 404.html (0.043834ms)
✔ /Zhenkun-blog-site/ enabled parent admits its child; unrelated routes survive (0.095167ms)
✔ /Zhenkun-blog-site/ comments require both the parent and comment capability (0.051708ms)
✔ /Zhenkun-blog-site/ public images accept one existing base prefix (0.095125ms)
✔ /Zhenkun-blog-site/ OG uses literal encoded identity under the deployment base (0.155542ms)
✔ /Zhenkun-blog-site/ canonical strips filter query and fragment without changing the input (0.086334ms)
✔ /Zhenkun-blog-site/ error destination points at the emitted static file (0.0475ms)
✔ base stripping is segment aware and strips only once (0.162875ms)
✔ public asset traversal and unsafe bases fail (0.149083ms)
✔ repeated SPA script execution installs only one set of document delegates (5.353167ms)
✔ one accordion click makes exactly one transition after repeated SPA visits (0.730458ms)
✔ root: inline and standalone links use the same public route (7.199458ms)
✔ root: aliases, Obsidian automatic aliases and multiple references (1.871125ms)
✔ root: compatible heading links retain anchors and avoid cards (3.29075ms)
✔ root: production rejects draft target by slug without metadata disclosure (0.827791ms)
✔ root: production rejects draft target by path without metadata disclosure (0.371ms)
✔ root: production rejects draft target by basename without metadata disclosure (0.327708ms)
✔ root: production rejects missing targets and development leaves actionable text (0.818125ms)
✔ root: unsupported embeds and block references do not become links (1.318875ms)
✔ subpath: inline and standalone links use the same public route (0.610125ms)
✔ subpath: aliases, Obsidian automatic aliases and multiple references (0.918667ms)
✔ subpath: compatible heading links retain anchors and avoid cards (0.779292ms)
✔ subpath: production rejects draft target by slug without metadata disclosure (0.349625ms)
✔ subpath: production rejects draft target by path without metadata disclosure (0.244125ms)
✔ subpath: production rejects draft target by basename without metadata disclosure (0.263084ms)
✔ subpath: production rejects missing targets and development leaves actionable text (0.526875ms)
✔ subpath: unsupported embeds and block references do not become links (1.616875ms)
✔ source drafts skip production Wiki conversion before resolving targets (0.534708ms)
✔ development can deliberately preview draft metadata (0.593541ms)
✔ duplicate basename is ambiguous regardless of enumeration order (one/public) (0.773542ms)
✔ duplicate basename is ambiguous regardless of enumeration order (two/public) (0.508709ms)
✔ a hidden exact path cannot fall back to another public basename (0.391084ms)
✔ duplicate article IDs reject the index instead of selecting the first entry (0.218834ms)
✔ invalid or unsupported source target is not a ghost link: ../secret (0.332125ms)
✔ invalid or unsupported source target is not a ghost link: /drafts/secret (0.240375ms)
✔ invalid or unsupported source target is not a ghost link: guide/../../secret (0.222958ms)
✔ invalid or unsupported source target is not a ghost link: guide\source (0.291833ms)
✔ invalid or unsupported source target is not a ghost link: guide//source (0.237958ms)
✔ invalid or unsupported source target is not a ghost link: guide/source.markdown (0.2505ms)
✔ unsafe article ID fails before metadata can render: "../secret" (0.051667ms)
✔ unsafe article ID fails before metadata can render: "/secret" (0.022791ms)
✔ unsafe article ID fails before metadata can render: "a//b" (0.021ms)
✔ unsafe article ID fails before metadata can render: "a\\b" (0.020542ms)
✔ unsafe article ID fails before metadata can render: "a%2fb" (0.018875ms)
✔ unsafe article ID fails before metadata can render: "a?b" (0.020667ms)
✔ unsafe article ID fails before metadata can render: "a#b" (0.028416ms)
✔ unsafe article ID fails before metadata can render: "https:note" (0.024708ms)
✔ unsafe article ID fails before metadata can render: "a\u0000b" (0.023167ms)
✔ unsafe article ID fails before metadata can render: "é" (0.0395ms)
✔ unsafe article ID fails before metadata can render: " padded" (0.02175ms)
✔ unsafe article ID fails before metadata can render: "a/ padded" (0.021042ms)
✔ article identity agrees with installed Astro and literal route: topic-folder/my-note (0.925833ms)
✔ article identity agrees with installed Astro and literal route: section (0.616041ms)
✔ article identity agrees with installed Astro and literal route: 中文/文章 (0.693958ms)
✔ article identity agrees with installed Astro and literal route: custom/index (0.609209ms)
✔ article identity agrees with installed Astro and literal route: custom/article.md (0.587125ms)
✔ article identity agrees with installed Astro and literal route: Case/Space Note (1.015625ms)
✔ source extension aliases resolve while explicit .md article IDs stay literal (0.664667ms)
✔ public/remote card cover uses its correct URL: /assets/cover.webp at / (0.332292ms)
✔ public/remote card cover uses its correct URL: /assets/cover.webp at /Zhenkun-blog-site/ (0.264584ms)
✔ public/remote card cover uses its correct URL: /Zhenkun-blog-site/assets/cover.webp at /Zhenkun-blog-site/ (0.232708ms)
✔ public/remote card cover uses its correct URL: /assets/cover.webp?version=2#preview at /Zhenkun-blog-site/ (0.239167ms)
✔ public/remote card cover uses its correct URL: https://images.example.invalid/cover.webp at /Zhenkun-blog-site/ (0.268875ms)
✔ public/remote card cover uses its correct URL: //images.example.invalid/cover.webp at /Zhenkun-blog-site/ (0.249792ms)
✔ missing relative cover omits the image without failing the reference (0.350417ms)
✔ relative cover outside approved source roots rejects publication (0.39625ms)
✔ API card cover uses injected deterministic URLs and the literal article ID (0.454125ms)
✔ protected public cards expose allowed metadata but never password or target body (0.265167ms)
✔ Wiki syntax inside code and existing Markdown links remains unchanged (1.118792ms)
✔ native MDX compiles public inline references and metadata cards (5.42175ms)
✔ native MDX leaves JSX attributes, JSX children, expressions and ESM untouched (2.99875ms)
✔ native MDX applies production rejection and development diagnostics (2.721792ms)
✔ real scanner admits lowercase Markdown/MDX, skips dotfiles and excluded extensions (8.487083ms)
✔ real scanner rejects visible symlinks without following file or directory targets (0.450083ms)
✔ real scanner rejects a source root that passes through a symlink (0.1475ms)
✔ real scanner fails malformed frontmatter and invalid draft/slug data without disclosure (0.708917ms)
✔ real scanner duplicate .md/.mdx identities fail index construction (0.186542ms)
✔ logical routes always get their base while explicit public-asset deduplication is bounded (0.428875ms)
✔ deployment configuration rejects authority, traversal and control-character bases (0.093458ms)
✔ internal URL input rejects browser authority reinterpretation and path traversal (0.098208ms)
✔ explicit nonstandard slug is safely encoded without changing identity: quote/"double" (1.538917ms)
✔ explicit nonstandard slug is safely encoded without changing identity: quote/'single' (1.408166ms)
✔ explicit nonstandard slug is safely encoded without changing identity: html/<svg onload='run()'>& (0.753916ms)
✔ publication build gate permits only the production environment (0.098917ms)
✔ draft preview and synchronization commands do not trigger the build gate (0.034375ms)
✔ first query survives lazy backend initialization (13.941208ms)
✔ rapid edits debounce to the latest query (25.978333ms)
✔ older search response cannot replace a newer result (18ms)
✔ older result data cannot replace a newer result (17.228417ms)
✔ clearing to "" invalidates an in-flight query (11.67775ms)
✔ clearing to "  \n " invalidates an in-flight query (11.6975ms)
✔ empty query never loads or searches the backend (4.745459ms)
✔ zero results complete without leaving a spinner (4.939791ms)
✔ backend failure clears stale results and permits a retry (16.390125ms)
✔ stale failure cannot clear the newer success (17.512375ms)
✔ cancel before debounce prevents any backend call (21.348375ms)
✔ cancel during initialization cannot resurrect a closed panel (11.610458ms)
✔ dispose before debounce prevents any backend call (21.278667ms)
✔ dispose during initialization cannot resurrect a closed panel (10.487708ms)
✔ a new SPA session is independent of disposed work (17.34975ms)
✔ dispose is idempotent and future edits publish nothing (5.945333ms)
✔ closing and reopening the same query searches again (10.625667ms)
✔ old completion does not stop a newer pending query (21.570625ms)
ℹ tests 151
ℹ suites 0
ℹ pass 151
ℹ fail 0
ℹ cancelled 0
ℹ skipped 0
ℹ todo 0
ℹ duration_ms 353.730542
