✔ disabled dynamic endpoint returns no configured content and performs no work (13.63125ms)
✔ disabled dynamic endpoint succeeds without even loading a failing content source (0.435958ms)
✔ enabled dynamic endpoint preserves real Markdown, image metadata, sorting and JSON schema (47.812833ms)
✔ enabled dynamic endpoint retains a valid empty collection response (0.263459ms)
✔ CI accepts an empty public corpus with a searchable About page (4.602833ms)
✔ CI follows public metadata count when approved articles are added (1.973041ms)
✔ CI rejects Astro-only output without the Pagefind module (2.302125ms)
✔ CI rejects a module without any indexed language (2.564958ms)
✔ CI rejects an empty Pagefind language (2.219541ms)
✔ CI rejects a public post URL that lost the deployment base (2.068333ms)
✔ CI rejects duplicate public IDs (4.082458ms)
✔ / logical routes retain their identity when the base name collides (1.075375ms)
✔ /Zhenkun-blog-site/ logical routes retain their identity when the base name collides (0.124209ms)
✔ /about/ logical routes retain their identity when the base name collides (0.061334ms)
✔ /archive/ logical routes retain their identity when the base name collides (0.056916ms)
✔ / sitemap excludes closed booknav/ (0.104958ms)
✔ / sitemap excludes closed friends/ (0.043583ms)
✔ / sitemap excludes closed sponsor/ (0.034833ms)
✔ / sitemap excludes closed guestbook/ (0.029292ms)
✔ / sitemap excludes closed bangumi/ (0.046875ms)
✔ / sitemap excludes closed vndb/ (0.104084ms)
✔ / sitemap excludes closed myanimelist/ (0.19525ms)
✔ / sitemap excludes closed gallery/ (0.047584ms)
✔ / sitemap excludes closed gallery/album/ (0.043875ms)
✔ / sitemap excludes closed bilibili/ (0.034209ms)
✔ / sitemap excludes closed dynamic/ (0.026625ms)
✔ / sitemap excludes closed dynamic/comments/ (0.024709ms)
✔ / sitemap excludes closed 404/ (0.021083ms)
✔ / sitemap excludes closed 404.html (0.02025ms)
✔ / enabled parent admits its child; unrelated routes survive (0.071167ms)
✔ / comments require both the parent and comment capability (0.03825ms)
✔ / public images accept one existing base prefix (0.047584ms)
✔ / OG uses literal encoded identity under the deployment base (0.345458ms)
✔ / canonical strips filter query and fragment without changing the input (0.081416ms)
✔ / error destination points at the emitted static file (0.057375ms)
✔ /Zhenkun-blog-site/ sitemap excludes closed booknav/ (0.0315ms)
✔ /Zhenkun-blog-site/ sitemap excludes closed friends/ (0.022875ms)
✔ /Zhenkun-blog-site/ sitemap excludes closed sponsor/ (0.020042ms)
✔ /Zhenkun-blog-site/ sitemap excludes closed guestbook/ (0.0255ms)
✔ /Zhenkun-blog-site/ sitemap excludes closed bangumi/ (0.018625ms)
✔ /Zhenkun-blog-site/ sitemap excludes closed vndb/ (0.017709ms)
✔ /Zhenkun-blog-site/ sitemap excludes closed myanimelist/ (0.021583ms)
✔ /Zhenkun-blog-site/ sitemap excludes closed gallery/ (0.019917ms)
✔ /Zhenkun-blog-site/ sitemap excludes closed gallery/album/ (0.018833ms)
✔ /Zhenkun-blog-site/ sitemap excludes closed bilibili/ (0.018125ms)
✔ /Zhenkun-blog-site/ sitemap excludes closed dynamic/ (0.0215ms)
✔ /Zhenkun-blog-site/ sitemap excludes closed dynamic/comments/ (0.018625ms)
✔ /Zhenkun-blog-site/ sitemap excludes closed 404/ (0.020458ms)
✔ /Zhenkun-blog-site/ sitemap excludes closed 404.html (0.017334ms)
✔ /Zhenkun-blog-site/ enabled parent admits its child; unrelated routes survive (0.035458ms)
✔ /Zhenkun-blog-site/ comments require both the parent and comment capability (0.021291ms)
✔ /Zhenkun-blog-site/ public images accept one existing base prefix (0.031958ms)
✔ /Zhenkun-blog-site/ OG uses literal encoded identity under the deployment base (0.052833ms)
✔ /Zhenkun-blog-site/ canonical strips filter query and fragment without changing the input (0.032458ms)
✔ /Zhenkun-blog-site/ error destination points at the emitted static file (0.019875ms)
✔ base stripping is segment aware and strips only once (0.05875ms)
✔ public asset traversal and unsafe bases fail (0.0565ms)
✔ repeated SPA script execution installs only one set of document delegates (2.039375ms)
✔ one accordion click makes exactly one transition after repeated SPA visits (0.400333ms)
✔ root: inline and standalone links use the same public route (7.668042ms)
✔ root: aliases, Obsidian automatic aliases and multiple references (2.29725ms)
✔ root: compatible heading links retain anchors and avoid cards (5.4985ms)
✔ root: production rejects draft target by slug without metadata disclosure (0.806ms)
✔ root: production rejects draft target by path without metadata disclosure (0.391ms)
✔ root: production rejects draft target by basename without metadata disclosure (0.349458ms)
✔ root: production rejects missing targets and development leaves actionable text (0.839458ms)
✔ root: unsupported embeds and block references do not become links (1.49075ms)
✔ subpath: inline and standalone links use the same public route (0.640834ms)
✔ subpath: aliases, Obsidian automatic aliases and multiple references (1.428916ms)
✔ subpath: compatible heading links retain anchors and avoid cards (0.8985ms)
✔ subpath: production rejects draft target by slug without metadata disclosure (0.321292ms)
✔ subpath: production rejects draft target by path without metadata disclosure (0.279916ms)
✔ subpath: production rejects draft target by basename without metadata disclosure (0.2535ms)
✔ subpath: production rejects missing targets and development leaves actionable text (0.567875ms)
✔ subpath: unsupported embeds and block references do not become links (3.5235ms)
✔ source drafts skip production Wiki conversion before resolving targets (0.936167ms)
✔ development can deliberately preview draft metadata (1.10325ms)
✔ duplicate basename is ambiguous regardless of enumeration order (one/public) (1.608417ms)
✔ duplicate basename is ambiguous regardless of enumeration order (two/public) (1.178875ms)
✔ a hidden exact path cannot fall back to another public basename (0.507833ms)
✔ duplicate article IDs reject the index instead of selecting the first entry (0.246959ms)
✔ invalid or unsupported source target is not a ghost link: ../secret (0.354ms)
✔ invalid or unsupported source target is not a ghost link: /drafts/secret (0.274041ms)
✔ invalid or unsupported source target is not a ghost link: guide/../../secret (0.253ms)
✔ invalid or unsupported source target is not a ghost link: guide\source (0.340958ms)
✔ invalid or unsupported source target is not a ghost link: guide//source (0.247542ms)
✔ invalid or unsupported source target is not a ghost link: guide/source.markdown (0.253083ms)
✔ unsafe article ID fails before metadata can render: "../secret" (0.066791ms)
✔ unsafe article ID fails before metadata can render: "/secret" (0.028459ms)
✔ unsafe article ID fails before metadata can render: "a//b" (0.026917ms)
✔ unsafe article ID fails before metadata can render: "a\\b" (0.023958ms)
✔ unsafe article ID fails before metadata can render: "a%2fb" (0.022542ms)
✔ unsafe article ID fails before metadata can render: "a?b" (0.022125ms)
✔ unsafe article ID fails before metadata can render: "a#b" (0.032416ms)
✔ unsafe article ID fails before metadata can render: "https:note" (0.025708ms)
✔ unsafe article ID fails before metadata can render: "a\u0000b" (0.024167ms)
✔ unsafe article ID fails before metadata can render: "é" (0.031ms)
✔ unsafe article ID fails before metadata can render: " padded" (0.025083ms)
✔ unsafe article ID fails before metadata can render: "a/ padded" (0.024375ms)
✔ article identity agrees with installed Astro and literal route: topic-folder/my-note (0.9705ms)
✔ article identity agrees with installed Astro and literal route: section (0.695959ms)
✔ article identity agrees with installed Astro and literal route: 中文/文章 (0.800917ms)
✔ article identity agrees with installed Astro and literal route: custom/index (0.682583ms)
✔ article identity agrees with installed Astro and literal route: custom/article.md (2.533959ms)
✔ article identity agrees with installed Astro and literal route: Case/Space Note (1.823ms)
✔ source extension aliases resolve while explicit .md article IDs stay literal (0.813416ms)
✔ public/remote card cover uses its correct URL: /assets/cover.webp at / (0.38075ms)
✔ public/remote card cover uses its correct URL: /assets/cover.webp at /Zhenkun-blog-site/ (0.267041ms)
✔ public/remote card cover uses its correct URL: /Zhenkun-blog-site/assets/cover.webp at /Zhenkun-blog-site/ (0.270375ms)
✔ public/remote card cover uses its correct URL: /assets/cover.webp?version=2#preview at /Zhenkun-blog-site/ (0.231417ms)
✔ public/remote card cover uses its correct URL: https://images.example.invalid/cover.webp at /Zhenkun-blog-site/ (0.279459ms)
✔ public/remote card cover uses its correct URL: //images.example.invalid/cover.webp at /Zhenkun-blog-site/ (0.243417ms)
✔ missing relative cover omits the image without failing the reference (0.545541ms)
✔ relative cover outside approved source roots rejects publication (0.614625ms)
✔ API card cover uses injected deterministic URLs and the literal article ID (0.491625ms)
✔ protected public cards expose allowed metadata but never password or target body (0.294875ms)
✔ Wiki syntax inside code and existing Markdown links remains unchanged (1.431666ms)
✔ native MDX compiles public inline references and metadata cards (5.466958ms)
✔ native MDX leaves JSX attributes, JSX children, expressions and ESM untouched (3.178709ms)
✔ native MDX applies production rejection and development diagnostics (2.87375ms)
✔ real scanner admits lowercase Markdown/MDX, skips dotfiles and excluded extensions (8.66275ms)
✔ real scanner rejects visible symlinks without following file or directory targets (0.387834ms)
✔ real scanner rejects a source root that passes through a symlink (0.117833ms)
✔ real scanner fails malformed frontmatter and invalid draft/slug data without disclosure (0.78325ms)
✔ real scanner duplicate .md/.mdx identities fail index construction (0.217125ms)
✔ logical routes always get their base while explicit public-asset deduplication is bounded (0.47625ms)
✔ deployment configuration rejects authority, traversal and control-character bases (0.115042ms)
✔ internal URL input rejects browser authority reinterpretation and path traversal (0.104416ms)
✔ explicit nonstandard slug is safely encoded without changing identity: quote/"double" (2.235667ms)
✔ explicit nonstandard slug is safely encoded without changing identity: quote/'single' (1.0315ms)
✔ explicit nonstandard slug is safely encoded without changing identity: html/<svg onload='run()'>& (0.741167ms)
✔ publication build gate permits only the production environment (0.097625ms)
✔ draft preview and synchronization commands do not trigger the build gate (0.054ms)
✔ actual Iconify parent resolves the already accepted SVGO 4.1.0 (76.785833ms)
✔ actual Iconify optimization preserves viewBox, paint refs and repeat stability (13.824833ms)
✔ actual Iconify parser rejects a small non-SVG input (0.223417ms)
✔ Stylus/glob10: actual minimatch loads its original-major brace patch (0.397125ms)
✔ Stylus/glob10: ESM/CJS expand bounded nested/number ranges and match files (3.051084ms)
✔ Stylus/glob10: actual glob discovery returns the exact owned input set (2.033458ms)
✔ root/glob13: actual minimatch loads its original-major brace patch (0.282208ms)
✔ root/glob13: ESM/CJS expand bounded nested/number ranges and match files (3.303542ms)
✔ root/glob13: actual glob discovery returns the exact owned input set (2.156166ms)
✔ R1a exact real-parent versions and unaffected YAML4 (2.092917ms)
✔ devalue stringify/parse preserves supported rich data, identity and cycles (4.30975ms)
✔ devalue uneval escapes harmless HTML data and reconstructs its value (3.755875ms)
✔ devalue serializes only the visible bytes of a bounded owned Buffer view (1.398084ms)
✔ actual Astro store serialization and chunk parser round-trip Unicode/date data (3.9945ms)
✔ actual Svelte server payload and client hydratable data handoff (17.030833ms)
✔ actual gray-matter frontmatter preserves dates, Unicode tags and aliases (2.654333ms)
✔ actual YAML/Ajv parent resolves the approved fast-uri patch (3.31525ms)
✔ URI normalization preserves encoded path/query and valid IDN/IPv6 (5.2555ms)
✔ relative schema URI paths, queries and fragments resolve independently (0.164375ms)
✔ actual Ajv resolves external/local schema refs and reports missing refs (12.445041ms)
✔ actual Ajv async schema loading uses normalized owned fixture URIs (9.467625ms)
✔ actual YAML service validates Unicode values and relative external schema refs (8.424167ms)
✔ first query survives lazy backend initialization (13.2695ms)
✔ rapid edits debounce to the latest query (26.079ms)
✔ older search response cannot replace a newer result (18.199167ms)
✔ older result data cannot replace a newer result (17.114625ms)
✔ clearing to "" invalidates an in-flight query (11.899ms)
✔ clearing to "  \n " invalidates an in-flight query (11.513834ms)
✔ empty query never loads or searches the backend (6.198166ms)
✔ zero results complete without leaving a spinner (6.466583ms)
✔ backend failure clears stale results and permits a retry (15.865459ms)
✔ stale failure cannot clear the newer success (16.474875ms)
✔ cancel before debounce prevents any backend call (21.592958ms)
✔ cancel during initialization cannot resurrect a closed panel (10.712666ms)
✔ dispose before debounce prevents any backend call (20.677125ms)
✔ dispose during initialization cannot resurrect a closed panel (11.842167ms)
✔ a new SPA session is independent of disposed work (22.040375ms)
✔ dispose is idempotent and future edits publish nothing (6.413958ms)
✔ closing and reopening the same query searches again (11.760833ms)
✔ old completion does not stop a newer pending query (20.188625ms)
✔ ESM: @swup/parallel-plugin resolves exact cross-major base and requirements (17.504666ms)
✔ ESM: @swup/route-name-plugin resolves exact cross-major base and requirements (1.447167ms)
✔ ESM: actual Swup hooks mount/unmount twice, route naming and classes (1.893ms)
✔ ESM: parallel visit marking, insertion, restoration, cleanup and disabled visit (2.210375ms)
✔ CJS: @swup/parallel-plugin resolves exact cross-major base and requirements (4.071417ms)
✔ CJS: @swup/route-name-plugin resolves exact cross-major base and requirements (1.033375ms)
✔ CJS: actual Swup hooks mount/unmount twice, route naming and classes (2.730708ms)
✔ CJS: parallel visit marking, insertion, restoration, cleanup and disabled visit (0.817292ms)
✔ createUnifont none: observable dispatcher and real local font chain (198.195667ms)
ℹ {"mode":"none","selected":"Agent","fontBytes":52928,"fontSha256":"8ce032f679bca53a32a4b6127d51d6be4a769bce4a83896560f025df68584fa1","customCalls":0,"downloadVerified":true,"missingCssEmpty":true,"missingFont404":true,"aborted":true,"activeDownloadAborted":true,"proxyRequests":0,"originRequests":6}
✔ createUnifont proxy: observable dispatcher and real local font chain (124.206125ms)
ℹ {"mode":"proxy","selected":"EnvHttpProxyAgent","fontBytes":52928,"fontSha256":"8ce032f679bca53a32a4b6127d51d6be4a769bce4a83896560f025df68584fa1","customCalls":0,"downloadVerified":true,"missingCssEmpty":true,"missingFont404":true,"aborted":true,"activeDownloadAborted":true,"proxyRequests":6,"originRequests":6}
✔ createUnifont no_proxy: observable dispatcher and real local font chain (110.031ms)
ℹ {"mode":"no_proxy","selected":"EnvHttpProxyAgent","fontBytes":52928,"fontSha256":"8ce032f679bca53a32a4b6127d51d6be4a769bce4a83896560f025df68584fa1","customCalls":0,"downloadVerified":true,"missingCssEmpty":true,"missingFont404":true,"aborted":true,"activeDownloadAborted":true,"proxyRequests":0,"originRequests":6}
✔ createUnifont custom: observable dispatcher and real local font chain (108.427167ms)
ℹ {"mode":"custom","selected":"OwnedDispatcher","fontBytes":52928,"fontSha256":"8ce032f679bca53a32a4b6127d51d6be4a769bce4a83896560f025df68584fa1","customCalls":6,"downloadVerified":true,"missingCssEmpty":true,"missingFont404":true,"aborted":true,"activeDownloadAborted":true,"proxyRequests":0,"originRequests":6}
✔ createUnifont retry: observable dispatcher and real local font chain (1121.872625ms)
ℹ {"mode":"retry","selected":"Agent","fontBytes":52928,"fontSha256":"8ce032f679bca53a32a4b6127d51d6be4a769bce4a83896560f025df68584fa1","customCalls":0,"downloadVerified":true,"missingCssEmpty":true,"missingFont404":true,"aborted":true,"activeDownloadAborted":true,"proxyRequests":0,"originRequests":6}
ℹ tests 186
ℹ suites 0
ℹ pass 186
ℹ fail 0
ℹ cancelled 0
ℹ skipped 0
ℹ todo 0
ℹ duration_ms 1924.958042
